  401500      CB5 Code                ABBREAK_TEXT
  4021B8     6A0A Code                ABBROWSE_TEXT
  408BC4     16D7 Code                ABEIP_TEXT
  40A29C     3ACB Code                ABERROR_TEXT
  40DD68     961C Code                ABFILE_TEXT
  417384      28E Code                ABFUZZY_TEXT
  417614     2A00 Code                ABPOPUP_TEXT
  41A014     2E2E Code                ABQUERY_TEXT
  41CE44     5FE6 Code                ABREPORT_TEXT
  422E2C     24A2 Code                ABRESIZE_TEXT
  4252D0       94 Code                ABRPATMG_TEXT
  425364     128C Code                ABRPPSEL_TEXT
  4265F0      263 Code                ABTOOLBA_TEXT
  426854     36E1 Code                ABUTIL_TEXT
  429F38     2879 Code                ABWINDOW_TEXT
  42C7B4     5E40 Code                ABWMFPAR_TEXT
  4325F4      16B Code                CWSYNCHC_TEXT
  432760     51E7 Code                EMPLOYEEAPP001_TEXT
  437948     4F85 Code                EMPLOYEEAPP002_TEXT
  43C8D0     50E5 Code                EMPLOYEEAPP003_TEXT
  4419B8     4F8C Code                EMPLOYEEAPP004_TEXT
  446944     22BD Code                EMPLOYEEAPP005_TEXT
  448C04     28B9 Code                EMPLOYEEAPP_BC0_TEXT
  44B4C0       3C Code                EMPLOYEEAPP_BC_TEXT
  44B4FC      104 Code                EMPLOYEEAPP_TEXT
  44B600       23 Code                IEXE32_TEXT
  44B624      D93 Code                INIT_TEXT
  44C3B8       37 Code                INST00_TEXT
  44C3F0    1CAD0 Code                STRINGTHEORY_TEXT
  469000     1290 Initialized Data    $DEFAULTERRORS_DATA
  46A290       6F Initialized Data    ABBREAK_CONST
  46A300      143 Initialized Data    ABBROWSE_CONST
  46A444      CD4 Initialized Data    ABBROWSE_DATA
  46B118       4A Initialized Data    ABEIP_CONST
  46B164       B4 Initialized Data    ABEIP_DATA
  46B218      2A7 Initialized Data    ABERROR_CONST
  46B4C0      AA8 Initialized Data    ABERROR_DATA
  46BF68      701 Initialized Data    ABFILE_CONST
  46C66C      410 Initialized Data    ABFILE_DATA
  46CA7C        5 Initialized Data    ABFUZZY_CONST
  46CA84       B4 Initialized Data    ABFUZZY_DATA
  46CB38      142 Initialized Data    ABPOPUP_CONST
  46CC7C      128 Initialized Data    ABPOPUP_DATA
  46CDA4       E2 Initialized Data    ABQUERY_CONST
  46CE88       87 Initialized Data    ABQUERY_DATA
  46CF10      13A Initialized Data    ABREPORT_CONST
  46D04C      948 Initialized Data    ABREPORT_DATA
  46D994       B8 Initialized Data    ABRESIZE_CONST
  46DA4C      23F Initialized Data    ABRESIZE_DATA
  46DC8C        8 Initialized Data    ABRPATMG_CONST
  46DC94       44 Initialized Data    ABRPATMG_DATA
  46DCD8      19B Initialized Data    ABRPPSEL_CONST
  46DE74      11D Initialized Data    ABRPPSEL_DATA
  46DF94        D Initialized Data    ABTOOLBA_CONST
  46DFA4       4C Initialized Data    ABTOOLBA_DATA
  46DFF0       CD Initialized Data    ABUTIL_CONST
  46E0C0      261 Initialized Data    ABUTIL_DATA
  46E324       14 Initialized Data    ABWINDOW_CONST
  46E338       9B Initialized Data    ABWINDOW_DATA
  46E3D4      12D Initialized Data    ABWMFPAR_CONST
  46E504      E61 Initialized Data    ABWMFPAR_DATA
  46F368       48 Initialized Data    CWSYNCHC_DATA
  46F3B0        E Initialized Data    CWUTIL_CONST
  46F3C0       36 Initialized Data    CWUTIL_DATA
  46F3F8      244 Initialized Data    EMPLOYEEAPP001_CONST
  46F63C     4180 Initialized Data    EMPLOYEEAPP001_DATA
  4737BC      1FC Initialized Data    EMPLOYEEAPP002_CONST
  4739B8     479C Initialized Data    EMPLOYEEAPP002_DATA
  478154      249 Initialized Data    EMPLOYEEAPP003_CONST
  4783A0     475C Initialized Data    EMPLOYEEAPP003_DATA
  47CAFC      1AA Initialized Data    EMPLOYEEAPP004_CONST
  47CCA8     3018 Initialized Data    EMPLOYEEAPP004_DATA
  47FCC0       AA Initialized Data    EMPLOYEEAPP005_CONST
  47FD6C     1A1C Initialized Data    EMPLOYEEAPP005_DATA
  481788      1F7 Initialized Data    EMPLOYEEAPP_BC0_CONST
  481980     1F00 Initialized Data    EMPLOYEEAPP_BC0_DATA
  483880      1D5 Initialized Data    EMPLOYEEAPP_CONST
  483A58      360 Initialized Data    EMPLOYEEAPP_DATA
  483DB8       44 Initialized Data    IEXE32_DATA
  483DFC     1499 Initialized Data    STRINGTHEORY_CONST
  485298      624 Initialized Data    STRINGTHEORY_DATA
  4858BC       FB Initialized Data    XMLGENERATOR_DATA
  4859B8        0 Initialized Data    __CPPINI_CONS
  4859B8      32C Initialized Data    __CPPINI_CONST
  485CE4        4 Initialized Data    __CPPINI_END
  485CE8        0 Initialized Data    __INIVMT_CONS
  485CE8      480 Initialized Data    __INIVMT_CONST
  486168        0 Initialized Data    __INIVMT_CONST_END
  486170     1623 Un-initialized Data $FUZZYMATCHER_BSS
  487794       40 Un-initialized Data ABEIP_BSS
  4877D4      404 Un-initialized Data ABERROR_BSS
  487BD8       10 Un-initialized Data ABFILE_BSS
  487BE8        4 Un-initialized Data ABFUZZY_BSS
  487BEC      104 Un-initialized Data ABUTIL_BSS
  487CF0        0 Un-initialized Data ABWMFPAR_BSS
  487CF0        0 Un-initialized Data CWUTIL_BSS
  487CF0      14C Un-initialized Data EMPLOYEEAPP_BSS
  487E3C       28 Un-initialized Data STRINGTHEORY_BSS
  487E64        4 Un-initialized Data XMLGENERATOR_BSS
  488000        8 __T_L_S__DAT
  488008      DA0 __T_L_S__DATA
  488DA8        0 __T_L_S__DATA_END
  488DB0        0 __T_L_S__BS
  488DB0    13D8C __T_L_S__BSS
  49CB3C        0 __T_L_S__BSS_END

  401500 EVALUATELEVEL@F17LEVELMANAGERCLASSs
  4015CC RESTORERESETBUFFER@F17LEVELMANAGERCLASSs
  401684 SAVERESETBUFFER@F17LEVELMANAGERCLASSs
  401764 RESTOREBUFFEROFF@F17LEVELMANAGERCLASS
  4017F4 RESTOREBUFFERON@F17LEVELMANAGERCLASS
  40189C SAVEBUFFER@F17LEVELMANAGERCLASS
  401928 REFRESHFIELDS@F17LEVELMANAGERCLASSs
  401AA4 RESETTOTALS@F17LEVELMANAGERCLASSs
  401BC8 ASKLEVELOFF@F17LEVELMANAGERCLASSs
  401CE8 ASKLEVELON@F17LEVELMANAGERCLASSs
  401D94 ASKLEVEL@F17LEVELMANAGERCLASSUc
  401EB0 RESET@F17LEVELMANAGERCLASS
  4020A0 ASKBREAK@F17BREAKMANAGERCLASSUc
  402130 RESET@F17BREAKMANAGERCLASS
  402924 KILL_@_WINDOWCOMPONENT_@_BROWSECLASS@F15WINDOWCOMPONENT
  402954 RESET_@_WINDOWCOMPONENT_@_BROWSECLASS@F15WINDOWCOMPONENTUc
  402990 RESETREQUIRED_@_WINDOWCOMPONENT_@_BROWSECLASS@F15WINDOWCOMPONENT
  4029C0 SETALERTS_@_WINDOWCOMPONENT_@_BROWSECLASS@F15WINDOWCOMPONENT
  4029F4 TAKEEVENT_@_WINDOWCOMPONENT_@_BROWSECLASS@F15WINDOWCOMPONENT
  402A28 UPDATE_@_WINDOWCOMPONENT_@_BROWSECLASS@F15WINDOWCOMPONENT
  402A5C UPDATEWINDOW_@_WINDOWCOMPONENT_@_BROWSECLASS@F15WINDOWCOMPONENT
  402A90 DOSHOWWAITCURSOR@F11BROWSECLASSUc
  402AEC SHOWWAITCURSOR@F11BROWSECLASSUc
  402B30 SETUSEWAITCURSOR@F11BROWSECLASSUc
  402B64 UPDATEWINDOW@F11BROWSECLASS
  402DC0 UPDATEVIEWRECORD@F11BROWSECLASS
  402EFC UPDATETHUMBFIXED@F11BROWSECLASS
  403104 UPDATETHUMB@F11BROWSECLASS
  4033FC UPDATERESETS@F11BROWSECLASS
  40342C UPDATEBUFFER@F11BROWSECLASS
  403494 TAKEVCRSCROLL@F11BROWSECLASSl
  40359C TAKESCROLL@F11BROWSECLASSl
  403648 TAKENEWSELECTION@F11BROWSECLASS
  403710 TAKELOCATE@F11BROWSECLASS
  403798 TAKEKEY@F11BROWSECLASS
  403A3C TAKEEVENT@F11BROWSECLASS
  404290 TAKECHOICECHANGED@F11BROWSECLASS
  404318 TAKEACCEPTEDLOCATOR@F11BROWSECLASS
  404434 GETUSEMRP@F11BROWSECLASS
  404458 SETUSEMRP@F11BROWSECLASSUc
  404488 SETUSEPOPUP@F11BROWSECLASSUc
  4044B8 SETSORT@F11BROWSECLASSUcUc
  404648 SETQUEUERECORD@F11BROWSECLASS
  404690 SETALERTS@F11BROWSECLASS
  404C84 SCROLLPAGE@F11BROWSECLASSl
  404E00 SCROLLONE@F11BROWSECLASSl
  404EA0 SCROLLEND@F11BROWSECLASSl
  404F50 SAVESORT@F11BROWSECLASS
  405098 RESETTHUMBLIMITS@F11BROWSECLASS
  405208 RESETSORT@F11BROWSECLASSUc
  405254 RESETRESETS@F11BROWSECLASS
  405284 RESETQUEUE@F11BROWSECLASSUc
  405840 RESETFROMVIEW@F11BROWSECLASS
  40588C RESETFROMFILE@F11BROWSECLASS
  4058D4 RESETFROMBUFFER@F11BROWSECLASS
  40595C RESETFROMASK@F11BROWSECLASSRUcRUc
  405BB4 REPLACESORT@F11BROWSECLASSsb12LOCATORCLASS9STEPCLASS
  405CC8 RECORDS@F11BROWSECLASS
  405D64 PREVIOUS@F11BROWSECLASS
  405DCC POSTNEWSELECTION@F11BROWSECLASS
  405E58 NOTIFYUPDATEERROR@F11BROWSECLASS
  405E98 NEXT@F11BROWSECLASS
  405F00 KILL@F11BROWSECLASS
  406220 INITSORT@F11BROWSECLASSUc
  406298 INIT@F11BROWSECLASS12ILISTCONTROLBi11BROWSEQUEUE15RELATIONMANAGER13WINDOWMANAGER
  406420 INIT@F11BROWSECLASSlRsbBiBq15RELATIONMANAGER13WINDOWMANAGER
  4064B8 FETCH@F11BROWSECLASSUc
  4067F8 CHECKEIP@F11BROWSECLASS
  406920 ASKRECORD@F11BROWSECLASSUc
  40695C ASK@F11BROWSECLASSUc
  406A40 APPLYRANGE@F11BROWSECLASS
  406AEC ADDSORTORDER@F11BROWSECLASS9STEPCLASSBk
  406BB0 ADDLOCATOR@F11BROWSECLASS12LOCATORCLASS
  406BF8 ADDFIELD@F11BROWSECLASSRsbRsb
  406C84 ADDFIELD@F11BROWSECLASSRlRl
  406D04 ADDFIELD@F11BROWSECLASSRuRu
  406D74 RECORDS_@_BROWSEQUEUE_@_STANDARDBEHAVIOR@F11BROWSEQUEUE
  406D9C INSERT_@_BROWSEQUEUE_@_STANDARDBEHAVIOR@F11BROWSEQUEUE
  406DC8 INSERT_@_BROWSEQUEUE_@_STANDARDBEHAVIOR@F11BROWSEQUEUEl
  406DFC FETCH_@_BROWSEQUEUE_@_STANDARDBEHAVIOR@F11BROWSEQUEUEl
  406E30 UPDATE_@_BROWSEQUEUE_@_STANDARDBEHAVIOR@F11BROWSEQUEUE
  406E5C DELETE_@_BROWSEQUEUE_@_STANDARDBEHAVIOR@F11BROWSEQUEUE
  406E84 FREE_@_BROWSEQUEUE_@_STANDARDBEHAVIOR@F11BROWSEQUEUE
  406EAC WHO_@_BROWSEQUEUE_@_STANDARDBEHAVIOR@F11BROWSEQUEUEl
  406EE8 GETVIEWPOSITION_@_BROWSEQUEUE_@_STANDARDBEHAVIOR@F11BROWSEQUEUE
  406F20 SETVIEWPOSITION_@_BROWSEQUEUE_@_STANDARDBEHAVIOR@F11BROWSEQUEUEsb
  406F70 CHOICE_@_ILISTCONTROL_@_STANDARDBEHAVIOR@F12ILISTCONTROL
  406F98 GETCONTROL_@_ILISTCONTROL_@_STANDARDBEHAVIOR@F12ILISTCONTROL
  406FBC GETITEMS_@_ILISTCONTROL_@_STANDARDBEHAVIOR@F12ILISTCONTROL
  40700C GETVISIBLE_@_ILISTCONTROL_@_STANDARDBEHAVIOR@F12ILISTCONTROL
  40705C SETCHOICE_@_ILISTCONTROL_@_STANDARDBEHAVIOR@F12ILISTCONTROLl
  4070C8 SETCONTROL_@_ILISTCONTROL_@_STANDARDBEHAVIOR@F12ILISTCONTROLl
  4070F8 GETSELECTEDITEM_@_ILISTCONTROL_@_STANDARDBEHAVIOR@F12ILISTCONTROL
  407174 INIT@F16STANDARDBEHAVIORBqRsbl
  4071D4 TAKENEWSELECTION@F16BROWSEEIPMANAGER
  40729C TAKECOMPLETED@F16BROWSEEIPMANAGERUc
  407504 KILL@F16BROWSEEIPMANAGER
  40755C INIT@F16BROWSEEIPMANAGER
  407A3C CLEARCOLUMN@F16BROWSEEIPMANAGER
  407AB8 TAKEKEY@F16STEPLOCATORCLASS
  407D20 SET@F16STEPLOCATORCLASS
  407D40 INIT@F16STEPLOCATORCLASSlRuUc
  407DC4 UPDATEWINDOW@F12LOCATORCLASS
  407DF0 TAKEACCEPTED@F12LOCATORCLASS
  407E10 SETSHADOW@F12LOCATORCLASSsb
  407E40 SETENABLED@F12LOCATORCLASSUc
  407EAC SETALERTS@F12LOCATORCLASSl
  407ED4 SETLOCATORFIELD@F12LOCATORCLASSRu
  407F50 RESET@F12LOCATORCLASS
  407F70 INIT@F12LOCATORCLASSlRuUc11BROWSECLASS
  407FE0 INIT@F12LOCATORCLASSlRuUc
  408038 GETSHADOW@F12LOCATORCLASS
  408070 DESTRUCT@F12LOCATORCLASS
  4080A0 UNHASH@F15STEPSTRINGCLASSl
  408180 SETLIMITNEEDED@F15STEPSTRINGCLASS
  4081B4 SETLIMIT@F15STEPSTRINGCLASSuu
  40857C KILL@F15STEPSTRINGCLASS
  4085D0 INIT@F15STEPSTRINGCLASSUcUc
  408834 HASH@F15STEPSTRINGCLASSsb
  408930 GETVALUE@F15STEPSTRINGCLASSUc
  4089D8 GETPERCENTILE@F15STEPSTRINGCLASSu
  408B94 INIT@F9STEPCLASSUc
  408BC4 TAKENEWSELECTION@F10EIPMANAGER
  408C58 TAKEFOCUSLOSS@F10EIPMANAGER
  408CE0 TAKEFIELDEVENT@F10EIPMANAGER
  408E74 TAKEEVENT@F10EIPMANAGER
  408F20 TAKECOMPLETED@F10EIPMANAGERUc
  408F8C TAKEACTION@F10EIPMANAGERl
  409318 TAKEACCEPTALL@F10EIPMANAGER
  4094B0 RUN@F10EIPMANAGERUc
  409580 RESETCOLUMN@F10EIPMANAGER
  409688 GETEDIT@F10EIPMANAGER
  409704 NEXT@F10EIPMANAGER
  409868 KILL@F10EIPMANAGER
  409A40 INITCONTROLS@F10EIPMANAGER
  409CB8 INIT@F10EIPMANAGER
  409D70 CLEARCOLUMN@F10EIPMANAGER
  409DDC ADDCONTROL@F10EIPMANAGER9EDITCLASSlUc
  409E90 CREATECONTROL@F14EDITENTRYCLASS
  409ED4 RESETCONTROL@F9EDITCLASS
  409EF4 GETFEQ@F9EDITCLASS
  409F18 TAKEEVENT@F9EDITCLASSl
  409F84 TAKEACCEPTED@F9EDITCLASSUc
  409FBC SETREADONLY@F9EDITCLASSUc
  40A030 SETALERTS@F9EDITCLASS
  40A15C KILL@F9EDITCLASS
  40A1B0 INIT@F9EDITCLASSllRu
  40A3D4 KILL_@_WINDOWCOMPONENT_@_HISTHANDLERCLASS@F15WINDOWCOMPONENT
  40A3F4 RESET_@_WINDOWCOMPONENT_@_HISTHANDLERCLASS@F15WINDOWCOMPONENTUc
  40A41C RESETREQUIRED_@_WINDOWCOMPONENT_@_HISTHANDLERCLASS@F15WINDOWCOMPONENT
  40A43C SETALERTS_@_WINDOWCOMPONENT_@_HISTHANDLERCLASS@F15WINDOWCOMPONENT
  40A45C TAKEEVENT_@_WINDOWCOMPONENT_@_HISTHANDLERCLASS@F15WINDOWCOMPONENT
  40A488 UPDATE_@_WINDOWCOMPONENT_@_HISTHANDLERCLASS@F15WINDOWCOMPONENT
  40A4A8 UPDATEWINDOW_@_WINDOWCOMPONENT_@_HISTHANDLERCLASS@F15WINDOWCOMPONENT
  40A4D8 VLBPROC@F16HISTHANDLERCLASSls
  40A5E4 TAKEEVENT@F16HISTHANDLERCLASS
  40A6D4 INIT@F16HISTHANDLERCLASSBw10ERRORCLASS16ERRORHISTORYLIST
  40A71C _VLBPROC@F16HISTHANDLERCLASSls
  40A768 TAKEACCEPTED@F11MSGBOXCLASS
  40A7C8 SETUPADDITIONALFEQS@F11MSGBOXCLASS
  40A870 KILL@F11MSGBOXCLASS
  40A8D8 INIT@F11MSGBOXCLASS
  40ABE8 INIT@F11MSGBOXCLASSBw10ERRORCLASSOsbllll
  40ACB8 FETCHSTDBUTTON@F11MSGBOXCLASSs
  40AD30 GETALLSTATUSVARIABLES@F10ERRORCLASS16ERRORSTATUSGROUP
  40ADB8 GETERRORBUFFERFATALITY@F10ERRORCLASS
  40AE34 GETERRORBUFFERTITLE@F10ERRORCLASS
  40AEB8 GETERRORBUFFERID@F10ERRORCLASS
  40AF28 SETMESSAGETEXT@F10ERRORCLASSsb
  40AFBC SETKEYNAME@F10ERRORCLASSsb
  40B050 SETFIELDNAME@F10ERRORCLASSsb
  40B0E4 SETFILENAME@F10ERRORCLASSsb
  40B178 STOREERRORENTRY@F10ERRORCLASSUs
  40B318 GETHISTORYRESETONVIEW@F10ERRORCLASS
  40B37C SETHISTORYRESETONVIEW@F10ERRORCLASSUc
  40B3E8 GETHISTORYVIEWLEVEL@F10ERRORCLASS
  40B44C SETHISTORYVIEWLEVEL@F10ERRORCLASSl
  40B4B8 GETHISTORYTHRESHOLD@F10ERRORCLASS
  40B51C SETHISTORYTHRESHOLD@F10ERRORCLASSl
  40B588 GETLOGERRORS@F10ERRORCLASS
  40B5EC GETSILENT@F10ERRORCLASS
  40B650 SETDEFAULTCATEGORY@F10ERRORCLASSsa
  40B6BC GETDEFAULTCATEGORY@F10ERRORCLASS
  40B720 VIEWHISTORY@F10ERRORCLASS
  40B794 THROWMESSAGE@F10ERRORCLASSssb
  40B7F8 THROW@F10ERRORCLASSs
  40B834 TAKEUSER@F10ERRORCLASS
  40B8B4 TAKEPROGRAM@F10ERRORCLASS
  40B8E0 TAKEOTHER@F10ERRORCLASS
  40B90C TAKENOTIFY@F10ERRORCLASS
  40B97C TAKEFATAL@F10ERRORCLASS
  40BA1C TAKEERROR@F10ERRORCLASSs
  40BC24 TAKEBENIGN@F10ERRORCLASS
  40BC44 SUBSSTRING@F10ERRORCLASS
  40C078 SETPROCEDURENAME@F10ERRORCLASSOsb
  40C170 GETERRORENTRY@F10ERRORCLASSUs15ERRORENTRYGROUPl
  40C230 GETERRORENTRY@F10ERRORCLASSUs15ERRORENTRYGROUP
  40C2A8 SETID@F10ERRORCLASSUsl
  40C33C SETID@F10ERRORCLASSUs
  40C3B0 SETKEY@F10ERRORCLASSsb
  40C3FC SETFILE@F10ERRORCLASSsb
  40C448 SETFIELD@F10ERRORCLASSsb
  40C494 SETERRORS@F10ERRORCLASS
  40C56C SETERRORLOG@F10ERRORCLASS17ERRORLOGINTERFACE
  40C664 SETCATEGORY@F10ERRORCLASSssa
  40C710 RESETHISTORY@F10ERRORCLASS
  40C78C REMOVEERROR@F10ERRORCLASSUs
  40C844 MESSAGEBOX@F10ERRORCLASSUcsbOsbOsblll
  40C8E8 MSG@F10ERRORCLASSsbOsbOsblll
  40CCD4 MESSAGE@F10ERRORCLASSsll
  40CD7C KILL@F10ERRORCLASS
  40CE5C INIT@F10ERRORCLASS16ERRORSTATUSCLASS
  40CED8 INIT@F10ERRORCLASS
  40D008 HISTORYMSG@F10ERRORCLASSsblll
  40D1DC GETPROCEDURENAME@F10ERRORCLASS
  40D330 GETCATEGORY@F10ERRORCLASSs
  40D3FC ADDHISTORY@F10ERRORCLASS
  40D4A8 ADDERRORS@F10ERRORCLASS10ERRORBLOCK
  40D710 ADDERROR@F10ERRORCLASSUsRsbRsbUcsa
  40D848 DESTRUCT@F10ERRORCLASS
  40D884 CONSTRUCT@F10ERRORCLASS
  40D8BC DESTRUCT@F16ERRORSTATUSCLASS
  40D914 CONSTRUCT@F16ERRORSTATUSCLASS
  40DA9C CLOSE_@_ERRORLOGINTERFACE_@_STANDARDERRORLOGCLASS@F17ERRORLOGINTERFACEUc
  40DACC OPEN_@_ERRORLOGINTERFACE_@_STANDARDERRORLOGCLASS@F17ERRORLOGINTERFACEUc
  40DAFC TAKE_@_ERRORLOGINTERFACE_@_STANDARDERRORLOGCLASS@F17ERRORLOGINTERFACEsb
  40DBB4 CLOSE@F21STANDARDERRORLOGCLASSUc
  40DC50 OPEN@F21STANDARDERRORLOGCLASSUc
  40DD14 DESTRUCT@F21STANDARDERRORLOGCLASS
  40DD40 CONSTRUCT@F21STANDARDERRORLOGCLASS
  40E08C REMOVERELATIONFILEMAPPING@F12FILESMANAGER15RELATIONMANAGER
  40E0CC REMOVERELATIONFILEMAPPING@F12FILESMANAGERl
  40E138 REMOVEFILEMAPPING@F12FILESMANAGER11FILEMANAGER
  40E178 REMOVEFILEMAPPING@F12FILESMANAGERl
  40E1E4 NOTEUSAGE@F12FILESMANAGER11FILEMANAGERUc
  40E30C NOTEOPEN@F12FILESMANAGER11FILEMANAGER
  40E39C NOTECLOSE@F12FILESMANAGER11FILEMANAGER
  40E4A8 GETRELATIONFILEMAPPING@F12FILESMANAGERl
  40E50C GETFILEMAPPING@F12FILESMANAGERl
  40E570 GETFILEID@F12FILESMANAGERBf
  40E5A4 FINDRECORD@F12FILESMANAGER11FILEMANAGER
  40E6A4 ADDFILEMAPPING@F12FILESMANAGER15RELATIONMANAGER
  40E798 ADDFILEMAPPING@F12FILESMANAGER11FILEMANAGER
  40E890 DESTRUCT@F12FILESMANAGER
  40E8FC CONSTRUCT@F12FILESMANAGER
  40F2CC OPENFILE_@_IFILEOPENSERVER_@_UNTHREADEDFILEOPENSERVER@F15IFILEOPENSERVERl
  40F388 CLOSEFILE_@_IFILEOPENSERVER_@_UNTHREADEDFILEOPENSERVER@F15IFILEOPENSERVER
  40F428 LINK_@_IFILEOPENSERVER_@_UNTHREADEDFILEOPENSERVER@F15IFILEOPENSERVER
  40F494 RELEASE_@_IFILEOPENSERVER_@_UNTHREADEDFILEOPENSERVER@F15IFILEOPENSERVER
  40F55C INIT@F24UNTHREADEDFILEOPENSERVERBf
  40F598 DESTRUCT@F24UNTHREADEDFILEOPENSERVER
  40F5DC CONSTRUCT@F24UNTHREADEDFILEOPENSERVER
  40F62C OPENFILE_@_IFILEOPENSERVER_@_THREADEDFILEOPENSERVER@F15IFILEOPENSERVERl
  40F680 CLOSEFILE_@_IFILEOPENSERVER_@_THREADEDFILEOPENSERVER@F15IFILEOPENSERVER
  40F6B0 LINK_@_IFILEOPENSERVER_@_THREADEDFILEOPENSERVER@F15IFILEOPENSERVER
  40F6D8 RELEASE_@_IFILEOPENSERVER_@_THREADEDFILEOPENSERVER@F15IFILEOPENSERVER
  40F700 RELEASE@F14FILEOPENSERVER
  40F75C LINK@F14FILEOPENSERVER
  40F780 INIT@F14FILEOPENSERVERBf
  40F7B0 DESTRUCT@F14FILEOPENSERVER
  40F7D4 CONSTRUCT@F14FILEOPENSERVER
  40F804 VALIDATERECORD@F11VIEWMANAGER
  40F824 UNUSEVIEW@F11VIEWMANAGER
  40F990 USEVIEW@F11VIEWMANAGER
  40FB68 SETSORT@F11VIEWMANAGERUc
  40FBF8 SETORDER@F11VIEWMANAGERsb
  40FCD0 SETFREEELEMENT@F11VIEWMANAGER
  40FD70 SETFILTER@F11VIEWMANAGERsbsb
  40FEDC SETFILTER@F11VIEWMANAGERsb
  40FF34 SAVEBUFFERS@F11VIEWMANAGER
  4100B0 RESTOREBUFFERS@F11VIEWMANAGER
  41016C RESET@F11VIEWMANAGER
  41019C RESET@F11VIEWMANAGERUc
  410204 PRIMERECORD@F11VIEWMANAGERUc
  410394 PREVIOUS@F11VIEWMANAGER
  410414 OPEN@F11VIEWMANAGER
  410500 NEXT@F11VIEWMANAGER
  410580 KILL@F11VIEWMANAGER
  410740 GETFIELDASCENDING@F11VIEWMANAGERRu
  410ABC INIT@F11VIEWMANAGERBi15RELATIONMANAGER9SORTORDER
  410B80 GETFREEELEMENTPOSITION@F11VIEWMANAGER
  410C04 GETFREEELEMENTNAME@F11VIEWMANAGER
  410C74 GETFREEELEMENTASCENDING@F11VIEWMANAGER
  410CE8 CLEARFILESRECORD@F11VIEWMANAGER
  410DC0 CLOSE@F11VIEWMANAGERUc
  410E08 CLOSE@F11VIEWMANAGER
  410E38 APPLYRANGE@F11VIEWMANAGER
  411070 APPLYORDER@F11VIEWMANAGER
  4110F0 APPLYFILTER@F11VIEWMANAGER
  4116A8 APPENDORDER@F11VIEWMANAGERsb
  4117DC ADDSORTORDER@F11VIEWMANAGERBk
  41190C ADDRANGE@F11VIEWMANAGERRu15RELATIONMANAGER15RELATIONMANAGER
  4119A8 DESTRUCT@F11VIEWMANAGER
  4119E4 DEFEREDADDRELATIONS@F15RELATIONMANAGER
  411A04 UPDATESECONDARY@F15RELATIONMANAGERBk18BUFFEREDPAIRSCLASSUc
  411BD4 UPDATE@F15RELATIONMANAGERUc
  411E2C INSERT@F15RELATIONMANAGER
  411FBC SETQUICKSCAN@F15RELATIONMANAGERUcUc
  41212C SAVE@F15RELATIONMANAGER
  4121A0 FORCEOPEN@F15RELATIONMANAGERUc
  4121E8 OPEN@F15RELATIONMANAGERUc
  412244 OPENCLOSESERVER@F15RELATIONMANAGERUcUc
  412478 LOGOUTINSERT@F15RELATIONMANAGER
  41253C LOGOUTUPDATE@F15RELATIONMANAGER
  4125DC LOGOUTPRIME@F15RELATIONMANAGER
  41271C LOGOUTDELETE@F15RELATIONMANAGER
  4127D0 LISTLINKINGFIELDS@F15RELATIONMANAGER15RELATIONMANAGER15FIELDPAIRSCLASSUc
  4129D8 KILL@F15RELATIONMANAGER
  412AA0 INIT@F15RELATIONMANAGER11FILEMANAGERUc
  412B10 DELETESECONDARY@F15RELATIONMANAGERBk18BUFFEREDPAIRSCLASSUcUc
  412DE8 DELETE@F15RELATIONMANAGERUc
  41304C CLOSE@F15RELATIONMANAGERUc
  413080 CASCADEUPDATES@F15RELATIONMANAGER
  41319C CANCELAUTOINC@F15RELATIONMANAGER
  4131D4 ADDRELATIONLINK@F15RELATIONMANAGERRsbRsb
  4132A0 ADDRELATION@F15RELATIONMANAGER15RELATIONMANAGERUcUcBk
  41334C ADDRELATION@F15RELATIONMANAGER15RELATIONMANAGER
  4133C4 DEFEREDRELATIONS@F15RELATIONMANAGER
  413400 CONSTRUCT@F15RELATIONMANAGER
  413424 FUNCTIONCALLED_@_FILECALLBACKINTERFACE_@_FILEMANAGER@F21FILECALLBACKINTERFACEl6PARAMSRscRsc
  413654 FUNCTIONDONE_@_FILECALLBACKINTERFACE_@_FILEMANAGER@F21FILECALLBACKINTERFACEl6PARAMSRscRsc
  4138B8 POSTCREATE@F11FILEMANAGERRscRsc
  4138F8 PRECREATE@F11FILEMANAGERRscRsc
  413938 POSTFETCH@F11FILEMANAGERlBksbllRscRsc
  41398C PREFETCH@F11FILEMANAGERlBksbllRscRsc
  4139E0 POSTUPDATE@F11FILEMANAGERRscRsc
  413A20 PREUPDATE@F11FILEMANAGERllRscRsc
  413A60 POSTINSERT@F11FILEMANAGERRscRsc
  413AA0 PREINSERT@F11FILEMANAGERllRscRsc
  413AE0 POSTDELETE@F11FILEMANAGERRscRsc
  413B20 PREDELETE@F11FILEMANAGERRscRsc
  413B60 FUNCTIONDONE@F11FILEMANAGERl6PARAMSRscRsc
  413CF0 FUNCTIONCALLED@F11FILEMANAGERl6PARAMSRscRsc
  413EC4 GETHASAUTOINC@F11FILEMANAGER
  413EEC GETAUTOINCDONE@F11FILEMANAGER
  413F14 GETMRPSIZE@F11FILEMANAGER
  413F3C SETMRPSIZE@F11FILEMANAGERUc
  413F70 GETUSEMRP@F11FILEMANAGER
  413F98 SETUSEMRP@F11FILEMANAGERUc
  413FCC DELETED@F11FILEMANAGER
  413FEC DELETERECORD@F11FILEMANAGERUc
  414058 VALIDATERECORD@F11FILEMANAGERPl
  414190 VALIDATEFIELDS@F11FILEMANAGERllPl
  4142D8 VALIDATEFIELDSERVER@F11FILEMANAGERlUc
  4143B0 TRYVALIDATEFIELD@F11FILEMANAGERl
  4143EC VALIDATEFIELD@F11FILEMANAGERl
  414428 USEFILE@F11FILEMANAGERUc
  414564 UPDATESERVER@F11FILEMANAGERUc
  414680 UPDATE@F11FILEMANAGER
  4146AC TRYUPDATE@F11FILEMANAGER
  4146D8 TRYREGET@F11FILEMANAGERsb
  414798 TRYPRIMEAUTOINC@F11FILEMANAGER
  4147C4 TRYPREVIOUS@F11FILEMANAGER
  4147F4 TRYOPEN@F11FILEMANAGER
  414824 TRYNEXT@F11FILEMANAGER
  414854 TRYINSERT@F11FILEMANAGER
  414880 TRYFETCH@F11FILEMANAGERBk
  4148E8 THROWMESSAGE@F11FILEMANAGERUssb
  414954 THROW@F11FILEMANAGER
  41499C THROW@F11FILEMANAGERUs
  4149DC SETKEY@F11FILEMANAGERBk
  414A90 SETERRORS@F11FILEMANAGER10ERRORCLASS
  414AC0 SETERROR@F11FILEMANAGERUs
  414B00 SAVEFILE@F11FILEMANAGER
  414C94 SAVEBUFFER@F11FILEMANAGER
  414EC8 RESTOREFILE@F11FILEMANAGERRUs11FILEMANAGERUc
  415084 RESTOREFILE@F11FILEMANAGERRUsUc
  4150C4 RESTOREBUFFER@F11FILEMANAGERRUs11FILEMANAGERUc
  415304 RESTOREBUFFER@F11FILEMANAGERRUsUc
  415344 PRIMERECORD@F11FILEMANAGERUc
  415490 PRIMEFIELDS@F11FILEMANAGER
  4154B0 PRIMEAUTOINCSERVER@F11FILEMANAGERUc
  415ACC PRIMEAUTOINC@F11FILEMANAGER
  415AF8 PREVIOUS@F11FILEMANAGER
  415B28 POSITION@F11FILEMANAGER
  415BC4 OPENSERVER@F11FILEMANAGERUcUc
  415C58 OPENFILE@F11FILEMANAGERUc
  415E94 OPEN@F11FILEMANAGER
  415EC4 NEXTSERVER@F11FILEMANAGERUcUc
  41601C NEXT@F11FILEMANAGER
  41604C KILL@F11FILEMANAGER
  4160BC KEYTOORDER@F11FILEMANAGERBkUc
  416258 ISOPENED@F11FILEMANAGER
  41629C INSERTSERVER@F11FILEMANAGERUc
  416514 INSERT@F11FILEMANAGER
  416540 INIT@F11FILEMANAGERBf10ERRORCLASS
  41668C INIT@F11FILEMANAGER
  4166F8 GETOPENED@F11FILEMANAGER
  416720 GETNAME@F11FILEMANAGER
  4167D0 GETFIELDNAME@F11FILEMANAGERBkUc
  41688C GETFIELDASCENDING@F11FILEMANAGERBkUc
  416930 GETFIELD@F11FILEMANAGERBkUc
  4169D8 GETEOF@F11FILEMANAGER
  416A00 GETCOMPONENTS@F11FILEMANAGERBk
  416A44 FETCH@F11FILEMANAGERBk
  416A98 EQUALBUFFER@F11FILEMANAGERRUs
  416C68 CLOSE@F11FILEMANAGER
  416D40 CLEARKEY@F11FILEMANAGERBkUcUcUc
  416E30 CANCELAUTOINC@F11FILEMANAGER15RELATIONMANAGER
  416EC4 BINDFIELDS@F11FILEMANAGER
  416F08 ADDKEY@F11FILEMANAGERBksbUc
  41727C DESTRUCT@F11FILEMANAGER
  417384 SETOPTION@F10FUZZYCLASSUcUc
  41741C KILL@F10FUZZYCLASS
  41743C INIT@F10FUZZYCLASS
  417474 CONSTRUCT@F10FUZZYCLASS
  4178C8 TOOLBOX@F10POPUPCLASSsb
  41796C SETTRANSLATOR@F10POPUPCLASS15TRANSLATORCLASS
  4179CC SETTOOLBOX@F10POPUPCLASSsbUc
  417A5C SETICON@F10POPUPCLASSsbsb
  417AEC SETITEMENABLE@F10POPUPCLASSsbUc
  417BC0 SETITEMCHECK@F10POPUPCLASSsbUc
  417C94 SETITEM@F10POPUPCLASSllsbsb
  417F90 RESETTOOLBOX@F10POPUPCLASS
  4183B4 LOCATENAME@F10POPUPCLASSsb
  418454 KILL@F10POPUPCLASS
  418490 INIT@F10POPUPCLASS
  4184EC GETNAME@F10POPUPCLASSl
  418658 GETMENUTEXT@F10POPUPCLASS
  41896C GETLASTSELECTION@F10POPUPCLASS
  41899C GETITEMS@F10POPUPCLASSUc
  418A88 EXECUTEPOPUP@F10POPUPCLASSsbllUc
  418B94 EMPTYITEMS@F10POPUPCLASS
  418BC0 DELETEITEM@F10POPUPCLASSsb
  418C18 CHECKMIMICS@F10POPUPCLASS
  418E34 ASKTOOLBOX@F10POPUPCLASSsb
  419330 ASK@F10POPUPCLASSllUc
  4194E0 ASK@F10POPUPCLASSll
  419528 ADDSUBMENU@F10POPUPCLASSsbsbsb
  4195F0 ADDSUBMENU@F10POPUPCLASSsbsb
  419664 ADDMENU@F10POPUPCLASSsbUc
  419840 ADDITEMMIMIC@F10POPUPCLASSsblOsb
  4199BC ADDITEMEVENT@F10POPUPCLASSsbll
  419ADC ADDITEM@F10POPUPCLASSsbsbsbUc
  419B7C ADDITEM@F10POPUPCLASSsbsb
  419BF8 ADDITEM@F10POPUPCLASSsb
  41A920 CLEARQUERY@F10QUERYCLASS
  41A9F4 GETQUERIES@F10QUERYCLASS11SECTORQUEUE
  41AACC RESTORE@F10QUERYCLASSsb
  41B37C TAKE@F10QUERYCLASS10POPUPCLASS
  41B460 SAVE@F10QUERYCLASSsb
  41B5E8 SETQUICKPOPUP@F10QUERYCLASS10POPUPCLASSUs
  41BBCC QUOTE@F10QUERYCLASSsb
  41BD14 GETLIMIT@F10QUERYCLASSRscRscRUcUcRsc
  41C43C GETFILTER@F10QUERYCLASS
  41C960 MAKEOPERATOR@FsbsbRscRsc
  41CD7C MAKEOPERATOR@Fsbsb
  41D70C SETPOSITION@F16PAGEMANAGERCLASSlllll
  41D820 SETCENTRE@F16PAGEMANAGERCLASSlUcUc
  41D8BC KILL@F16PAGEMANAGERCLASS
  41D94C INIT@F16PAGEMANAGERCLASS17PRINTPREVIEWCLASSllRsb
  41DAC4 HIGHLIGHT@F16PAGEMANAGERCLASSl
  41DB74 GETPROP@F16PAGEMANAGERCLASSll
  41DC0C EXISTS@F16PAGEMANAGERCLASSl
  41DC5C DRAW@F16PAGEMANAGERCLASSll
  41E3C4 DELETE@F16PAGEMANAGERCLASSl
  41E448 DELETE@F16PAGEMANAGERCLASS
  41E48C COORDCONTAINED@F16PAGEMANAGERCLASSll
  41E5B8 TAKEWINDOWEVENT@F13REPORTMANAGER
  41E84C TAKERECORD@F13REPORTMANAGER
  41E9A4 TAKENORECORDS@F13REPORTMANAGER
  41E9D4 TAKECLOSEEVENT@F13REPORTMANAGER
  41EC18 TAKEACCEPTED@F13REPORTMANAGER
  41EC68 SETDYNAMICCONTROLSATTRIBUTES@F13REPORTMANAGER
  41EC88 SETSTATICCONTROLSATTRIBUTES@F13REPORTMANAGER
  41ECA8 PROCESSRESULTFILES@F13REPORTMANAGER15OUTPUTFILEQUEUE
  41ECD0 OPENREPORT@F13REPORTMANAGER
  41EE60 OPEN@F13REPORTMANAGER
  41EEEC KILL@F13REPORTMANAGER
  41F04C INIT@F13REPORTMANAGER12PROCESSCLASSBr17PRINTPREVIEWCLASS
  41F200 NEXT@F13REPORTMANAGER
  41F2A8 CANCELPRINTREPORT@F13REPORTMANAGER
  41F304 PRINTREPORT@F13REPORTMANAGER
  41F5F8 ENDREPORT@F13REPORTMANAGER
  41F654 GETTOTALPAGES@F13REPORTMANAGER
  41F680 FETCHPAGE@F13REPORTMANAGERl
  41F6F8 ASKPREVIEW@F13REPORTMANAGER
  41F7F0 ASK@F13REPORTMANAGER
  41F864 GETOPENOUTPUTWHENFINISH@F13REPORTMANAGER
  41F88C SETOPENOUTPUTWHENFINISH@F13REPORTMANAGERUc
  41F8C0 GETUSEMRP@F13REPORTMANAGER
  41F8E8 SETUSEMRP@F13REPORTMANAGERUc
  41F91C TAKECURRENTPAGE@F17PRINTPREVIEWCLASS
  41FB14 TAKEFIELDEVENT@F17PRINTPREVIEWCLASS
  41FB94 TAKEWINDOWEVENT@F17PRINTPREVIEWCLASS
  41FBCC TAKEEVENT@F17PRINTPREVIEWCLASS
  420290 TAKEACCEPTED@F17PRINTPREVIEWCLASS
  420898 SYNCIMAGEQUEUE@F17PRINTPREVIEWCLASS
  4208F8 SETINIMANAGER@F17PRINTPREVIEWCLASS8INICLASS
  420940 SETDEFAULTPAGES@F17PRINTPREVIEWCLASS
  4209A4 RESETUSERZOOM@F17PRINTPREVIEWCLASS
  420A90 PROCESSRESULTFILES@F17PRINTPREVIEWCLASS15OUTPUTFILEQUEUE
  420AB8 PARSEIMAGES@F17PRINTPREVIEWCLASSl
  420BBC ONPROCESSFILES@F17PRINTPREVIEWCLASS
  420C24 ONSAVEAS@F17PRINTPREVIEWCLASS
  420C9C OPEN@F17PRINTPREVIEWCLASS
  4210DC NEWZOOM@F17PRINTPREVIEWCLASS
  421114 KILL@F17PRINTPREVIEWCLASS
  4211F8 INPAGELIST@F17PRINTPREVIEWCLASSl
  421454 INITWINDOWPOSITION@F17PRINTPREVIEWCLASSBw
  4215C8 INIT@F17PRINTPREVIEWCLASS12PREVIEWQUEUE25REPORTTARGETSELECTORCLASS17WMFDOCUMENTPARSER
  421628 INIT@F17PRINTPREVIEWCLASS12PREVIEWQUEUE
  4218D4 DRAWPAGE@F17PRINTPREVIEWCLASS
  421994 DISPLAY@F17PRINTPREVIEWCLASSslUsUs
  421D74 DELETEIMAGEQUEUE@F17PRINTPREVIEWCLASSl
  421E30 CONFIGMENUCHECKS@F17PRINTPREVIEWCLASS
  421EFC ASKTHUMBNAILS@F17PRINTPREVIEWCLASS
  422024 ASKPRINTPAGES@F17PRINTPREVIEWCLASS
  422214 ASKPAGE@F17PRINTPREVIEWCLASS
  422370 CHILDPROCESSINGEND@F12PROCESSCLASSUs
  4223A0 CHILDPROCESSINGSTART@F12PROCESSCLASSUs
  422400 UPDATEDISPLAY@F12PROCESSCLASS
  4224A0 TAKERECORD@F12PROCESSCLASS
  4224C0 TAKELOCATE@F12PROCESSCLASS
  422518 TAKEACCEPTED@F12PROCESSCLASS
  422538 SETPROGRESSLIMITS@F12PROCESSCLASSsbsb
  422640 SETPROGRESSLIMITS@F12PROCESSCLASS
  422754 RESET@F12PROCESSCLASS
  42281C NEXT@F12PROCESSCLASSUc
  422B9C KILL@F12PROCESSCLASS
  422C30 INIT@F12PROCESSCLASSBi15RELATIONMANAGERlPUc9STEPCLASSRu
  423064 SETPRIORITIES@F17WINDOWRESIZECLASS13POSITIONGROUP
  4230D4 SETSIZE@F17WINDOWRESIZECLASSl13POSITIONGROUP
  4231C4 GETSIZEINFO@F17WINDOWRESIZECLASSl13POSITIONGROUP
  423300 RESTORECONTROLS@F17WINDOWRESIZECLASS
  423390 TAKERESIZE@F17WINDOWRESIZECLASS
  4233BC SETPOSITION@F17WINDOWRESIZECLASSl13POSITIONGROUP13POSITIONGROUP13POSITIONGROUP13POSITIONGROUP
  423AE0 SETPARENTDEFAULT@F17WINDOWRESIZECLASS
  423E34 SETPARENTDEFAULTS@F17WINDOWRESIZECLASS
  423ED8 SETPARENTCONTROL@F17WINDOWRESIZECLASSll
  424004 RESTOREWINDOW@F17WINDOWRESIZECLASS
  4240D8 WINDOWRESIZEEND@F17WINDOWRESIZECLASS
  4240F8 WINDOWRESIZEBEGIN@F17WINDOWRESIZECLASS
  424118 RESIZECHILDREN@F17WINDOWRESIZECLASSl13POSITIONGROUP13POSITIONGROUP
  424340 RESIZE@F17WINDOWRESIZECLASSl
  4246B4 RESIZE@F17WINDOWRESIZECLASS
  4246E8 RESET@F17WINDOWRESIZECLASS
  424A6C KILL@F17WINDOWRESIZECLASS
  424B24 INIT@F17WINDOWRESIZECLASSUcUcUc
  424D68 GETCURRENTPOS@F17WINDOWRESIZECLASSl13POSITIONGROUP
  424DD8 GETORIGPOS@F17WINDOWRESIZECLASSl13POSITIONGROUP
  424E54 GETRESIZESTRATEGY@F17WINDOWRESIZECLASSsOUc
  425064 GETPOSITIONSTRATEGY@F17WINDOWRESIZECLASSsOUc
  425264 GETPARENTCONTROL@F17WINDOWRESIZECLASSl
  4252D0 INIT@F22REPORTATTRIBUTEMANAGERBr
  4252F4 DESTRUCT@F22REPORTATTRIBUTEMANAGER
  425334 CONSTRUCT@F22REPORTATTRIBUTEMANAGER
  4259C4 DESTRUCT@F25REPORTTARGETSELECTORCLASS
  425A04 CONSTRUCT@F25REPORTTARGETSELECTORCLASS
  425A4C GETREPORTDEFAULT@F25REPORTTARGETSELECTORCLASS
  425AD4 GETREPORTSELECTED@F25REPORTTARGETSELECTORCLASS
  425BA0 GETDEFAULTITEMINDEX@F25REPORTTARGETSELECTORCLASS
  425BC4 GETSELECTEDITEMINDEX@F25REPORTTARGETSELECTORCLASS
  425BE8 SETDEFAULTOUTPUTGENERATOR@F25REPORTTARGETSELECTORCLASSsb
  425C3C GETOUTPUTGENERATORINDEX@F25REPORTTARGETSELECTORCLASSsb
  425DE0 SETSELECTEDOUTPUTGENERATOR@F25REPORTTARGETSELECTORCLASSsb
  425EBC GETOUTPUTGENERATOR@F25REPORTTARGETSELECTORCLASSsb
  425F24 GETOUTPUTGENERATORNAME@F25REPORTTARGETSELECTORCLASSsUc
  425FE8 FILLQUEUE@F25REPORTTARGETSELECTORCLASSBqUc
  4260E4 GETPRINTSELECTED@F25REPORTTARGETSELECTORCLASS
  426114 ITEM@F25REPORTTARGETSELECTORCLASSsUc
  42625C ITEMS@F25REPORTTARGETSELECTORCLASSUc
  4262F0 ASK@F25REPORTTARGETSELECTORCLASSUcUc
  42659C ADDITEM@F25REPORTTARGETSELECTORCLASS22IOUTPUTGENERATORTARGETUc
  4265F0 TAKEEVENT@F12TOOLBARCLASSPl13WINDOWMANAGER
  42666C SETTARGET@F12TOOLBARCLASSl
  426780 KILL@F12TOOLBARCLASS
  4267B4 INIT@F12TOOLBARCLASS
  4267F4 DISPLAYBUTTONS@F12TOOLBARCLASS
  426854 UPDATEQUEUE@F8INICLASSsbsbBqRuPuPuPu
  426A90 UPDATE@F8INICLASSsbsbsb
  426B60 UPDATE@F8INICLASSsbBw
  426D44 UPDATE@F8INICLASS
  426D64 TRYFETCH@F8INICLASSsbsb
  426DEC REMOVE@F8INICLASSsbsb
  426F8C KILL@F8INICLASS
  4270E0 INIT@F8INICLASSsbll
  42722C GETSECTORS@F8INICLASSOsbOsbOsb11SECTORQUEUE
  427444 GETSECTOR@F8INICLASSsbsbsb
  427540 GETFAMILY@F8INICLASSsbRscRscRsc
  427760 FETCHQUEUE@F8INICLASSsbsbBqRuPuPuPu
  4279DC FETCHFIELD@F8INICLASSsbsbUc
  427B78 FETCH@F8INICLASSsbsbRu
  427C50 FETCH@F8INICLASSsbBw
  427EB8 FETCH@F8INICLASSsbsb
  428050 FETCH@F8INICLASS
  428070 ADDSECTOR@F8INICLASSsb
  428168 UPDATEWINDOWINFO@F8INICLASSsb10WINDOWINFO
  4283FC FETCHWINDOWINFO@F8INICLASSsb10WINDOWINFO
  428690 UPDATE@F8INICLASSsbsbsbsb
  4288A4 FETCH@F8INICLASSsbsbsbsb
  428AF8 DESTRUCT@F8INICLASS
  428B34 CONSTRUCT@F8INICLASS
  428B68 KILL@F18BUFFEREDPAIRSCLASS
  428C28 INIT@F18BUFFEREDPAIRSCLASS
  428C6C EQUALRIGHTBUFFER@F18BUFFEREDPAIRSCLASSUc
  428D2C EQUALLEFTBUFFER@F18BUFFEREDPAIRSCLASSUc
  428DEC EQUALRIGHTBUFFER@F18BUFFEREDPAIRSCLASS
  428E18 EQUALLEFTBUFFER@F18BUFFEREDPAIRSCLASS
  428E44 ASSIGNRIGHTTOBUFFER@F18BUFFEREDPAIRSCLASS
  428EBC ASSIGNLEFTTOBUFFER@F18BUFFEREDPAIRSCLASS
  428F34 ASSIGNBUFFERTORIGHT@F18BUFFEREDPAIRSCLASS
  428FAC ASSIGNBUFFERTOLEFT@F18BUFFEREDPAIRSCLASS
  429024 ADDPAIR@F18BUFFEREDPAIRSCLASSRuRu
  4290F8 INIT@F15FIELDPAIRSCLASS
  429130 KILL@F15FIELDPAIRSCLASS
  4291C8 EQUALLEFTRIGHT@F15FIELDPAIRSCLASS
  429240 EQUAL@F15FIELDPAIRSCLASS
  429268 CLEARRIGHT@F15FIELDPAIRSCLASS
  4292CC CLEARLEFT@F15FIELDPAIRSCLASS
  429330 ASSIGNRIGHTTOLEFT@F15FIELDPAIRSCLASS
  4293A8 ASSIGNLEFTTORIGHT@F15FIELDPAIRSCLASS
  429420 ADDPAIR@F15FIELDPAIRSCLASSRuRu
  4294AC NEXT@F13CONSTANTCLASS
  4296F4 SET@F13CONSTANTCLASSRsb
  429794 RESET@F13CONSTANTCLASS
  429818 KILL@F13CONSTANTCLASS
  4298B4 INIT@F13CONSTANTCLASSUc
  42992C GETCSTRING@F13CONSTANTCLASS
  4299F0 GETPSTRING@F13CONSTANTCLASS
  429ABC GETLONG@F13CONSTANTCLASS
  429AFC GETUSHORT@F13CONSTANTCLASS
  429B40 GETSHORT@F13CONSTANTCLASS
  429B70 GETBYTE@F13CONSTANTCLASS
  429BF0 ADDITEM@F13CONSTANTCLASSUcRu
  429C78 CONSTRUCT@F13CONSTANTCLASS
  429CB4 REMOVEDOLLAR@Fsb
  429E14 ADDDOLLAR@Fsb
  42A044 ONCLOSEEVENTCANCELLED@F13WINDOWMANAGER
  42A07C SAVEONINSERTACTION@F13WINDOWMANAGER
  42A168 SAVEONCHANGEACTION@F13WINDOWMANAGER
  42A2D0 DELETEACTION@F13WINDOWMANAGER
  42A4D4 CHANGEACTION@F13WINDOWMANAGER
  42A8FC INSERTACTION@F13WINDOWMANAGER
  42AB6C TAKEDISABLEBUTTON@F13WINDOWMANAGERlUc
  42ABC4 UPDATE@F13WINDOWMANAGER
  42AC30 TAKEWINDOWEVENT@F13WINDOWMANAGER
  42AE8C TAKESELECTED@F13WINDOWMANAGER
  42AEAC TAKEREJECTED@F13WINDOWMANAGER
  42AF04 TAKENOTIFY@F13WINDOWMANAGERlll
  42AF3C TAKENEWSELECTION@F13WINDOWMANAGER
  42AFD4 TAKEFIELDEVENT@F13WINDOWMANAGER
  42AFF4 TAKEEVENT@F13WINDOWMANAGER
  42B1EC TAKECLOSEEVENT@F13WINDOWMANAGER
  42B3D8 TAKECOMPLETED@F13WINDOWMANAGER
  42B50C TAKEACCEPTED@F13WINDOWMANAGER
  42B654 SETRESPONSE@F13WINDOWMANAGERUc
  42B6C4 SETALERTS@F13WINDOWMANAGER
  42B7AC SAVEHISTORY@F13WINDOWMANAGER
  42B888 RUN@F13WINDOWMANAGERUsUc
  42B8BC RUN@F13WINDOWMANAGER
  42B91C RESTOREFIELD@F13WINDOWMANAGERl
  42BA30 RESETBUFFERS@F13WINDOWMANAGERUc
  42BAB0 RESET@F13WINDOWMANAGERUc
  42BB78 PRIMEUPDATE@F13WINDOWMANAGER
  42BD38 PRIMEFIELDS@F13WINDOWMANAGER
  42BD58 POSTCOMPLETED@F13WINDOWMANAGER
  42BE1C OPEN@F13WINDOWMANAGERBwBw
  42BE90 OPEN@F13WINDOWMANAGER
  42BEF0 MODALEVENT@F13WINDOWMANAGER
  42C020 KILL@F13WINDOWMANAGER
  42C1EC INIT@F13WINDOWMANAGER
  42C2A4 REMOVEITEM@F13WINDOWMANAGER15WINDOWCOMPONENT
  42C314 ASK@F13WINDOWMANAGER
  42C394 ADDUPDATEFILE@F13WINDOWMANAGER11FILEMANAGER
  42C400 ADDITEM@F13WINDOWMANAGER17WINDOWRESIZECLASS
  42C434 ADDITEM@F13WINDOWMANAGER15WINDOWCOMPONENT
  42C4B4 ADDITEM@F13WINDOWMANAGER12TOOLBARCLASS
  42C4F0 ADDITEM@F13WINDOWMANAGERlUc
  42C560 ADDITEM@F13WINDOWMANAGER11BROWSECLASS
  42C5AC ADDHISTORYFILE@F13WINDOWMANAGERRgRg
  42C658 ADDHISTORYFIELD@F13WINDOWMANAGERll
  42C6B4 DISABLECANCELCONTROLS@F13WINDOWMANAGER
  42C734 ENABLECANCELCONTROLS@F13WINDOWMANAGER
  42C9C0 PROCESSDOCUMENT@F17WMFDOCUMENTPARSER
  42CAB0 OPENDOCUMENT@F17WMFDOCUMENTPARSER
  42CB58 CLOSEDOCUMENT@F17WMFDOCUMENTPARSER
  42CBC4 INIT@F17WMFDOCUMENTPARSER12PREVIEWQUEUE16IREPORTGENERATOR10ERRORCLASS
  42CCC4 GENERATEREPORT@F17WMFDOCUMENTPARSERUc
  42D080 TAKERECORD@F9WMFPARSER
  431BF8 PROCESSFILE@F9WMFPARSER
  431C38 PROCESSHEADER@F9WMFPARSER
  431E40 ADDOBJECT@F9WMFPARSERUc
  431F64 CLOSEFILE@F9WMFPARSER
  431FCC RUN@F9WMFPARSER
  431FF4 OPENFILE@F9WMFPARSER
  4320EC KILL@F9WMFPARSER
  432188 INIT@F9WMFPARSERsb16IREPORTGENERATOR10ERRORCLASS
  43229C GETBOXBOTTOM@F9WMFPARSER
  4322C4 GETBOXRIGHT@F9WMFPARSER
  4322EC GETBOXTOP@F9WMFPARSER
  432314 GETBOXLEFT@F9WMFPARSER
  43233C DESTRUCT@F9WMFPARSER
  432474 CONSTRUCT@F9WMFPARSER
  4325F4 GETIFACE@F15CRITICALSECTION
  432618 DESTRUCT@F15CRITICALSECTION
  43264C CONSTRUCT@F15CRITICALSECTION
  43267C KILL@F17CRITICALPROCEDURE
  4326C4 INIT@F17CRITICALPROCEDURE11ISYNCOBJECT
  432710 DESTRUCT@F17CRITICALPROCEDURE
  432738 CONSTRUCT@F17CRITICALPROCEDURE
  4360E0 EMPLOYEEAPP001$REPORTPHONESBYPHO:GUIDKEY@F
  43631C EMPLOYEEAPP001$REPORTPHONESBYPHO:EMPLOYEEGUIDKEY@F
  436558 EMPLOYEEAPP001$BROWSEPHONES@F
  436828 EMPLOYEEAPP001$REPORTEMPLOYEESBYEMP:GUIDKEY@F
  436A98 EMPLOYEEAPP001$REPORTEMPLOYEESBYEMP:QUALIFICATIONGUIDKEY@F
  436D08 EMPLOYEEAPP001$REPORTEMPLOYEESBYEMP:SALARYGUIDKEY@F
  436F78 EMPLOYEEAPP001$REPORTEMPLOYEESBYEMP:BENEFITSGUIDKEY@F
  4371E8 EMPLOYEEAPP001$REPORTEMPLOYEESBYEMP:PHONEGUIDKEY@F
  437458 EMPLOYEEAPP001$BROWSEEMPLOYEES@F
  437898 MAIN@F
  43B018 EMPLOYEEAPP002$REPORTQUALIFICATIONBYQUA:GUIDKEY@F
  43B260 EMPLOYEEAPP002$REPORTQUALIFICATIONBYQUA:SCHOOLGUIDKEY@F
  43B4A8 EMPLOYEEAPP002$REPORTQUALIFICATIONBYQUA:EMPLOYEEGUIDKEY@F
  43B6F0 EMPLOYEEAPP002$BROWSEQUALIFICATION@F
  43BA20 EMPLOYEEAPP002$REPORTBENEFITSBYBEN:GUIDKEY@F
  43BC5C EMPLOYEEAPP002$REPORTBENEFITSBYBEN:EMPLOYEEGUIDKEY@F
  43BE98 EMPLOYEEAPP002$BROWSEBENEFITS@F
  43C178 EMPLOYEEAPP002$REPORTSALARYBYSAL:GUIDKEY@F
  43C3B4 EMPLOYEEAPP002$REPORTSALARYBYSAL:EMPLOYEEGUIDKEY@F
  43C5F0 EMPLOYEEAPP002$BROWSESALARY@F
  4400F0 EMPLOYEEAPP003$REPORTLINKEMPLOYEEQUALIFICATIONBYLIN2:EMPLOYEEGUIDKEY@F
  440324 EMPLOYEEAPP003$REPORTLINKEMPLOYEEQUALIFICATIONBYLIN2:GUIDKEY@F
  440558 EMPLOYEEAPP003$BROWSELINKEMPLOYEEQUALIFICATION@F
  4408A4 EMPLOYEEAPP003$REPORTLINKBENEFITSEMPLOYEEBYLIN:EMPLOYEEGUIDKEY@F
  440AD8 EMPLOYEEAPP003$REPORTLINKBENEFITSEMPLOYEEBYLIN:BENEFITSGUIDKEY@F
  440D0C EMPLOYEEAPP003$REPORTLINKBENEFITSEMPLOYEEBYLIN:GUIDKEY@F
  440F40 EMPLOYEEAPP003$BROWSELINKBENEFITSEMPLOYEE@F
  441258 EMPLOYEEAPP003$REPORTSCHOOLSBYSCH:GUIDKEY@F
  441498 EMPLOYEEAPP003$REPORTSCHOOLSBYSCH:QUALIFICATIONGUIDKEY@F
  4416D8 EMPLOYEEAPP003$BROWSESCHOOLS@F
  44543C EMPLOYEEAPP004$UPDATESCHOOLS@F
  445624 EMPLOYEEAPP004$UPDATEQUALIFICATION@F
  445810 EMPLOYEEAPP004$SELECTSCHOOLS@F
  445AF0 EMPLOYEEAPP004$UPDATEBENEFITS@F
  445CD4 EMPLOYEEAPP004$UPDATESALARY@F
  445EB8 EMPLOYEEAPP004$UPDATEPHONES@F
  44609C EMPLOYEEAPP004$SELECTEMPLOYEES@F
  4464F8 EMPLOYEEAPP004$UPDATEEMPLOYEES@F
  446710 EMPLOYEEAPP004$REPORTLINKEMPLOYEEQUALIFICATIONBYLIN2:QUALIFICATIONGUIDKEY@F
  4481FC EMPLOYEEAPP005$UPDATELINKEMPLOYEEQUALIFICATION@F
  4483D8 EMPLOYEEAPP005$SELECTQUALIFICATION@F
  448748 EMPLOYEEAPP005$UPDATELINKBENEFITSEMPLOYEE@F
  448924 EMPLOYEEAPP005$SELECTBENEFITS@F
  4490BC KILL@F37HIDE:RELATE:LINKEMPLOYEEQUALIFICATION
  449130 DEFEREDADDRELATIONS@F37HIDE:RELATE:LINKEMPLOYEEQUALIFICATION
  449160 INIT@F37HIDE:RELATE:LINKEMPLOYEEQUALIFICATION
  4491BC USEFILE@F37HIDE:ACCESS:LINKEMPLOYEEQUALIFICATIONUc
  4492E0 PRIMEFIELDS@F37HIDE:ACCESS:LINKEMPLOYEEQUALIFICATION
  4493A0 KILL@F37HIDE:ACCESS:LINKEMPLOYEEQUALIFICATION
  4493DC INIT@F37HIDE:ACCESS:LINKEMPLOYEEQUALIFICATION
  449490 KILL@F32HIDE:RELATE:LINKBENEFITSEMPLOYEE
  449504 DEFEREDADDRELATIONS@F32HIDE:RELATE:LINKBENEFITSEMPLOYEE
  449534 INIT@F32HIDE:RELATE:LINKBENEFITSEMPLOYEE
  449590 USEFILE@F32HIDE:ACCESS:LINKBENEFITSEMPLOYEEUc
  4496B4 PRIMEFIELDS@F32HIDE:ACCESS:LINKBENEFITSEMPLOYEE
  449774 KILL@F32HIDE:ACCESS:LINKBENEFITSEMPLOYEE
  4497B0 INIT@F32HIDE:ACCESS:LINKBENEFITSEMPLOYEE
  449864 KILL@F19HIDE:RELATE:SCHOOLS
  4498D8 DEFEREDADDRELATIONS@F19HIDE:RELATE:SCHOOLS
  449908 INIT@F19HIDE:RELATE:SCHOOLS
  449964 USEFILE@F19HIDE:ACCESS:SCHOOLSUc
  449A54 PRIMEFIELDS@F19HIDE:ACCESS:SCHOOLS
  449AF0 KILL@F19HIDE:ACCESS:SCHOOLS
  449B2C INIT@F19HIDE:ACCESS:SCHOOLS
  449BE0 KILL@F25HIDE:RELATE:QUALIFICATION
  449C54 DEFEREDADDRELATIONS@F25HIDE:RELATE:QUALIFICATION
  449C84 INIT@F25HIDE:RELATE:QUALIFICATION
  449CE0 USEFILE@F25HIDE:ACCESS:QUALIFICATIONUc
  449E04 PRIMEFIELDS@F25HIDE:ACCESS:QUALIFICATION
  449EC4 KILL@F25HIDE:ACCESS:QUALIFICATION
  449F00 INIT@F25HIDE:ACCESS:QUALIFICATION
  449FB4 KILL@F20HIDE:RELATE:BENEFITS
  44A028 DEFEREDADDRELATIONS@F20HIDE:RELATE:BENEFITS
  44A058 INIT@F20HIDE:RELATE:BENEFITS
  44A0B4 USEFILE@F20HIDE:ACCESS:BENEFITSUc
  44A1A4 PRIMEFIELDS@F20HIDE:ACCESS:BENEFITS
  44A258 KILL@F20HIDE:ACCESS:BENEFITS
  44A294 INIT@F20HIDE:ACCESS:BENEFITS
  44A348 KILL@F18HIDE:RELATE:SALARY
  44A3BC DEFEREDADDRELATIONS@F18HIDE:RELATE:SALARY
  44A3EC INIT@F18HIDE:RELATE:SALARY
  44A448 USEFILE@F18HIDE:ACCESS:SALARYUc
  44A538 PRIMEFIELDS@F18HIDE:ACCESS:SALARY
  44A5D0 KILL@F18HIDE:ACCESS:SALARY
  44A60C INIT@F18HIDE:ACCESS:SALARY
  44A6C0 KILL@F18HIDE:RELATE:PHONES
  44A734 DEFEREDADDRELATIONS@F18HIDE:RELATE:PHONES
  44A764 INIT@F18HIDE:RELATE:PHONES
  44A7C0 USEFILE@F18HIDE:ACCESS:PHONESUc
  44A8B0 PRIMEFIELDS@F18HIDE:ACCESS:PHONES
  44A964 KILL@F18HIDE:ACCESS:PHONES
  44A9A0 INIT@F18HIDE:ACCESS:PHONES
  44AA54 KILL@F21HIDE:RELATE:EMPLOYEES
  44AAC8 DEFEREDADDRELATIONS@F21HIDE:RELATE:EMPLOYEES
  44AAF8 INIT@F21HIDE:RELATE:EMPLOYEES
  44AB54 USEFILE@F21HIDE:ACCESS:EMPLOYEESUc
  44ACCC PRIMEFIELDS@F21HIDE:ACCESS:EMPLOYEES
  44ADC0 KILL@F21HIDE:ACCESS:EMPLOYEES
  44ADFC INIT@F21HIDE:ACCESS:EMPLOYEES
  44AEB0 EMPLOYEEAPP_BC0$EMPLOYEEAPP_BC0:FILESINIT@F
  44AF80 EMPLOYEEAPP_BC0$EMPLOYEEAPP_BC0:DCTKILL@F
  44B11C EMPLOYEEAPP_BC0$EMPLOYEEAPP_BC0:DCTINIT@F
  44B4C0 DCTKILL@F
  44B4DC DCTINIT@F
  44B4FC _main
  44B5B0 DESTRUCT@F10DICTIONARY
  44B5D4 CONSTRUCT@F10DICTIONARY
  44C3B8 __thr_inst0
  44C3C8 __thr_init_entry
  44C3E8 __thr_init_exit
  44CE7C SORTCASEINSENSITIVE@F14LINESGROUPTYPE14LINESGROUPTYPE
  44CF20 SORTLENGTH@F14LINESGROUPTYPE14LINESGROUPTYPE
  44CFD0 SORTCASESENSITIVE@F14LINESGROUPTYPE14LINESGROUPTYPE
  44D04C ASNENCODENUMBER@F12STRINGTHEORYsbl
  44D10C ASNENCODE@F12STRINGTHEORYsbOsb
  44D274 ASNDECODE@F12STRINGTHEORYRl12STRINGTHEORYPsb
  44D4C0 ENDSWITH@F12STRINGTHEORYsbll
  44D650 STARTSWITH@F12STRINGTHEORYsbll
  44D7B0 FORMATTIME@F12STRINGTHEORYlsb
  44E628 FORMATTIME@F12STRINGTHEORYsb
  44E710 DEFORMATTIME@F12STRINGTHEORY
  44EE14 DEFORMATTIME@F12STRINGTHEORYsb
  44EEC0 ISTIME@F12STRINGTHEORY
  44EFE0 ISTIME@F12STRINGTHEORYsb
  44F084 LINEENDINGS@F12STRINGTHEORYl
  44F298 MERGEXML@F12STRINGTHEORYsbl
  44F5E4 GUNZIP@F12STRINGTHEORY
  44F948 GZIP@F12STRINGTHEORYl
  44FD78 LOADNORMALIZE@F12STRINGTHEORY
  44FEC0 LOADLIBS@F12STRINGTHEORY
  4500E0 PEEKRAM@F12STRINGTHEORYUlll
  4505B4 CLEANFILENAME@F12STRINGTHEORYOsbOsb
  4507EC URLDECODE@F12STRINGTHEORYOsbOsb
  450D30 URLENCODE@F12STRINGTHEORYlOsbOsbOsb
  451C44 URLENCODE@F12STRINGTHEORYsblsbsbsb
  451D5C COLORFROMHEX@F12STRINGTHEORYsb
  451F50 COLORTOHEX@F12STRINGTHEORYll
  452020 FINDCHARS@F12STRINGTHEORYsbllOsb
  4520EC FINDCHARS@F12STRINGTHEORYRsbllOsb
  45225C FINDCHAR@F12STRINGTHEORYsbllOsb
  452398 UNQUOTE@F12STRINGTHEORYOsbOsb
  452538 QUOTE@F12STRINGTHEORYOsbOsb
  4527B4 INSERT@F12STRINGTHEORYlsb
  4529A0 SETSLICE@F12STRINGTHEORYUlUlsb
  452B24 STR@F12STRINGTHEORYRsb
  452BDC STR@F12STRINGTHEORYsb
  452C94 STR@F12STRINGTHEORY
  452D28 REVERSEBYTEORDER@F12STRINGTHEORY
  452D58 LITTLEENDIAN@F12STRINGTHEORYUl
  452D90 BIGENDIAN@F12STRINGTHEORYUl
  452DC8 SWITCHENDIAN@F12STRINGTHEORYUl
  452E14 LITTLEENDIAN@F12STRINGTHEORY
  452E64 BIGENDIAN@F12STRINGTHEORY
  452EB4 _SWITCHENDIAN@F12STRINGTHEORY
  452F84 MATCHBRACKETS@F12STRINGTHEORYsbsbl
  4530A8 KEEPCHARS@F12STRINGTHEORYsb
  453208 REMOVECHARS@F12STRINGTHEORYsb
  453370 ISALL@F12STRINGTHEORYsbOsbl
  4534F0 CONTAINSA@F12STRINGTHEORYsbOsbl
  4536E0 ISALLDIGITS@F12STRINGTHEORY
  453738 CONTAINSADIGIT@F12STRINGTHEORY
  453790 SQUEEZE@F12STRINGTHEORYlOsb
  453980 SETALL@F12STRINGTHEORYl
  453A30 ALL@F12STRINGTHEORYl
  453ADC SETRIGHT@F12STRINGTHEORYllOsb
  453B6C RIGHT@F12STRINGTHEORYllOsb
  453E0C SETLEFT@F12STRINGTHEORYllOsb
  453E9C LEFT@F12STRINGTHEORYllOsb
  454164 REVERSE@F12STRINGTHEORY
  45425C REVERSE@F12STRINGTHEORYsb
  454308 TRIM@F12STRINGTHEORYOsb
  454558 CLIP@F12STRINGTHEORY
  4545B0 REMOVE@F12STRINGTHEORYsbOsblll
  454808 DECENTITYTOCHAR@F12STRINGTHEORY
  454B18 HTMLENTITYTODEC@F12STRINGTHEORY
  456930 REMOVEXMLPREFIXES@F12STRINGTHEORY
  456AB4 REMOVEATTRIBUTES@F12STRINGTHEORYsbl
  456CA0 COUNTWORDS@F12STRINGTHEORYllOsb
  456D84 WORDEND@F12STRINGTHEORYllOsb
  4571FC WORDSTART@F12STRINGTHEORYlllOsb
  4574D4 GETWORD@F12STRINGTHEORYlllOsb
  45755C FINDWORD@F12STRINGTHEORYlllRlRlOsb
  457814 GETBYTES@F12STRINGTHEORYRusbl
  457D98 SETBYTES@F12STRINGTHEORYRusbl
  45824C GETBYTES@F12STRINGTHEORYRspl
  4582B4 GETBYTES@F12STRINGTHEORYRsbl
  45831C GETBYTES@F12STRINGTHEORYRscl
  458384 GETBYTES@F12STRINGTHEORYRel
  4583F0 GETBYTES@F12STRINGTHEORYRdl
  45844C GETBYTES@F12STRINGTHEORYRfl
  4584A8 GETBYTES@F12STRINGTHEORYRUll
  458504 GETBYTES@F12STRINGTHEORYRll
  458550 GETBYTES@F12STRINGTHEORYRUsl
  4585AC GETBYTES@F12STRINGTHEORYRsl
  458608 GETBYTES@F12STRINGTHEORYRUcl
  458664 SETBYTES@F12STRINGTHEORYRsp
  4586B8 SETBYTES@F12STRINGTHEORYRsb
  4586FC SETBYTES@F12STRINGTHEORYRsc
  458748 SETBYTES@F12STRINGTHEORYRe
  4587C8 SETBYTES@F12STRINGTHEORYRd
  458808 SETBYTES@F12STRINGTHEORYRf
  458848 SETBYTES@F12STRINGTHEORYRUl
  458888 SETBYTES@F12STRINGTHEORYRl
  4588C8 SETBYTES@F12STRINGTHEORYRUs
  458908 SETBYTES@F12STRINGTHEORYRs
  458948 SETBYTES@F12STRINGTHEORYRUc
  458988 FROMBYTES@F12STRINGTHEORYRsbRspl
  4589E8 FROMBYTES@F12STRINGTHEORYRsbRsbl
  458A48 FROMBYTES@F12STRINGTHEORYRsbRscl
  458AA8 FROMBYTES@F12STRINGTHEORYRsbRel
  458B30 FROMBYTES@F12STRINGTHEORYRsbRdl
  458BA0 FROMBYTES@F12STRINGTHEORYRsbRfl
  458C10 FROMBYTES@F12STRINGTHEORYRsbRUll
  458C80 FROMBYTES@F12STRINGTHEORYRsbRll
  458CF0 FROMBYTES@F12STRINGTHEORYRsbRUsl
  458D60 FROMBYTES@F12STRINGTHEORYRsbRsl
  458DD0 FROMBYTES@F12STRINGTHEORYRsbRUcl
  458E40 TOBYTES@F12STRINGTHEORYRsbRsbl
  458EA0 TOBYTES@F12STRINGTHEORYRspRsbl
  458F08 TOBYTES@F12STRINGTHEORYRscRsbl
  458F68 TOBYTES@F12STRINGTHEORYReRsbl
  458FD0 TOBYTES@F12STRINGTHEORYRdRsbl
  459064 TOBYTES@F12STRINGTHEORYRfRsbl
  4590F8 TOBYTES@F12STRINGTHEORYRUlRsbl
  45918C TOBYTES@F12STRINGTHEORYRlRsbl
  459220 TOBYTES@F12STRINGTHEORYRUsRsbl
  4592B0 TOBYTES@F12STRINGTHEORYRsRsbl
  459340 TOBYTES@F12STRINGTHEORYRUcRsbl
  4593D0 STRCPY@F12STRINGTHEORYRsbRsbl
  4594AC WRAPTEXT@F12STRINGTHEORYlll
  459B5C FROMHEX@F12STRINGTHEORY
  459CEC TOHEX@F12STRINGTHEORYl
  459E8C HEXTOSTRING@F12STRINGTHEORYsb
  45A018 STRINGTOHEX@F12STRINGTHEORYsbll
  45A180 LONGTOHEX@F12STRINGTHEORYl
  45A238 HEXTOBYTE@F12STRINGTHEORYsb
  45A2C0 BYTETOHEX@F12STRINGTHEORYUc
  45A34C BASETODEC@F12STRINGTHEORYsbl
  45A464 DECTOBASE@F12STRINGTHEORYlll
  45A5C0 NORMALIZE@F12STRINGTHEORYll
  45A83C UTF16TOUTF8CHAR@F12STRINGTHEORYsbRl
  45AA48 DECODEHEXINLINE@F12STRINGTHEORYsblUl
  45AC50 DECODEHEXINLINE@F12STRINGTHEORYUl
  45ACC8 TOUNICODE@F12STRINGTHEORYlUl
  45AF74 TOANSI@F12STRINGTHEORYlUll
  45B1EC TOANSI@F12STRINGTHEORYlUl
  45B50C APIANSITOUTF8@F12STRINGTHEORYRsbRl
  45B568 APIUTF8TOANSI@F12STRINGTHEORYRsbRl
  45B5C4 ANSITOUTF8@F12STRINGTHEORYRsbRlUl
  45B6C4 UTF8TOANSI@F12STRINGTHEORYRsbRlUl
  45B7A4 UTF16TO8@F12STRINGTHEORYRsbRll
  45B940 UTF8TO16@F12STRINGTHEORYRsbRl
  45BAA8 UTF16TOANSI@F12STRINGTHEORYRsbRllUl
  45BC3C ANSITOUTF16@F12STRINGTHEORYRsbRlUl
  45BDAC FROMBLOB@F12STRINGTHEORYBb
  45BED4 TOBLOB@F12STRINGTHEORYBb
  45C03C AFTER@F12STRINGTHEORYsblll
  45C154 FINDBETWEEN@F12STRINGTHEORYsbsbRlRlll
  45C388 BETWEEN@F12STRINGTHEORYsbsbllll
  45C418 BEFORE@F12STRINGTHEORYsblll
  45C4E8 ADDBOM@F12STRINGTHEORYl
  45C680 SETENCODINGFROMBOM@F12STRINGTHEORYl
  45C7E0 SAVEFILEA@F12STRINGTHEORYsbsbl
  45C858 SAVEFILE@F12STRINGTHEORYRsbsbll
  45CAE8 SAVEFILE@F12STRINGTHEORYsbl
  45CC04 LOADFILE@F12STRINGTHEORYsblll
  45CFC4 URLPARAMETER@F12STRINGTHEORYsbOsb
  45D36C URLPARAMETERSONLY@F12STRINGTHEORYOsb
  45D4DC URLFILEONLY@F12STRINGTHEORYOsb
  45D730 URLPATHONLY@F12STRINGTHEORYOsbl
  45D9B8 URLPORTONLY@F12STRINGTHEORYOsb
  45DC2C URLHOSTONLY@F12STRINGTHEORYOsbl
  45DE8C URLPROTOCOLONLY@F12STRINGTHEORYOsb
  45E058 PATHONLY@F12STRINGTHEORYOsb
  45E210 FILENAMEONLY@F12STRINGTHEORYOsbl
  45E688 LOWER@F12STRINGTHEORYOsbOsb
  45E900 UPPER@F12STRINGTHEORYOsbOsb
  45EB78 TRACE@F12STRINGTHEORYOsb
  45ED20 TRACE@F12STRINGTHEORYBq
  45EE40 TOCSTRING@F12STRINGTHEORY
  45EF78 SUB@F12STRINGTHEORYUlUl
  45F154 FILTER@F12STRINGTHEORYsbsb
  45F2E0 SORT@F12STRINGTHEORYl
  45F350 SORT@F12STRINGTHEORYlsbOsbOsbll
  45F45C SPLITEVERY@F12STRINGTHEORYl
  45F5F8 SPLIT@F12STRINGTHEORYsbOsbOsblllOsbl
  460274 SLICE@F12STRINGTHEORYUlUl
  4603B4 SETLENGTH@F12STRINGTHEORYll
  4605F8 REPLACE@F12STRINGTHEORYsbsblllll
  4613D0 RECORDS@F12STRINGTHEORY
  461408 MAKEGUID@F12STRINGTHEORYll
  461460 RANDOM@F12STRINGTHEORYllOsb
  461A1C PREPEND@F12STRINGTHEORYsblOsb
  461D14 MD5@F12STRINGTHEORYl
  461DEC _MALLOC@F12STRINGTHEORYlll
  462014 CHARS@F12STRINGTHEORYlOsb
  462218 LEN@F12STRINGTHEORY
  462240 LENGTHA@F12STRINGTHEORY
  462268 LENGTH@F12STRINGTHEORY
  462374 _JOINA@F12STRINGTHEORYsbOsbOsbl
  462A04 JOIN@F12STRINGTHEORYsbOsbOsbl
  4631F8 SERIALIZEGROUP@F12STRINGTHEORYRg12STRINGTHEORYOsbOsbll
  4636E8 SERIALIZEQUEUE@F12STRINGTHEORYBqOsb12STRINGTHEORYOsbOsbll
  463864 SERIALIZEGROUP@F12STRINGTHEORYRgOsbOsbOsbll
  463A0C SERIALIZEQUEUE@F12STRINGTHEORYBqOsbOsbOsbOsbll
  463BB4 REMOVELINES@F12STRINGTHEORYOsb
  463CD0 DELETELINE@F12STRINGTHEORYl
  463D5C ADDLINE@F12STRINGTHEORYlsb
  463E80 SETLINE@F12STRINGTHEORYlsb
  463FF8 INLINE@F12STRINGTHEORYsbllllll
  464228 GETBUFFERLENGTH@F12STRINGTHEORY
  464260 GETLINE@F12STRINGTHEORYl
  46436C GETVAL@F12STRINGTHEORY
  4643A0 GETVALUE@F12STRINGTHEORYl
  464594 GETVALUE@F12STRINGTHEORY
  464708 FORMATMESSAGE@F12STRINGTHEORYl
  464784 EXTENSIONONLY@F12STRINGTHEORYOsb
  4649A8 ERRORTRAP@F12STRINGTHEORYsbsb
  464AD8 CAPITALIZE@F12STRINGTHEORYlllOsb
  464D5C COUNT@F12STRINGTHEORYsbllllll
  464F18 INSTRING@F12STRINGTHEORYsblllll
  46535C CROP@F12STRINGTHEORYUlUl
  4653B0 CLIPLENGTH@F12STRINGTHEORY
  46543C CLIPLEN@F12STRINGTHEORY
  46546C FREELINES@F12STRINGTHEORY
  4654EC FREE@F12STRINGTHEORYll
  4655C0 XMLDECODE@F12STRINGTHEORY
  4656A4 XMLENCODE@F12STRINGTHEORYl
  46578C JSONDECODE@F12STRINGTHEORY
  46613C JSONENCODE@F12STRINGTHEORYl
  466670 ENCODEDWORDENCODE@F12STRINGTHEORYOsbl
  466858 ENCODEDWORDDECODE@F12STRINGTHEORY
  466D6C QUOTEDPRINTABLEDECODE@F12STRINGTHEORY
  466E00 QUOTEDPRINTABLEENCODE@F12STRINGTHEORY
  467014 BASE64DECODE@F12STRINGTHEORYRsbRl
  4672A0 BASE64DECODE@F12STRINGTHEORY
  467334 BASE64ENCODE@F12STRINGTHEORYRsbRl
  467870 BASE64ENCODE@F12STRINGTHEORYl
  467A60 SETVALUE@F12STRINGTHEORYRsbl
  467CD8 GETVALUEPTR@F12STRINGTHEORY
  467D7C ABBREVIATE@F12STRINGTHEORYlll
  467F3C ASSIGN@F12STRINGTHEORYsb
  467F84 ASSIGN@F12STRINGTHEORYRsb
  467FC8 _SETVALUEPOINTER@F12STRINGTHEORYllll
  4680B4 _GETNEXTBUFFERSIZE@F12STRINGTHEORYl
  468184 EQUALS@F12STRINGTHEORYsbl
  468268 EQUALS@F12STRINGTHEORY12STRINGTHEORYl
  468574 SETVALUE@F12STRINGTHEORYsbl
  4685C0 SETVALUE@F12STRINGTHEORY12STRINGTHEORY
  46868C CATADDR@F12STRINGTHEORYll
  468734 CAT@F12STRINGTHEORYRsbl
  4687F4 CAT@F12STRINGTHEORYsbl
  4688B8 APPEND@F12STRINGTHEORY12STRINGTHEORYOsb
  4689E0 APPEND@F12STRINGTHEORYRsblOsb
  468B84 APPEND@F12STRINGTHEORYsblOsb
  468C4C APPENDBINARY@F12STRINGTHEORYll
  468C90 APPENDA@F12STRINGTHEORYsblOsb
  468D58 START@F12STRINGTHEORY
  468E10 CONSTRUCT@F12STRINGTHEORY
  468E58 DESTRUCT@F12STRINGTHEORY
  469000 $DEFAULTERRORS
  46A444 $OVERRIDECHARACTERS
  46A464 $SCROLL:NAME
  46A590 $SCROLL:ALPHA
  46A658 TYPE$BROWSECLASS
  46AA40 TYPE$BROWSEEIPMANAGER
  46AD14 VMT$BROWSEEIPMANAGER
  46ADBC VMT$BROWSECLASS
  46AF90 TYPE$STANDARDBEHAVIOR
  46AFCC VMT$STANDARDBEHAVIOR
  46B01C TYPE$STEPLOCATORCLASS
  46B06C VMT$STEPLOCATORCLASS
  46B0A8 TYPE$STEPSTRINGCLASS
  46B0F8 VMT$STEPSTRINGCLASS
  46B164 TYPE$COLORMAP
  46B190 TCB$COLORMAP
  46B1A0 TYPE$EDITENTRYCLASS
  46B1E8 VMT$EDITENTRYCLASS
  46B4C0 STDERRORFILE$TYPE$RECORD
  46B4D8 $STDERRORFILE
  46B554 TYPE$PNQ
  46B574 TYPE$DEFAULTERRORS
  46B7F4 TYPE$HISTHANDLERCLASS
  46B83C VMT$HISTHANDLERCLASS
  46B86C TYPE$MSGBOXCLASS
  46BAE4 VMT$MSGBOXCLASS
  46BB70 TYPE$ERRORCLASS
  46BDCC VMT$ERRORCLASS
  46BE18 TYPE$STANDARDERRORLOGCLASS
  46BE50 VMT$STANDARDERRORLOGCLASS
  46BE68 TYPE$ERRORSTATUSCLASS
  46BF5C VMT$ERRORSTATUSCLASS
  46C66C TYPE$UNTHREADEDFILEOPENERMAP
  46C690 TCB$UNTHREADEDFILEOPENERMAP
  46C6A0 TYPE$FILESMANAGER
  46C6E4 VMT$FILESMANAGER
  46C6F0 TYPE$FILEMAPPING_T
  46C71C TYPE$FILEMAPPING_R
  46C74C TYPE$STATUSQ_T
  46C7B4 TYPE$UNTHREADEDFILEOPENSERVER
  46C810 VMT$UNTHREADEDFILEOPENSERVER
  46C834 TYPE$THREADEDFILEOPENSERVER
  46C874 VMT$THREADEDFILEOPENSERVER
  46CA84 TYPE$FUZZYCLASS
  46CB2C VMT$FUZZYCLASS
  46CC7C TYPE$POPUPITEMQUEUE
  46CCEC TYPE$POPUPCLASS
  46CD98 VMT$POPUPCLASS
  46CE88 TYPE$FIELDQUEUE
  46D080 TYPE$PAGEMANAGERCLASS
  46D138 VMT$PAGEMANAGERCLASS
  46D144 TYPE$ZOOMITEMQUEUE
  46D17C $ZOOMPRESETS
  46D270 TYPE$PRINTPREVIEWCLASS
  46D8D8 VMT$PRINTPREVIEWCLASS
  46DA4C TYPE$WINDOWRESIZECLASS
  46DC94 TYPE$REPORTATTRIBUTEMANAGER
  46DCB0 VMT$REPORTATTRIBUTEMANAGER
  46DE74 TYPE$REPORTTARGETSELECTORCLASS
  46DF00 VMT$REPORTTARGETSELECTORCLASS
  46DFA4 TYPE$TOOLBARTARGETQUEUE
  46DFC0 TYPE$TOOLBARCLASS
  46DFD8 VMT$TOOLBARCLASS
  46E0D8 TYPE$CONSTDESCRIPTORLIST
  46E100 TYPE$CONSTANTCLASS
  46E1A0 VMT$CONSTANTCLASS
  46E1AC TYPE$INICLASS
  46E1F4 VMT$INICLASS
  46E280 TYPE$BUFFEREDPAIRSCLASS
  46E2A4 VMT$BUFFEREDPAIRSCLASS
  46E2DC TYPE$FIELDPAIRSCLASS
  46E2F4 VMT$FIELDPAIRSCLASS
  46E338 TYPE$FILELIST
  46E35C TYPE$HISTORYLIST
  46E394 TYPE$BUTTONLIST
  46E3B8 TYPE$COMPONENTLIST
  46E504 WMFINFILE$TYPE$WMFF@:RECORD
  46E524 TYPE$QUEUEDC
  46E588 TYPE$QUEUEHOLES
  46E59C TYPE$QUEUEBRUSH
  46E5C8 TYPE$QUEUEPENS
  46E5F4 TYPE$QUEUEFONTS
  46E63C TYPE$QUEUEOBJECTS
  46E658 TYPE$WMFDOCUMENTPARSER
  46E6BC VMT$WMFDOCUMENTPARSER
  46E6C8 TYPE$WMFPARSER
  46F1E0 VMT$WMFPARSER
  46F1EC TYPE$POINTQUEUE
  46F208 TYPE$SLICEFORMATQUEUE
  46F2B0 TYPE$TEXTFORMATQUEUE
  46F368 TYPE$CRITICALSECTION
  46F380 VMT$CRITICALSECTION
  46F38C TYPE$CRITICALPROCEDURE
  46F3A4 VMT$CRITICALPROCEDURE
  481980 TYPE$HIDE:RELATE:LINKEMPLOYEEQUALIFICATION
  481A24 VMT$HIDE:RELATE:LINKEMPLOYEEQUALIFICATION
  481A60 TYPE$HIDE:ACCESS:LINKEMPLOYEEQUALIFICATION
  481C70 VMT$HIDE:ACCESS:LINKEMPLOYEEQUALIFICATION
  481D60 TYPE$HIDE:RELATE:LINKBENEFITSEMPLOYEE
  481E04 VMT$HIDE:RELATE:LINKBENEFITSEMPLOYEE
  481E40 TYPE$HIDE:ACCESS:LINKBENEFITSEMPLOYEE
  482050 VMT$HIDE:ACCESS:LINKBENEFITSEMPLOYEE
  482140 TYPE$HIDE:RELATE:SCHOOLS
  4821E4 VMT$HIDE:RELATE:SCHOOLS
  482220 TYPE$HIDE:ACCESS:SCHOOLS
  482430 VMT$HIDE:ACCESS:SCHOOLS
  482520 TYPE$HIDE:RELATE:QUALIFICATION
  4825C4 VMT$HIDE:RELATE:QUALIFICATION
  482600 TYPE$HIDE:ACCESS:QUALIFICATION
  482810 VMT$HIDE:ACCESS:QUALIFICATION
  482900 TYPE$HIDE:RELATE:BENEFITS
  4829A4 VMT$HIDE:RELATE:BENEFITS
  4829E0 TYPE$HIDE:ACCESS:BENEFITS
  482BF0 VMT$HIDE:ACCESS:BENEFITS
  482CE0 TYPE$HIDE:RELATE:SALARY
  482D84 VMT$HIDE:RELATE:SALARY
  482DC0 TYPE$HIDE:ACCESS:SALARY
  482FD0 VMT$HIDE:ACCESS:SALARY
  4830C0 TYPE$HIDE:RELATE:PHONES
  483164 VMT$HIDE:RELATE:PHONES
  4831A0 TYPE$HIDE:ACCESS:PHONES
  4833B0 VMT$HIDE:ACCESS:PHONES
  4834A0 TYPE$HIDE:RELATE:EMPLOYEES
  483544 VMT$HIDE:RELATE:EMPLOYEES
  483580 TYPE$HIDE:ACCESS:EMPLOYEES
  483790 VMT$HIDE:ACCESS:EMPLOYEES
  483A58 TYPE$DICTIONARY
  483A68 VMT$DICTIONARY
  483A74 LINKEMPLOYEEQUALIFICATION$TYPE$LIN2:RECORD
  483ACC LINKBENEFITSEMPLOYEE$TYPE$LIN:RECORD
  483B1C SCHOOLS$TYPE$SCH:RECORD
  483B74 QUALIFICATION$TYPE$QUA:RECORD
  483BDC BENEFITS$TYPE$BEN:RECORD
  483C3C SALARY$TYPE$SAL:RECORD
  483C94 PHONES$TYPE$PHO:RECORD
  483CF0 EMPLOYEES$TYPE$EMP:RECORD
  4853C8 TYPE$STRINGTHEORY
  4854DC VMT$STRINGTHEORY
  4858BC $STR
  485CE8 VMTP$DICTIONARY
  485FF8 VMTP$HIDE:RELATE:LINKEMPLOYEEQUALIFICATION
  486000 VMTP$HIDE:ACCESS:LINKEMPLOYEEQUALIFICATION
  486008 VMTP$HIDE:RELATE:LINKBENEFITSEMPLOYEE
  486010 VMTP$HIDE:ACCESS:LINKBENEFITSEMPLOYEE
  486018 VMTP$HIDE:RELATE:SCHOOLS
  486020 VMTP$HIDE:ACCESS:SCHOOLS
  486028 VMTP$HIDE:RELATE:QUALIFICATION
  486030 VMTP$HIDE:ACCESS:QUALIFICATION
  486038 VMTP$HIDE:RELATE:BENEFITS
  486040 VMTP$HIDE:ACCESS:BENEFITS
  486048 VMTP$HIDE:RELATE:SALARY
  486050 VMTP$HIDE:ACCESS:SALARY
  486058 VMTP$HIDE:RELATE:PHONES
  486060 VMTP$HIDE:ACCESS:PHONES
  486068 VMTP$HIDE:RELATE:EMPLOYEES
  486070 VMTP$HIDE:ACCESS:EMPLOYEES
  486078 VMTP$FILESMANAGER
  486080 VMTP$UNTHREADEDFILEOPENSERVER
  486088 VMTP$THREADEDFILEOPENSERVER
  486090 VMTP$CONSTANTCLASS
  486098 VMTP$INICLASS
  4860A0 VMTP$BUFFEREDPAIRSCLASS
  4860A8 VMTP$FIELDPAIRSCLASS
  4860B0 VMTP$POPUPCLASS
  4860B8 VMTP$TOOLBARCLASS
  4860C0 VMTP$EDITENTRYCLASS
  4860C8 VMTP$BROWSEEIPMANAGER
  4860D0 VMTP$BROWSECLASS
  4860D8 VMTP$STANDARDBEHAVIOR
  4860E0 VMTP$STEPLOCATORCLASS
  4860E8 VMTP$STEPSTRINGCLASS
  4860F0 VMTP$HISTHANDLERCLASS
  4860F8 VMTP$MSGBOXCLASS
  486100 VMTP$ERRORCLASS
  486108 VMTP$STANDARDERRORLOGCLASS
  486110 VMTP$ERRORSTATUSCLASS
  486118 VMTP$FUZZYCLASS
  486120 VMTP$STRINGTHEORY
  486128 VMTP$WMFDOCUMENTPARSER
  486130 VMTP$WMFPARSER
  486138 VMTP$REPORTATTRIBUTEMANAGER
  486140 VMTP$REPORTTARGETSELECTORCLASS
  486148 VMTP$PAGEMANAGERCLASS
  486150 VMTP$PRINTPREVIEWCLASS
  486158 VMTP$CRITICALSECTION
  486160 VMTP$CRITICALPROCEDURE
  486170 $FUZZYMATCHER
  487794 $COLORMAP
  4877CC $MULTIWINDOW
  4877D0 $TXTWINDOW
  4877D4 $WINDOW
  4877D8 STDERRORFILE$RECORD
  487BD8 $UNTHREADEDFILEOPENERMAP
  487BE0 $CREATEOPENERCRIT
  487CF0 KEYS$WMFINFILE
  487D24 $INIMGR
  487E3C stNormalizeString
  487E40 $HNORMALIZ
  487E44 stInflateEnd
  487E48 stInflate
  487E4C stInflateInit2_
  487E50 stDeflateEnd
  487E54 stDeflate
  487E58 stDeflateInit2_
  487E5C $HZLIB
  487E60 $SEEDED
  487E64 $RECORDVALUE
  488008 $GLO:STR
  488104 LINKEMPLOYEEQUALIFICATION$LIN2:GUIDKEY
  488128 LINKEMPLOYEEQUALIFICATION$LIN2:EMPLOYEEGUIDKEY
  48814C LINKEMPLOYEEQUALIFICATION$LIN2:QUALIFICATIONGUIDKEY
  488170 KEYS$LINKEMPLOYEEQUALIFICATION
  48817C $LINKEMPLOYEEQUALIFICATION
  4881D0 LINKBENEFITSEMPLOYEE$LIN:GUIDKEY
  4881F4 LINKBENEFITSEMPLOYEE$LIN:BENEFITSGUIDKEY
  488218 LINKBENEFITSEMPLOYEE$LIN:EMPLOYEEGUIDKEY
  48823C KEYS$LINKBENEFITSEMPLOYEE
  488248 $LINKBENEFITSEMPLOYEE
  48829C SCHOOLS$SCH:QUALIFICATIONGUIDKEY
  4882C0 SCHOOLS$SCH:GUIDKEY
  4882E4 KEYS$SCHOOLS
  4882EC $SCHOOLS
  488340 QUALIFICATION$QUA:EMPLOYEEGUIDKEY
  488364 QUALIFICATION$QUA:SCHOOLGUIDKEY
  488388 QUALIFICATION$QUA:GUIDKEY
  4883AC KEYS$QUALIFICATION
  4883B8 $QUALIFICATION
  48840C BENEFITS$BEN:EMPLOYEEGUIDKEY
  488430 BENEFITS$BEN:GUIDKEY
  488454 KEYS$BENEFITS
  48845C $BENEFITS
  4884B0 SALARY$SAL:EMPLOYEEGUIDKEY
  4884D4 SALARY$SAL:GUIDKEY
  4884F8 KEYS$SALARY
  488500 $SALARY
  488554 PHONES$PHO:EMPLOYEEGUIDKEY
  488578 PHONES$PHO:GUIDKEY
  48859C KEYS$PHONES
  4885A4 $PHONES
  4885F8 EMPLOYEES$EMP:PHONEGUIDKEY
  48861C EMPLOYEES$EMP:BENEFITSGUIDKEY
  488640 EMPLOYEES$EMP:SALARYGUIDKEY
  488664 EMPLOYEES$EMP:QUALIFICATIONGUIDKEY
  488688 EMPLOYEES$EMP:GUIDKEY
  4886AC KEYS$EMPLOYEES
  4886C0 $EMPLOYEES
  488C54 $EPOC
  488CAC $WMFINFILE
  488DB0 $GLOBALERRORSTATUS
  48A0D4 $GLOBALREQUEST
  48A0D8 $GLOBALRESPONSE
  48A0DC $VCRREQUEST
  48A0E0 $DICTIONARY
  48A0E4 LINKEMPLOYEEQUALIFICATION$LIN2:RECORD
  48A114 LINKBENEFITSEMPLOYEE$LIN:RECORD
  48A144 SCHOOLS$SCH:RECORD
  48A2C8 QUALIFICATION$QUA:RECORD
  48A360 BENEFITS$BEN:RECORD
  48A494 SALARY$SAL:RECORD
  48A4D0 PHONES$PHO:RECORD
  48A518 EMPLOYEES$EMP:RECORD
  48A6E8 $RELATE:LINKEMPLOYEEQUALIFICATION
  48A6EC $ACCESS:LINKEMPLOYEEQUALIFICATION
  48A6F0 $RELATE:LINKBENEFITSEMPLOYEE
  48A6F4 $ACCESS:LINKBENEFITSEMPLOYEE
  48A6F8 $RELATE:SCHOOLS
  48A6FC $ACCESS:SCHOOLS
  48A700 $RELATE:QUALIFICATION
  48A704 $ACCESS:QUALIFICATION
  48A708 $RELATE:BENEFITS
  48A70C $ACCESS:BENEFITS
  48A710 $RELATE:SALARY
  48A714 $ACCESS:SALARY
  48A718 $RELATE:PHONES
  48A71C $ACCESS:PHONES
  48A720 $RELATE:EMPLOYEES
  48A724 $ACCESS:EMPLOYEES
  48AE60 EMPLOYEEAPP_BC0$_HIDE:RELATE:LINKEMPLOYEEQUALIFICATION
  48AE64 EMPLOYEEAPP_BC0$_HIDE:ACCESS:LINKEMPLOYEEQUALIFICATION
  48AE68 EMPLOYEEAPP_BC0$_HIDE:RELATE:LINKBENEFITSEMPLOYEE
  48AE6C EMPLOYEEAPP_BC0$_HIDE:ACCESS:LINKBENEFITSEMPLOYEE
  48AE70 EMPLOYEEAPP_BC0$_HIDE:RELATE:SCHOOLS
  48AE74 EMPLOYEEAPP_BC0$_HIDE:ACCESS:SCHOOLS
  48AE78 EMPLOYEEAPP_BC0$_HIDE:RELATE:QUALIFICATION
  48AE7C EMPLOYEEAPP_BC0$_HIDE:ACCESS:QUALIFICATION
  48AE80 EMPLOYEEAPP_BC0$_HIDE:RELATE:BENEFITS
  48AE84 EMPLOYEEAPP_BC0$_HIDE:ACCESS:BENEFITS
  48AE88 EMPLOYEEAPP_BC0$_HIDE:RELATE:SALARY
  48AE8C EMPLOYEEAPP_BC0$_HIDE:ACCESS:SALARY
  48AE90 EMPLOYEEAPP_BC0$_HIDE:RELATE:PHONES
  48AE94 EMPLOYEEAPP_BC0$_HIDE:ACCESS:PHONES
  48AE98 EMPLOYEEAPP_BC0$_HIDE:RELATE:EMPLOYEES
  48AE9C EMPLOYEEAPP_BC0$_HIDE:ACCESS:EMPLOYEES
  48AEA0 $FILESMANAGER
  48AEB8 $SZDBTEXTLOG
  48B7AC WMFINFILE$WMFF@:RECORD
  49D000 __import_section_start
  49F08C __import_section_end

Imports
ClaASC.dll:ASCII 49D094
ClaDOS.dll:DOS 49D0A4
ClaRUN.dll:Cla$ACCEPTED 49D4E0,401000
ClaRUN.dll:Cla$ADDqueue 49D4E4
ClaRUN.dll:Cla$ADDqueuekey 49D4E8,401008
ClaRUN.dll:Cla$ADDqueueptr 49D4EC
ClaRUN.dll:Cla$AddressUfo 49D4F0
ClaRUN.dll:Cla$AssertFailed 49D4F4
ClaRUN.dll:Cla$AssertFailedM 49D4F8
ClaRUN.dll:Cla$AssignLong2RefUfo 49D4FC
ClaRUN.dll:Cla$AssignReal2RefUfo 49D500
ClaRUN.dll:Cla$AssignRefUfo 49D504
ClaRUN.dll:Cla$BEEP 49D508,401010
ClaRUN.dll:Cla$BindG 49D50C
ClaRUN.dll:Cla$BLOB_GET_PROPERTY 49D510
ClaRUN.dll:Cla$BLOB_SET_PROPERTY 49D514
ClaRUN.dll:Cla$BLOB_TAKE 49D518
ClaRUN.dll:Cla$BLOB_YIELD 49D51C
ClaRUN.dll:Cla$CHOICE 49D520,401018
ClaRUN.dll:Cla$CLEAR 49D524
ClaRUN.dll:Cla$CLEARqueue 49D528
ClaRUN.dll:Cla$clearstr 49D52C
ClaRUN.dll:Cla$ClearType 49D530
ClaRUN.dll:Cla$ClearUfo 49D534
ClaRUN.dll:Cla$CLOCK 49D538,401020
ClaRUN.dll:Cla$CloneUfo 49D53C
ClaRUN.dll:Cla$CLOSEwindow 49D540,401028
ClaRUN.dll:Cla$code 49D544
ClaRUN.dll:Cla$COMMIT 49D548,401030
ClaRUN.dll:Cla$comparestr 49D54C
ClaRUN.dll:Cla$CREATE 49D550
ClaRUN.dll:Cla$DEBUGHOOK 49D554,401038
ClaRUN.dll:Cla$DecAdd 49D558
ClaRUN.dll:Cla$DecCompareN 49D55C
ClaRUN.dll:Cla$DecDistinct 49D560
ClaRUN.dll:Cla$DecDistinctR 49D564
ClaRUN.dll:Cla$DecDivide 49D568
ClaRUN.dll:Cla$DecMul 49D56C
ClaRUN.dll:Cla$DecSub 49D570
ClaRUN.dll:Cla$DecSubR 49D574
ClaRUN.dll:Cla$DELETEqueue 49D578,401040
ClaRUN.dll:Cla$DELETEREG 49D57C,401048
ClaRUN.dll:Cla$DESTROY 49D580,401050
ClaRUN.dll:Cla$DInt 49D584
ClaRUN.dll:Cla$DISABLE 49D588,401058
ClaRUN.dll:Cla$DISPLAY 49D58C,401060
ClaRUN.dll:Cla$DISPOSEqueue 49D590
ClaRUN.dll:Cla$DISPOSEref 49D594
ClaRUN.dll:Cla$DISPOSEvref 49D598
ClaRUN.dll:Cla$Dlongpower 49D59C
ClaRUN.dll:Cla$DPopDec 49D5A0
ClaRUN.dll:Cla$DPopLong 49D5A4
ClaRUN.dll:Cla$DPopReal 49D5A8
ClaRUN.dll:Cla$DPopUlong 49D5AC
ClaRUN.dll:Cla$DPushConstant 49D5B0
ClaRUN.dll:Cla$DPushDec 49D5B4
ClaRUN.dll:Cla$DPushLong 49D5B8
ClaRUN.dll:Cla$DPushULong 49D5BC
ClaRUN.dll:Cla$DRound 49D5C0
ClaRUN.dll:Cla$DStack2Stack 49D5C4
ClaRUN.dll:Cla$duplicate 49D5C8
ClaRUN.dll:Cla$ENABLE 49D5CC,401068
ClaRUN.dll:Cla$EndEventLoop 49D5D0
ClaRUN.dll:Cla$EndEventLoops 49D5D4
ClaRUN.dll:Cla$ENDPAGE 49D5D8,401070
ClaRUN.dll:Cla$ERRORCODE 49D5DC,401078
ClaRUN.dll:Cla$Evaluate 49D5E0,401080
ClaRUN.dll:Cla$EVENT 49D5E4,401088
ClaRUN.dll:Cla$FIELD 49D5E8,401090
ClaRUN.dll:Cla$FILEERRORCODE 49D5EC,401098
ClaRUN.dll:Cla$FILEERRORMSG 49D5F0,4010A0
ClaRUN.dll:Cla$FileExists 49D5F4,4010A8
ClaRUN.dll:Cla$FILE_ADDf 49D5F8
ClaRUN.dll:Cla$FILE_BUFFER 49D5FC,4010B0
ClaRUN.dll:Cla$FILE_BUILDf 49D600,4010B8
ClaRUN.dll:Cla$FILE_BYTES 49D604,4010C0
ClaRUN.dll:CLA$FILE_CALLBACK 49D608,4010C8
ClaRUN.dll:Cla$FILE_CLEAR 49D60C
ClaRUN.dll:Cla$FILE_CLOSE 49D610,4010D0
ClaRUN.dll:Cla$FILE_CREATE 49D614
ClaRUN.dll:Cla$FILE_DELETE 49D618,4010D8
ClaRUN.dll:CLA$FILE_DESTROY 49D61C
ClaRUN.dll:Cla$FILE_DUPLICATEk 49D620,4010E0
ClaRUN.dll:Cla$FILE_FLUSH 49D624,4010E8
ClaRUN.dll:CLA$FILE_FREESTATE 49D628,4010F0
ClaRUN.dll:Cla$FILE_GETfk 49D62C
ClaRUN.dll:Cla$FILE_GETfl 49D630
ClaRUN.dll:Cla$FILE_GETflu 49D634
ClaRUN.dll:Cla$FILE_GETNULLS 49D638,4010F8
ClaRUN.dll:CLA$FILE_GETSTATE 49D63C,401100
ClaRUN.dll:Cla$FILE_GET_PROPERTY 49D640
ClaRUN.dll:Cla$FILE_NAME 49D644,401108
ClaRUN.dll:Cla$FILE_NEXT 49D648,401110
ClaRUN.dll:Cla$FILE_NOMEMO 49D64C,401118
ClaRUN.dll:Cla$FILE_OPEN 49D650,401120
ClaRUN.dll:Cla$FILE_POSITIONf 49D654,401128
ClaRUN.dll:Cla$FILE_POSITIONk 49D658,401130
ClaRUN.dll:Cla$FILE_PREV 49D65C,401138
ClaRUN.dll:Cla$FILE_PUTf 49D660
ClaRUN.dll:Cla$FILE_RECORDSf 49D664,401140
ClaRUN.dll:Cla$FILE_REGETf 49D668,401148
ClaRUN.dll:Cla$FILE_REGETk 49D66C,401150
ClaRUN.dll:Cla$FILE_RESETf 49D670,401158
ClaRUN.dll:Cla$FILE_RESETk 49D674,401160
ClaRUN.dll:CLA$FILE_RESTORESTATE 49D678,401168
ClaRUN.dll:Cla$FILE_SEND 49D67C,401170
ClaRUN.dll:Cla$FILE_SETk 49D680,401178
ClaRUN.dll:Cla$FILE_SETkk 49D684,401180
ClaRUN.dll:Cla$FILE_SETNULLS 49D688,401188
ClaRUN.dll:Cla$FILE_SET_PROPERTY 49D68C
ClaRUN.dll:Cla$FILE_WATCH 49D690,401190
ClaRUN.dll:Cla$FOCUS 49D694,401198
ClaRUN.dll:Cla$FREEqueue 49D698
ClaRUN.dll:Cla$FREEqueuea 49D69C,4011A0
ClaRUN.dll:Cla$freestr 49D6A0
ClaRUN.dll:Cla$FreeUfo 49D6A4
ClaRUN.dll:Cla$freewindow 49D6A8
ClaRUN.dll:Cla$GETGROUP 49D6AC,4011A8
ClaRUN.dll:Cla$GETINI 49D6B0,4011B0
ClaRUN.dll:Cla$GETPOSITION 49D6B4,4011B8
ClaRUN.dll:Cla$GETPOSITIONw 49D6B8,4011C0
ClaRUN.dll:Cla$GetPropS 49D6BC
ClaRUN.dll:Cla$GETqueuekey 49D6C0,4011C8
ClaRUN.dll:Cla$GETqueueptr 49D6C4
ClaRUN.dll:Cla$GETREG 49D6C8,4011D0
ClaRUN.dll:Cla$Group2Ufo 49D6CC
ClaRUN.dll:Cla$HALT 49D6D0,4011D8
ClaRUN.dll:Cla$HIDE 49D6D4,4011E0
ClaRUN.dll:Cla$init 49D6D8
ClaRUN.dll:Cla$INSTANCE 49D6DC,4011E8
ClaRUN.dll:Cla$IsAlpha 49D6E0,4011F0
ClaRUN.dll:Cla$isftoupper 49D6E4,4011F8
ClaRUN.dll:Cla$ISGROUP 49D6E8,401200
ClaRUN.dll:Cla$IsUfoString 49D6EC,401208
ClaRUN.dll:Cla$IsUpper 49D6F0,401210
ClaRUN.dll:Cla$KEYCHAR 49D6F4,401218
ClaRUN.dll:Cla$KEYCODE 49D6F8,401220
ClaRUN.dll:Cla$KEY_GET_PROPERTY 49D6FC
ClaRUN.dll:Cla$LASTFIELD 49D700,401228
ClaRUN.dll:Cla$LOGOUT 49D704,401230
ClaRUN.dll:Cla$longtostr 49D708
ClaRUN.dll:Cla$Mem2Ufo 49D70C
ClaRUN.dll:Cla$MessageBox 49D710,401238
ClaRUN.dll:Cla$modulus 49D714
ClaRUN.dll:Cla$MOUSEX 49D718,401240
ClaRUN.dll:Cla$MOUSEY 49D71C,401248
ClaRUN.dll:Cla$NewMemB 49D720
ClaRUN.dll:Cla$NewMemT 49D724
ClaRUN.dll:Cla$NewMemZ 49D728
ClaRUN.dll:Cla$NEWqueue 49D72C
ClaRUN.dll:Cla$NOTIFICATION 49D730,401250
ClaRUN.dll:Cla$OPENowned 49D734,401258
ClaRUN.dll:Cla$OPENwindow 49D738,401260
ClaRUN.dll:Cla$paopen 49D73C,401268
ClaRUN.dll:Cla$PEEK 49D740
ClaRUN.dll:Cla$pmopen 49D744,401270
ClaRUN.dll:Cla$POINTERqueue 49D748,401278
ClaRUN.dll:Cla$PopAString 49D74C
ClaRUN.dll:Cla$PopBind 49D750,401280
ClaRUN.dll:Cla$PopCString 49D754
ClaRUN.dll:Cla$PopPString 49D758
ClaRUN.dll:Cla$PopReal 49D75C
ClaRUN.dll:Cla$PopString 49D760
ClaRUN.dll:Cla$PopTemp 49D764
ClaRUN.dll:Cla$POPUP 49D768,401288
ClaRUN.dll:Cla$POST 49D76C,401290
ClaRUN.dll:Cla$PRINTreport 49D770
ClaRUN.dll:Cla$propen 49D774,401298
ClaRUN.dll:Cla$PushAString 49D778
ClaRUN.dll:Cla$PushBind 49D77C,4012A0
ClaRUN.dll:Cla$PushCString 49D780
ClaRUN.dll:Cla$PushLong 49D784
ClaRUN.dll:Cla$PushPictDec 49D788
ClaRUN.dll:Cla$PushPictLong 49D78C
ClaRUN.dll:Cla$PushReal 49D790
ClaRUN.dll:Cla$PushString 49D794
ClaRUN.dll:Cla$PushTemp 49D798
ClaRUN.dll:Cla$PushUfo 49D79C
ClaRUN.dll:Cla$PUTINI 49D7A0,4012A8
ClaRUN.dll:Cla$PUTqueue 49D7A4
ClaRUN.dll:Cla$PUTqueuekey 49D7A8,4012B0
ClaRUN.dll:Cla$PUTREG 49D7AC,4012B8
ClaRUN.dll:Cla$pwopen 49D7B0,4012C0
ClaRUN.dll:Cla$RANDOM 49D7B4,4012C8
ClaRUN.dll:Cla$realdistinct 49D7B8
ClaRUN.dll:Cla$RECORDSqueue 49D7BC,4012D0
ClaRUN.dll:Cla$RefAssignAny 49D7C0
ClaRUN.dll:Cla$REGISTEREVENT 49D7C4,4012D8
ClaRUN.dll:Cla$REGULAR 49D7C8,4012E0
ClaRUN.dll:Cla$RemoveFile 49D7CC,4012E8
ClaRUN.dll:Cla$ROLLBACK 49D7D0,4012F0
ClaRUN.dll:Cla$rterr 49D7D4,4012F8
ClaRUN.dll:Cla$RUN 49D7D8,401300
ClaRUN.dll:Cla$SELECT 49D7DC,401308
ClaRUN.dll:Cla$SETCURSOR 49D7E0,401310
ClaRUN.dll:Cla$SETKEYCODE 49D7E4,401318
ClaRUN.dll:Cla$SETLAYOUT 49D7E8,401320
ClaRUN.dll:Cla$SETPOSITION 49D7EC,401328
ClaRUN.dll:Cla$SETPOSITIONw 49D7F0,401330
ClaRUN.dll:Cla$SetPropF 49D7F4
ClaRUN.dll:Cla$SetPropQ 49D7F8
ClaRUN.dll:Cla$SetPropS 49D7FC
ClaRUN.dll:Cla$SetPropV 49D800
ClaRUN.dll:Cla$SETTARGET 49D804,401338
ClaRUN.dll:Cla$SORTqueuefkey 49D808
ClaRUN.dll:Cla$SORTqueuekey 49D80C,401340
ClaRUN.dll:Cla$Stack2DStack 49D810
ClaRUN.dll:Cla$Stack2Ufo 49D814
ClaRUN.dll:Cla$StackALL 49D818,401348
ClaRUN.dll:Cla$StackCLIP 49D81C,401350
ClaRUN.dll:Cla$StackCompare 49D820
ClaRUN.dll:Cla$StackCompareN 49D824
ClaRUN.dll:Cla$StackCompareNEQ 49D828
ClaRUN.dll:Cla$StackCompareR 49D82C
ClaRUN.dll:Cla$StackConcat 49D830
ClaRUN.dll:Cla$StackConcatR 49D834
ClaRUN.dll:Cla$StackDEFORMAT2 49D838
ClaRUN.dll:Cla$StackErrstr 49D83C,401358
ClaRUN.dll:Cla$StackFORMAT2 49D840
ClaRUN.dll:Cla$StackHeap 49D844
ClaRUN.dll:Cla$StackINLIST 49D848
ClaRUN.dll:Cla$StackINSTRING 49D84C,401360
ClaRUN.dll:Cla$StackLEFT 49D850,401368
ClaRUN.dll:Cla$StackLen 49D854,401370
ClaRUN.dll:Cla$StackLOWER 49D858,401378
ClaRUN.dll:Cla$StackNUMERIC 49D85C,401380
ClaRUN.dll:Cla$STACKpop 49D860
ClaRUN.dll:Cla$StackRIGHT 49D864,401388
ClaRUN.dll:Cla$StackRotate 49D868
ClaRUN.dll:Cla$StackSUB 49D86C,401390
ClaRUN.dll:Cla$StackUPPER 49D870,401398
ClaRUN.dll:Cla$StackVAL 49D874
ClaRUN.dll:Cla$START 49D878,4013A0
ClaRUN.dll:Cla$START2 49D87C,4013A8
ClaRUN.dll:Cla$StartEventLoop 49D880
ClaRUN.dll:Cla$STATUSfile 49D884,4013B0
ClaRUN.dll:Cla$storecstr 49D888
ClaRUN.dll:Cla$storestr 49D88C
ClaRUN.dll:Cla$String2Ref 49D890
ClaRUN.dll:Cla$THREAD 49D894,4013B8
ClaRUN.dll:Cla$THREAD_FILE 49D898
ClaRUN.dll:Cla$TODAY 49D89C,4013C0
ClaRUN.dll:Cla$Ufo2Real 49D8A0
ClaRUN.dll:Cla$UfoCompareN 49D8A4
ClaRUN.dll:Cla$Ufodistinct 49D8A8
ClaRUN.dll:Cla$UNHIDE 49D8AC,4013C8
ClaRUN.dll:Cla$UNREGISTEREVENT 49D8B0,4013D0
ClaRUN.dll:Cla$UPDATE 49D8B4,4013D8
ClaRUN.dll:Cla$VIEW_RESETvf 49D8B8,4013E0
ClaRUN.dll:Cla$VIEW_SETvl 49D8BC,4013E8
ClaRUN.dll:Cla$WHAT 49D8C0,4013F0
ClaRUN.dll:Cla$WHATqueue 49D8C4,4013F8
ClaRUN.dll:Cla$WHOqueue 49D8C8,401400
ClaRUN.dll:Cla$YIELD 49D8CC,401408
ClaRUN.dll:NewCriticalSection 49D8D0,401410
ClaRUN.dll:THR$GetInstance 49D8D4,401418
ClaRUN.dll:VIEWDRIVER 49D8D8
ClaRUN.dll:_exit 49D8DC,401420
ClaRUN.dll:_fnsplit 49D8E0,401428
ClaRUN.dll:_free 49D8E4
ClaRUN.dll:_malloc 49D8E8
ClaRUN.dll:_memchr 49D8EC,401430
ClaRUN.dll:_memcmp 49D8F0,401438
ClaRUN.dll:_memcpy 49D8F4,401440
ClaRUN.dll:_srand 49D8F8,401448
ClaRUN.dll:__a_chkstk 49D8FC,401450
ClaRUN.dll:__e_index 49D900,401458
ClaRUN.dll:__e_stack 49D904,401460
ClaRUN.dll:__sysinit 49D908,401468
ClaRUN.dll:__sysstart 49D90C,401470
ClaTPS.dll:TOPSPEED 49D91C
KERNEL32.dll:CloseHandle 49D964,401478
KERNEL32.dll:CreateFileA 49D968,401480
KERNEL32.dll:FormatMessageA 49D96C,401488
KERNEL32.dll:GetCurrentProcessId 49D970,401490
KERNEL32.dll:GetFileSize 49D974,401498
KERNEL32.dll:GetLastError 49D978,4014A0
KERNEL32.dll:GetProcAddress 49D97C,4014A8
KERNEL32.dll:LoadLibraryA 49D980,4014B0
KERNEL32.dll:MulDiv 49D984,4014B8
KERNEL32.dll:MultiByteToWideChar 49D988,4014C0
KERNEL32.dll:OutputDebugStringA 49D98C,4014C8
KERNEL32.dll:ReadFile 49D990,4014D0
KERNEL32.dll:SetFilePointer 49D994,4014D8
KERNEL32.dll:WideCharToMultiByte 49D998,4014E0
KERNEL32.dll:WriteFile 49D99C,4014E8
USER32.dll:GetSysColor 49D9B0,4014F0
USER32.dll:GetSystemMetrics 49D9B4,4014F8



Entry Point:   44B600