  4014F0      8E5 Code                ABBREAK_TEXT
  401DD8     4FC4 Code                ABBROWSE_TEXT
  406D9C     1133 Code                ABEIP_TEXT
  407ED0     28B4 Code                ABERROR_TEXT
  40A784     65FB Code                ABFILE_TEXT
  410D80      159 Code                ABFUZZY_TEXT
  410EDC     2288 Code                ABPOPUP_TEXT
  413164     2806 Code                ABQUERY_TEXT
  41596C     4BC9 Code                ABREPORT_TEXT
  41A538     1D40 Code                ABRESIZE_TEXT
  41C278       37 Code                ABRPATMG_TEXT
  41C2B0      EB9 Code                ABRPPSEL_TEXT
  41D16C      133 Code                ABTOOLBA_TEXT
  41D2A0     2B0D Code                ABUTIL_TEXT
  41FDB0     1D8A Code                ABWINDOW_TEXT
  421B3C     56E6 Code                ABWMFPAR_TEXT
  427224       80 Code                CWSYNCHC_TEXT
  4272A4     43A1 Code                EMPLOYEEAPP001_TEXT
  42B648     41F9 Code                EMPLOYEEAPP002_TEXT
  42F844     4289 Code                EMPLOYEEAPP003_TEXT
  433AD0     422C Code                EMPLOYEEAPP004_TEXT
  437CFC     1CA5 Code                EMPLOYEEAPP005_TEXT
  4399A4     1FF1 Code                EMPLOYEEAPP_BC0_TEXT
  43B998       13 Code                EMPLOYEEAPP_BC_TEXT
  43B9AC       B0 Code                EMPLOYEEAPP_TEXT
  43BA5C       23 Code                IEXE32_TEXT
  43BA80      B9B Code                INIT_TEXT
  43C61C       37 Code                INST00_TEXT
  43C654    17233 Code                STRINGTHEORY_TEXT
  453888      56D Code                XMLGENERATOR_TEXT
  454000     1290 Initialized Data    $DEFAULTERRORS_DATA
  455290       6F Initialized Data    ABBREAK_CONST
  455300      10B Initialized Data    ABBROWSE_CONST
  45540C      CD4 Initialized Data    ABBROWSE_DATA
  4560E0       23 Initialized Data    ABEIP_CONST
  456104       B4 Initialized Data    ABEIP_DATA
  4561B8      16F Initialized Data    ABERROR_CONST
  456328      AA8 Initialized Data    ABERROR_DATA
  456DD0       CD Initialized Data    ABFILE_CONST
  456EA0      410 Initialized Data    ABFILE_DATA
  4572B0        5 Initialized Data    ABFUZZY_CONST
  4572B8       B4 Initialized Data    ABFUZZY_DATA
  45736C       2D Initialized Data    ABPOPUP_CONST
  45739C      128 Initialized Data    ABPOPUP_DATA
  4574C4       C6 Initialized Data    ABQUERY_CONST
  45758C       87 Initialized Data    ABQUERY_DATA
  457614      12A Initialized Data    ABREPORT_CONST
  457740      948 Initialized Data    ABREPORT_DATA
  458088       30 Initialized Data    ABRESIZE_CONST
  4580B8      23F Initialized Data    ABRESIZE_DATA
  4582F8       44 Initialized Data    ABRPATMG_DATA
  45833C       7F Initialized Data    ABRPPSEL_CONST
  4583BC      11D Initialized Data    ABRPPSEL_DATA
  4584DC       4C Initialized Data    ABTOOLBA_DATA
  458528       79 Initialized Data    ABUTIL_CONST
  4585A4      261 Initialized Data    ABUTIL_DATA
  458808        4 Initialized Data    ABWINDOW_CONST
  45880C       9B Initialized Data    ABWINDOW_DATA
  4588A8       F9 Initialized Data    ABWMFPAR_CONST
  4589A4      E61 Initialized Data    ABWMFPAR_DATA
  459808       48 Initialized Data    CWSYNCHC_DATA
  459850        E Initialized Data    CWUTIL_CONST
  459860       36 Initialized Data    CWUTIL_DATA
  459898      244 Initialized Data    EMPLOYEEAPP001_CONST
  459ADC     4180 Initialized Data    EMPLOYEEAPP001_DATA
  45DC5C      204 Initialized Data    EMPLOYEEAPP002_CONST
  45DE60     479C Initialized Data    EMPLOYEEAPP002_DATA
  4625FC      249 Initialized Data    EMPLOYEEAPP003_CONST
  462848     475C Initialized Data    EMPLOYEEAPP003_DATA
  466FA4      1AA Initialized Data    EMPLOYEEAPP004_CONST
  467150     3018 Initialized Data    EMPLOYEEAPP004_DATA
  46A168       AA Initialized Data    EMPLOYEEAPP005_CONST
  46A214     1A1C Initialized Data    EMPLOYEEAPP005_DATA
  46BC30      1F7 Initialized Data    EMPLOYEEAPP_BC0_CONST
  46BE28     1F00 Initialized Data    EMPLOYEEAPP_BC0_DATA
  46DD28      1D5 Initialized Data    EMPLOYEEAPP_CONST
  46DF00      360 Initialized Data    EMPLOYEEAPP_DATA
  46E260       44 Initialized Data    IEXE32_DATA
  46E2A4     1345 Initialized Data    STRINGTHEORY_CONST
  46F5EC      624 Initialized Data    STRINGTHEORY_DATA
  46FC10       72 Initialized Data    XMLGENERATOR_CONST
  46FC84      118 Initialized Data    XMLGENERATOR_DATA
  46FD9C        0 Initialized Data    __CPPINI_CONS
  46FD9C      32C Initialized Data    __CPPINI_CONST
  4700C8        4 Initialized Data    __CPPINI_END
  4700CC        0 Initialized Data    __INIVMT_CONS
  4700CC      488 Initialized Data    __INIVMT_CONST
  470554        0 Initialized Data    __INIVMT_CONST_END
  470560     1623 Un-initialized Data $FUZZYMATCHER_BSS
  471B84       40 Un-initialized Data ABEIP_BSS
  471BC4      404 Un-initialized Data ABERROR_BSS
  471FC8       10 Un-initialized Data ABFILE_BSS
  471FD8        4 Un-initialized Data ABFUZZY_BSS
  471FDC      104 Un-initialized Data ABUTIL_BSS
  4720E0        0 Un-initialized Data ABWMFPAR_BSS
  4720E0        0 Un-initialized Data CWUTIL_BSS
  4720E0      14C Un-initialized Data EMPLOYEEAPP_BSS
  47222C       28 Un-initialized Data STRINGTHEORY_BSS
  472254       10 Un-initialized Data XMLGENERATOR_BSS
  473000        8 __T_L_S__DAT
  473008      DA0 __T_L_S__DATA
  473DA8        0 __T_L_S__DATA_END
  473DB0        0 __T_L_S__BS
  473DB0    13D8C __T_L_S__BSS
  487B3C        0 __T_L_S__BSS_END

  4014F0 EVALUATELEVEL@F17LEVELMANAGERCLASSs
  40157C RESTORERESETBUFFER@F17LEVELMANAGERCLASSs
  4015F4 SAVERESETBUFFER@F17LEVELMANAGERCLASSs
  40168C RESTOREBUFFEROFF@F17LEVELMANAGERCLASS
  4016E0 RESTOREBUFFERON@F17LEVELMANAGERCLASS
  40174C SAVEBUFFER@F17LEVELMANAGERCLASS
  4017A0 REFRESHFIELDS@F17LEVELMANAGERCLASSs
  4018D8 RESETTOTALS@F17LEVELMANAGERCLASSs
  4019AC ASKLEVELOFF@F17LEVELMANAGERCLASSs
  401A74 ASKLEVELON@F17LEVELMANAGERCLASSs
  401AE0 ASKLEVEL@F17LEVELMANAGERCLASSUc
  401BA0 RESET@F17LEVELMANAGERCLASS
  401D2C ASKBREAK@F17BREAKMANAGERCLASSUc
  401D84 RESET@F17BREAKMANAGERCLASS
  4023F4 KILL_@_WINDOWCOMPONENT_@_BROWSECLASS@F15WINDOWCOMPONENT
  402404 RESET_@_WINDOWCOMPONENT_@_BROWSECLASS@F15WINDOWCOMPONENTUc
  402418 RESETREQUIRED_@_WINDOWCOMPONENT_@_BROWSECLASS@F15WINDOWCOMPONENT
  402428 SETALERTS_@_WINDOWCOMPONENT_@_BROWSECLASS@F15WINDOWCOMPONENT
  40243C TAKEEVENT_@_WINDOWCOMPONENT_@_BROWSECLASS@F15WINDOWCOMPONENT
  402450 UPDATE_@_WINDOWCOMPONENT_@_BROWSECLASS@F15WINDOWCOMPONENT
  402464 UPDATEWINDOW_@_WINDOWCOMPONENT_@_BROWSECLASS@F15WINDOWCOMPONENT
  402478 DOSHOWWAITCURSOR@F11BROWSECLASSUc
  4024B0 SHOWWAITCURSOR@F11BROWSECLASSUc
  4024C4 SETUSEWAITCURSOR@F11BROWSECLASSUc
  4024CC UPDATEWINDOW@F11BROWSECLASS
  4026AC UPDATEVIEWRECORD@F11BROWSECLASS
  402790 UPDATETHUMBFIXED@F11BROWSECLASS
  402940 UPDATETHUMB@F11BROWSECLASS
  402BE4 UPDATERESETS@F11BROWSECLASS
  402BF8 UPDATEBUFFER@F11BROWSECLASS
  402C30 TAKEVCRSCROLL@F11BROWSECLASSl
  402D18 TAKESCROLL@F11BROWSECLASSl
  402D9C TAKENEWSELECTION@F11BROWSECLASS
  402E30 TAKELOCATE@F11BROWSECLASS
  402EA8 TAKEKEY@F11BROWSECLASS
  40314C TAKEEVENT@F11BROWSECLASS
  40385C TAKECHOICECHANGED@F11BROWSECLASS
  4038C4 TAKEACCEPTEDLOCATOR@F11BROWSECLASS
  4039B8 GETUSEMRP@F11BROWSECLASS
  4039BC SETUSEMRP@F11BROWSECLASSUc
  4039C0 SETUSEPOPUP@F11BROWSECLASSUc
  4039C4 SETSORT@F11BROWSECLASSUcUc
  403B00 SETQUEUERECORD@F11BROWSECLASS
  403B20 SETALERTS@F11BROWSECLASS
  404034 SCROLLPAGE@F11BROWSECLASSl
  404118 SCROLLONE@F11BROWSECLASSl
  404178 SCROLLEND@F11BROWSECLASSl
  4041F0 SAVESORT@F11BROWSECLASS
  4042E4 RESETTHUMBLIMITS@F11BROWSECLASS
  404420 RESETSORT@F11BROWSECLASSUc
  404444 RESETRESETS@F11BROWSECLASS
  404458 RESETQUEUE@F11BROWSECLASSUc
  404A00 RESETFROMVIEW@F11BROWSECLASS
  404A38 RESETFROMFILE@F11BROWSECLASS
  404A5C RESETFROMBUFFER@F11BROWSECLASS
  404ACC RESETFROMASK@F11BROWSECLASSRUcRUc
  404CC4 REPLACESORT@F11BROWSECLASSsb12LOCATORCLASS9STEPCLASS
  404D9C RECORDS@F11BROWSECLASS
  404E04 PREVIOUS@F11BROWSECLASS
  404E50 POSTNEWSELECTION@F11BROWSECLASS
  404EA8 NOTIFYUPDATEERROR@F11BROWSECLASS
  404EC8 NEXT@F11BROWSECLASS
  404F14 KILL@F11BROWSECLASS
  405158 INITSORT@F11BROWSECLASSUc
  4051AC INIT@F11BROWSECLASS12ILISTCONTROLBi11BROWSEQUEUE15RELATIONMANAGER13WINDOWMANAGER
  4052B8 INIT@F11BROWSECLASSlRsbBiBq15RELATIONMANAGER13WINDOWMANAGER
  40531C FETCH@F11BROWSECLASSUc
  4055A8 CHECKEIP@F11BROWSECLASS
  40566C ASKRECORD@F11BROWSECLASSUc
  405680 ASK@F11BROWSECLASSUc
  405750 APPLYRANGE@F11BROWSECLASS
  4057BC ADDSORTORDER@F11BROWSECLASS9STEPCLASSBk
  405838 ADDLOCATOR@F11BROWSECLASS12LOCATORCLASS
  405854 ADDFIELD@F11BROWSECLASSRsbRsb
  4058B0 ADDFIELD@F11BROWSECLASSRlRl
  405910 ADDFIELD@F11BROWSECLASSRuRu
  405950 RECORDS_@_BROWSEQUEUE_@_STANDARDBEHAVIOR@F11BROWSEQUEUE
  40595C INSERT_@_BROWSEQUEUE_@_STANDARDBEHAVIOR@F11BROWSEQUEUE
  405968 INSERT_@_BROWSEQUEUE_@_STANDARDBEHAVIOR@F11BROWSEQUEUEl
  405974 FETCH_@_BROWSEQUEUE_@_STANDARDBEHAVIOR@F11BROWSEQUEUEl
  405980 UPDATE_@_BROWSEQUEUE_@_STANDARDBEHAVIOR@F11BROWSEQUEUE
  40598C DELETE_@_BROWSEQUEUE_@_STANDARDBEHAVIOR@F11BROWSEQUEUE
  405998 FREE_@_BROWSEQUEUE_@_STANDARDBEHAVIOR@F11BROWSEQUEUE
  4059A4 WHO_@_BROWSEQUEUE_@_STANDARDBEHAVIOR@F11BROWSEQUEUEl
  4059B4 GETVIEWPOSITION_@_BROWSEQUEUE_@_STANDARDBEHAVIOR@F11BROWSEQUEUE
  4059CC SETVIEWPOSITION_@_BROWSEQUEUE_@_STANDARDBEHAVIOR@F11BROWSEQUEUEsb
  405A04 CHOICE_@_ILISTCONTROL_@_STANDARDBEHAVIOR@F12ILISTCONTROL
  405A10 GETCONTROL_@_ILISTCONTROL_@_STANDARDBEHAVIOR@F12ILISTCONTROL
  405A14 GETITEMS_@_ILISTCONTROL_@_STANDARDBEHAVIOR@F12ILISTCONTROL
  405A48 GETVISIBLE_@_ILISTCONTROL_@_STANDARDBEHAVIOR@F12ILISTCONTROL
  405A7C SETCHOICE_@_ILISTCONTROL_@_STANDARDBEHAVIOR@F12ILISTCONTROLl
  405AD0 SETCONTROL_@_ILISTCONTROL_@_STANDARDBEHAVIOR@F12ILISTCONTROLl
  405AD4 GETSELECTEDITEM_@_ILISTCONTROL_@_STANDARDBEHAVIOR@F12ILISTCONTROL
  405B30 INIT@F16STANDARDBEHAVIORBqRsbl
  405B48 TAKENEWSELECTION@F16BROWSEEIPMANAGER
  405BE0 TAKECOMPLETED@F16BROWSEEIPMANAGERUc
  405DC8 KILL@F16BROWSEEIPMANAGER
  405DFC INIT@F16BROWSEEIPMANAGER
  4061C0 CLEARCOLUMN@F16BROWSEEIPMANAGER
  406208 TAKEKEY@F16STEPLOCATORCLASS
  406434 SET@F16STEPLOCATORCLASS
  406438 INIT@F16STEPLOCATORCLASSlRuUc
  406460 UPDATEWINDOW@F12LOCATORCLASS
  406468 TAKEACCEPTED@F12LOCATORCLASS
  40646C SETSHADOW@F12LOCATORCLASSsb
  406488 SETENABLED@F12LOCATORCLASSUc
  4064CC SETALERTS@F12LOCATORCLASSl
  4064D0 SETLOCATORFIELD@F12LOCATORCLASSRu
  406524 RESET@F12LOCATORCLASS
  406528 INIT@F12LOCATORCLASSlRuUc11BROWSECLASS
  40655C INIT@F12LOCATORCLASSlRuUc
  406578 GETSHADOW@F12LOCATORCLASS
  406594 DESTRUCT@F12LOCATORCLASS
  4065A8 UNHASH@F15STEPSTRINGCLASSl
  406638 SETLIMITNEEDED@F15STEPSTRINGCLASS
  40664C SETLIMIT@F15STEPSTRINGCLASSuu
  406934 KILL@F15STEPSTRINGCLASS
  406960 INIT@F15STEPSTRINGCLASSUcUc
  406B7C HASH@F15STEPSTRINGCLASSsb
  406C34 GETVALUE@F15STEPSTRINGCLASSUc
  406C8C GETPERCENTILE@F15STEPSTRINGCLASSu
  406D98 INIT@F9STEPCLASSUc
  406D9C TAKENEWSELECTION@F10EIPMANAGER
  406E14 TAKEFOCUSLOSS@F10EIPMANAGER
  406E68 TAKEFIELDEVENT@F10EIPMANAGER
  406FB8 TAKEEVENT@F10EIPMANAGER
  407048 TAKECOMPLETED@F10EIPMANAGERUc
  407094 TAKEACTION@F10EIPMANAGERl
  40739C TAKEACCEPTALL@F10EIPMANAGER
  4074E8 RUN@F10EIPMANAGERUc
  407580 RESETCOLUMN@F10EIPMANAGER
  407648 GETEDIT@F10EIPMANAGER
  4076A4 NEXT@F10EIPMANAGER
  407780 KILL@F10EIPMANAGER
  407908 INITCONTROLS@F10EIPMANAGER
  407B14 INIT@F10EIPMANAGER
  407B84 CLEARCOLUMN@F10EIPMANAGER
  407BCC ADDCONTROL@F10EIPMANAGER9EDITCLASSlUc
  407C28 CREATECONTROL@F14EDITENTRYCLASS
  407C4C RESETCONTROL@F9EDITCLASS
  407C50 GETFEQ@F9EDITCLASS
  407C54 TAKEEVENT@F9EDITCLASSl
  407C9C TAKEACCEPTED@F9EDITCLASSUc
  407CB4 SETREADONLY@F9EDITCLASSUc
  407D10 SETALERTS@F9EDITCLASS
  407E10 KILL@F9EDITCLASS
  407E40 INIT@F9EDITCLASSllRu
  407FEC KILL_@_WINDOWCOMPONENT_@_HISTHANDLERCLASS@F15WINDOWCOMPONENT
  407FF0 RESET_@_WINDOWCOMPONENT_@_HISTHANDLERCLASS@F15WINDOWCOMPONENTUc
  407FF4 RESETREQUIRED_@_WINDOWCOMPONENT_@_HISTHANDLERCLASS@F15WINDOWCOMPONENT
  407FF8 SETALERTS_@_WINDOWCOMPONENT_@_HISTHANDLERCLASS@F15WINDOWCOMPONENT
  407FFC TAKEEVENT_@_WINDOWCOMPONENT_@_HISTHANDLERCLASS@F15WINDOWCOMPONENT
  408004 UPDATE_@_WINDOWCOMPONENT_@_HISTHANDLERCLASS@F15WINDOWCOMPONENT
  408008 UPDATEWINDOW_@_WINDOWCOMPONENT_@_HISTHANDLERCLASS@F15WINDOWCOMPONENT
  40801C VLBPROC@F16HISTHANDLERCLASSls
  4080C8 TAKEEVENT@F16HISTHANDLERCLASS
  408190 INIT@F16HISTHANDLERCLASSBw10ERRORCLASS16ERRORHISTORYLIST
  40819C _VLBPROC@F16HISTHANDLERCLASSls
  4081AC TAKEACCEPTED@F11MSGBOXCLASS
  4081E8 SETUPADDITIONALFEQS@F11MSGBOXCLASS
  408270 KILL@F11MSGBOXCLASS
  4082B0 INIT@F11MSGBOXCLASS
  408560 INIT@F11MSGBOXCLASSBw10ERRORCLASSOsbllll
  4085F8 FETCHSTDBUTTON@F11MSGBOXCLASSs
  40862C GETALLSTATUSVARIABLES@F10ERRORCLASS16ERRORSTATUSGROUP
  40865C GETERRORBUFFERFATALITY@F10ERRORCLASS
  40868C GETERRORBUFFERTITLE@F10ERRORCLASS
  4086C4 GETERRORBUFFERID@F10ERRORCLASS
  4086E8 SETMESSAGETEXT@F10ERRORCLASSsb
  408738 SETKEYNAME@F10ERRORCLASSsb
  408788 SETFIELDNAME@F10ERRORCLASSsb
  4087D8 SETFILENAME@F10ERRORCLASSsb
  408828 STOREERRORENTRY@F10ERRORCLASSUs
  408958 GETHISTORYRESETONVIEW@F10ERRORCLASS
  4089A4 SETHISTORYRESETONVIEW@F10ERRORCLASSUc
  4089EC GETHISTORYVIEWLEVEL@F10ERRORCLASS
  408A38 SETHISTORYVIEWLEVEL@F10ERRORCLASSl
  408A80 GETHISTORYTHRESHOLD@F10ERRORCLASS
  408ACC SETHISTORYTHRESHOLD@F10ERRORCLASSl
  408B14 GETLOGERRORS@F10ERRORCLASS
  408B60 GETSILENT@F10ERRORCLASS
  408BAC SETDEFAULTCATEGORY@F10ERRORCLASSsa
  408BF4 GETDEFAULTCATEGORY@F10ERRORCLASS
  408C40 VIEWHISTORY@F10ERRORCLASS
  408C6C THROWMESSAGE@F10ERRORCLASSssb
  408CBC THROW@F10ERRORCLASSs
  408CD0 TAKEUSER@F10ERRORCLASS
  408D2C TAKEPROGRAM@F10ERRORCLASS
  408D34 TAKEOTHER@F10ERRORCLASS
  408D3C TAKENOTIFY@F10ERRORCLASS
  408D88 TAKEFATAL@F10ERRORCLASS
  408E14 TAKEERROR@F10ERRORCLASSs
  409018 TAKEBENIGN@F10ERRORCLASS
  40901C SUBSSTRING@F10ERRORCLASS
  4093D0 SETPROCEDURENAME@F10ERRORCLASSOsb
  409480 GETERRORENTRY@F10ERRORCLASSUs15ERRORENTRYGROUPl
  409524 GETERRORENTRY@F10ERRORCLASSUs15ERRORENTRYGROUP
  409558 SETID@F10ERRORCLASSUsl
  409590 SETID@F10ERRORCLASSUs
  4095AC SETKEY@F10ERRORCLASSsb
  4095E8 SETFILE@F10ERRORCLASSsb
  409624 SETFIELD@F10ERRORCLASSsb
  409660 SETERRORS@F10ERRORCLASS
  4096E4 SETERRORLOG@F10ERRORCLASS17ERRORLOGINTERFACE
  409784 SETCATEGORY@F10ERRORCLASSssa
  4097D0 RESETHISTORY@F10ERRORCLASS
  4097F8 REMOVEERROR@F10ERRORCLASSUs
  409838 MESSAGEBOX@F10ERRORCLASSUcsbOsbOsblll
  4098D0 MSG@F10ERRORCLASSsbOsbOsblll
  409C1C MESSAGE@F10ERRORCLASSsll
  409C80 KILL@F10ERRORCLASS
  409D24 INIT@F10ERRORCLASS16ERRORSTATUSCLASS
  409D80 INIT@F10ERRORCLASS
  409E54 HISTORYMSG@F10ERRORCLASSsblll
  40A014 GETPROCEDURENAME@F10ERRORCLASS
  40A0E8 GETCATEGORY@F10ERRORCLASSs
  40A170 ADDHISTORY@F10ERRORCLASS
  40A1A0 ADDERRORS@F10ERRORCLASS10ERRORBLOCK
  40A34C ADDERROR@F10ERRORCLASSUsRsbRsbUcsa
  40A3F8 DESTRUCT@F10ERRORCLASS
  40A414 CONSTRUCT@F10ERRORCLASS
  40A42C DESTRUCT@F16ERRORSTATUSCLASS
  40A460 CONSTRUCT@F16ERRORSTATUSCLASS
  40A598 CLOSE_@_ERRORLOGINTERFACE_@_STANDARDERRORLOGCLASS@F17ERRORLOGINTERFACEUc
  40A5A0 OPEN_@_ERRORLOGINTERFACE_@_STANDARDERRORLOGCLASS@F17ERRORLOGINTERFACEUc
  40A5A8 TAKE_@_ERRORLOGINTERFACE_@_STANDARDERRORLOGCLASS@F17ERRORLOGINTERFACEsb
  40A64C CLOSE@F21STANDARDERRORLOGCLASSUc
  40A6C8 OPEN@F21STANDARDERRORLOGCLASSUc
  40A770 DESTRUCT@F21STANDARDERRORLOGCLASS
  40A77C CONSTRUCT@F21STANDARDERRORLOGCLASS
  40A9C8 REMOVERELATIONFILEMAPPING@F12FILESMANAGER15RELATIONMANAGER
  40A9E8 REMOVERELATIONFILEMAPPING@F12FILESMANAGERl
  40AA04 REMOVEFILEMAPPING@F12FILESMANAGER11FILEMANAGER
  40AA20 REMOVEFILEMAPPING@F12FILESMANAGERl
  40AA3C NOTEUSAGE@F12FILESMANAGER11FILEMANAGERUc
  40AB14 NOTEOPEN@F12FILESMANAGER11FILEMANAGER
  40AB58 NOTECLOSE@F12FILESMANAGER11FILEMANAGER
  40ABE8 GETRELATIONFILEMAPPING@F12FILESMANAGERl
  40AC20 GETFILEMAPPING@F12FILESMANAGERl
  40AC58 GETFILEID@F12FILESMANAGERBf
  40AC70 FINDRECORD@F12FILESMANAGER11FILEMANAGER
  40AD1C ADDFILEMAPPING@F12FILESMANAGER15RELATIONMANAGER
  40AD78 ADDFILEMAPPING@F12FILESMANAGER11FILEMANAGER
  40ADD4 DESTRUCT@F12FILESMANAGER
  40AE14 CONSTRUCT@F12FILESMANAGER
  40B56C OPENFILE_@_IFILEOPENSERVER_@_UNTHREADEDFILEOPENSERVER@F15IFILEOPENSERVERl
  40B5FC CLOSEFILE_@_IFILEOPENSERVER_@_UNTHREADEDFILEOPENSERVER@F15IFILEOPENSERVER
  40B67C LINK_@_IFILEOPENSERVER_@_UNTHREADEDFILEOPENSERVER@F15IFILEOPENSERVER
  40B6CC RELEASE_@_IFILEOPENSERVER_@_UNTHREADEDFILEOPENSERVER@F15IFILEOPENSERVER
  40B758 INIT@F24UNTHREADEDFILEOPENSERVERBf
  40B76C DESTRUCT@F24UNTHREADEDFILEOPENSERVER
  40B790 CONSTRUCT@F24UNTHREADEDFILEOPENSERVER
  40B7C0 OPENFILE_@_IFILEOPENSERVER_@_THREADEDFILEOPENSERVER@F15IFILEOPENSERVERl
  40B7EC CLOSEFILE_@_IFILEOPENSERVER_@_THREADEDFILEOPENSERVER@F15IFILEOPENSERVER
  40B7FC LINK_@_IFILEOPENSERVER_@_THREADEDFILEOPENSERVER@F15IFILEOPENSERVER
  40B808 RELEASE_@_IFILEOPENSERVER_@_THREADEDFILEOPENSERVER@F15IFILEOPENSERVER
  40B814 RELEASE@F14FILEOPENSERVER
  40B840 LINK@F14FILEOPENSERVER
  40B844 INIT@F14FILEOPENSERVERBf
  40B848 DESTRUCT@F14FILEOPENSERVER
  40B850 CONSTRUCT@F14FILEOPENSERVER
  40B85C VALIDATERECORD@F11VIEWMANAGER
  40B860 UNUSEVIEW@F11VIEWMANAGER
  40B8F8 USEVIEW@F11VIEWMANAGER
  40B9BC SETSORT@F11VIEWMANAGERUc
  40B9E8 SETORDER@F11VIEWMANAGERsb
  40BA78 SETFREEELEMENT@F11VIEWMANAGER
  40BAF4 SETFILTER@F11VIEWMANAGERsbsb
  40BC30 SETFILTER@F11VIEWMANAGERsb
  40BC78 SAVEBUFFERS@F11VIEWMANAGER
  40BD28 RESTOREBUFFERS@F11VIEWMANAGER
  40BD90 RESET@F11VIEWMANAGER
  40BD9C RESET@F11VIEWMANAGERUc
  40BDE4 PRIMERECORD@F11VIEWMANAGERUc
  40BF28 PREVIOUS@F11VIEWMANAGER
  40BF8C OPEN@F11VIEWMANAGER
  40C008 NEXT@F11VIEWMANAGER
  40C06C KILL@F11VIEWMANAGER
  40C1C4 GETFIELDASCENDING@F11VIEWMANAGERRu
  40C528 INIT@F11VIEWMANAGERBi15RELATIONMANAGER9SORTORDER
  40C588 GETFREEELEMENTPOSITION@F11VIEWMANAGER
  40C5E0 GETFREEELEMENTNAME@F11VIEWMANAGER
  40C634 GETFREEELEMENTASCENDING@F11VIEWMANAGER
  40C68C CLEARFILESRECORD@F11VIEWMANAGER
  40C744 CLOSE@F11VIEWMANAGERUc
  40C760 CLOSE@F11VIEWMANAGER
  40C76C APPLYRANGE@F11VIEWMANAGER
  40C938 APPLYORDER@F11VIEWMANAGER
  40C990 APPLYFILTER@F11VIEWMANAGER
  40CEF4 APPENDORDER@F11VIEWMANAGERsb
  40CFD4 ADDSORTORDER@F11VIEWMANAGERBk
  40D0A0 ADDRANGE@F11VIEWMANAGERRu15RELATIONMANAGER15RELATIONMANAGER
  40D0C8 DESTRUCT@F11VIEWMANAGER
  40D0DC DEFEREDADDRELATIONS@F15RELATIONMANAGER
  40D0E0 UPDATESECONDARY@F15RELATIONMANAGERBk18BUFFEREDPAIRSCLASSUc
  40D270 UPDATE@F15RELATIONMANAGERUc
  40D484 INSERT@F15RELATIONMANAGER
  40D5DC SETQUICKSCAN@F15RELATIONMANAGERUcUc
  40D6E8 SAVE@F15RELATIONMANAGER
  40D730 FORCEOPEN@F15RELATIONMANAGERUc
  40D740 OPEN@F15RELATIONMANAGERUc
  40D768 OPENCLOSESERVER@F15RELATIONMANAGERUcUc
  40D8EC LOGOUTINSERT@F15RELATIONMANAGER
  40D980 LOGOUTUPDATE@F15RELATIONMANAGER
  40D9EC LOGOUTPRIME@F15RELATIONMANAGER
  40DACC LOGOUTDELETE@F15RELATIONMANAGER
  40DB48 LISTLINKINGFIELDS@F15RELATIONMANAGER15RELATIONMANAGER15FIELDPAIRSCLASSUc
  40DCB8 KILL@F15RELATIONMANAGER
  40DD3C INIT@F15RELATIONMANAGER11FILEMANAGERUc
  40DD74 DELETESECONDARY@F15RELATIONMANAGERBk18BUFFEREDPAIRSCLASSUcUc
  40E00C DELETE@F15RELATIONMANAGERUc
  40E258 CLOSE@F15RELATIONMANAGERUc
  40E264 CASCADEUPDATES@F15RELATIONMANAGER
  40E340 CANCELAUTOINC@F15RELATIONMANAGER
  40E354 ADDRELATIONLINK@F15RELATIONMANAGERRsbRsb
  40E3BC ADDRELATION@F15RELATIONMANAGER15RELATIONMANAGERUcUcBk
  40E41C ADDRELATION@F15RELATIONMANAGER15RELATIONMANAGER
  40E448 DEFEREDRELATIONS@F15RELATIONMANAGER
  40E470 CONSTRUCT@F15RELATIONMANAGER
  40E478 FUNCTIONCALLED_@_FILECALLBACKINTERFACE_@_FILEMANAGER@F21FILECALLBACKINTERFACEl6PARAMSRscRsc
  40E524 FUNCTIONDONE_@_FILECALLBACKINTERFACE_@_FILEMANAGER@F21FILECALLBACKINTERFACEl6PARAMSRscRsc
  40E670 POSTCREATE@F11FILEMANAGERRscRsc
  40E678 PRECREATE@F11FILEMANAGERRscRsc
  40E680 POSTFETCH@F11FILEMANAGERlBksbllRscRsc
  40E6A4 PREFETCH@F11FILEMANAGERlBksbllRscRsc
  40E6C8 POSTUPDATE@F11FILEMANAGERRscRsc
  40E6D0 PREUPDATE@F11FILEMANAGERllRscRsc
  40E6D8 POSTINSERT@F11FILEMANAGERRscRsc
  40E6E0 PREINSERT@F11FILEMANAGERllRscRsc
  40E6E8 POSTDELETE@F11FILEMANAGERRscRsc
  40E6F0 PREDELETE@F11FILEMANAGERRscRsc
  40E6F8 FUNCTIONDONE@F11FILEMANAGERl6PARAMSRscRsc
  40E82C FUNCTIONCALLED@F11FILEMANAGERl6PARAMSRscRsc
  40E990 GETHASAUTOINC@F11FILEMANAGER
  40E998 GETAUTOINCDONE@F11FILEMANAGER
  40E9A0 GETMRPSIZE@F11FILEMANAGER
  40E9A8 SETMRPSIZE@F11FILEMANAGERUc
  40E9B0 GETUSEMRP@F11FILEMANAGER
  40E9B8 SETUSEMRP@F11FILEMANAGERUc
  40E9C0 DELETED@F11FILEMANAGER
  40E9C4 DELETERECORD@F11FILEMANAGERUc
  40EA18 VALIDATERECORD@F11FILEMANAGERPl
  40EAD0 VALIDATEFIELDS@F11FILEMANAGERllPl
  40EB8C VALIDATEFIELDSERVER@F11FILEMANAGERlUc
  40EBF8 TRYVALIDATEFIELD@F11FILEMANAGERl
  40EC08 VALIDATEFIELD@F11FILEMANAGERl
  40EC18 USEFILE@F11FILEMANAGERUc
  40ED0C UPDATESERVER@F11FILEMANAGERUc
  40EE04 UPDATE@F11FILEMANAGER
  40EE10 TRYUPDATE@F11FILEMANAGER
  40EE1C TRYREGET@F11FILEMANAGERsb
  40EEC4 TRYPRIMEAUTOINC@F11FILEMANAGER
  40EED0 TRYPREVIOUS@F11FILEMANAGER
  40EEE0 TRYOPEN@F11FILEMANAGER
  40EEF0 TRYNEXT@F11FILEMANAGER
  40EF00 TRYINSERT@F11FILEMANAGER
  40EF0C TRYFETCH@F11FILEMANAGERBk
  40EF54 THROWMESSAGE@F11FILEMANAGERUssb
  40EFA8 THROW@F11FILEMANAGER
  40EFCC THROW@F11FILEMANAGERUs
  40EFE4 SETKEY@F11FILEMANAGERBk
  40F03C SETERRORS@F11FILEMANAGER10ERRORCLASS
  40F040 SETERROR@F11FILEMANAGERUs
  40F058 SAVEFILE@F11FILEMANAGER
  40F174 SAVEBUFFER@F11FILEMANAGER
  40F2CC RESTOREFILE@F11FILEMANAGERRUs11FILEMANAGERUc
  40F3FC RESTOREFILE@F11FILEMANAGERRUsUc
  40F40C RESTOREBUFFER@F11FILEMANAGERRUs11FILEMANAGERUc
  40F57C RESTOREBUFFER@F11FILEMANAGERRUsUc
  40F58C PRIMERECORD@F11FILEMANAGERUc
  40F698 PRIMEFIELDS@F11FILEMANAGER
  40F69C PRIMEAUTOINCSERVER@F11FILEMANAGERUc
  40FC4C PRIMEAUTOINC@F11FILEMANAGER
  40FC58 PREVIOUS@F11FILEMANAGER
  40FC68 POSITION@F11FILEMANAGER
  40FCE8 OPENSERVER@F11FILEMANAGERUcUc
  40FD48 OPENFILE@F11FILEMANAGERUc
  40FF68 OPEN@F11FILEMANAGER
  40FF78 NEXTSERVER@F11FILEMANAGERUcUc
  410094 NEXT@F11FILEMANAGER
  4100A4 KILL@F11FILEMANAGER
  4100E8 KEYTOORDER@F11FILEMANAGERBkUc
  410234 ISOPENED@F11FILEMANAGER
  410254 INSERTSERVER@F11FILEMANAGERUc
  41046C INSERT@F11FILEMANAGER
  410478 INIT@F11FILEMANAGERBf10ERRORCLASS
  410558 INIT@F11FILEMANAGER
  410594 GETOPENED@F11FILEMANAGER
  41059C GETNAME@F11FILEMANAGER
  410624 GETFIELDNAME@F11FILEMANAGERBkUc
  410674 GETFIELDASCENDING@F11FILEMANAGERBkUc
  4106A8 GETFIELD@F11FILEMANAGERBkUc
  4106E4 GETEOF@F11FILEMANAGER
  4106EC GETCOMPONENTS@F11FILEMANAGERBk
  410708 FETCH@F11FILEMANAGERBk
  410740 EQUALBUFFER@F11FILEMANAGERRUs
  41087C CLOSE@F11FILEMANAGER
  410910 CLEARKEY@F11FILEMANAGERBkUcUcUc
  4109C0 CANCELAUTOINC@F11FILEMANAGER15RELATIONMANAGER
  410A30 BINDFIELDS@F11FILEMANAGER
  410A54 ADDKEY@F11FILEMANAGERBksbUc
  410D4C DESTRUCT@F11FILEMANAGER
  410D80 SETOPTION@F10FUZZYCLASSUcUc
  410DE4 KILL@F10FUZZYCLASS
  410DE8 INIT@F10FUZZYCLASS
  410DFC CONSTRUCT@F10FUZZYCLASS
  411170 TOOLBOX@F10POPUPCLASSsb
  4111FC SETTRANSLATOR@F10POPUPCLASS15TRANSLATORCLASS
  41120C SETTOOLBOX@F10POPUPCLASSsbUc
  411278 SETICON@F10POPUPCLASSsbsb
  4112F0 SETITEMENABLE@F10POPUPCLASSsbUc
  41139C SETITEMCHECK@F10POPUPCLASSsbUc
  411448 SETITEM@F10POPUPCLASSllsbsb
  411664 RESETTOOLBOX@F10POPUPCLASS
  411A6C LOCATENAME@F10POPUPCLASSsb
  411AF0 KILL@F10POPUPCLASS
  411B0C INIT@F10POPUPCLASS
  411B40 GETNAME@F10POPUPCLASSl
  411C68 GETMENUTEXT@F10POPUPCLASS
  411F50 GETLASTSELECTION@F10POPUPCLASS
  411F60 GETITEMS@F10POPUPCLASSUc
  41200C EXECUTEPOPUP@F10POPUPCLASSsbllUc
  4120E4 EMPTYITEMS@F10POPUPCLASS
  4120F0 DELETEITEM@F10POPUPCLASSsb
  412138 CHECKMIMICS@F10POPUPCLASS
  4122F8 ASKTOOLBOX@F10POPUPCLASSsb
  41279C ASK@F10POPUPCLASSllUc
  4128F8 ASK@F10POPUPCLASSll
  412908 ADDSUBMENU@F10POPUPCLASSsbsbsb
  4129C8 ADDSUBMENU@F10POPUPCLASSsbsb
  412A30 ADDMENU@F10POPUPCLASSsbUc
  412B8C ADDITEMMIMIC@F10POPUPCLASSsblOsb
  412C6C ADDITEMEVENT@F10POPUPCLASSsbll
  412D50 ADDITEM@F10POPUPCLASSsbsbsbUc
  412DE4 ADDITEM@F10POPUPCLASSsbsb
  412E54 ADDITEM@F10POPUPCLASSsb
  4138B0 CLEARQUERY@F10QUERYCLASS
  413958 GETQUERIES@F10QUERYCLASS11SECTORQUEUE
  4139F8 RESTORE@F10QUERYCLASSsb
  41418C TAKE@F10QUERYCLASS10POPUPCLASS
  41422C SAVE@F10QUERYCLASSsb
  414388 SETQUICKPOPUP@F10QUERYCLASS10POPUPCLASSUs
  414940 QUOTE@F10QUERYCLASSsb
  414A24 GETLIMIT@F10QUERYCLASSRscRscRUcUcRsc
  414FE8 GETFILTER@F10QUERYCLASS
  4154F4 MAKEOPERATOR@FsbsbRscRsc
  4158C0 MAKEOPERATOR@Fsbsb
  4161A0 SETPOSITION@F16PAGEMANAGERCLASSlllll
  416258 SETCENTRE@F16PAGEMANAGERCLASSlUcUc
  4162BC KILL@F16PAGEMANAGERCLASS
  416318 INIT@F16PAGEMANAGERCLASS17PRINTPREVIEWCLASSllRsb
  416434 HIGHLIGHT@F16PAGEMANAGERCLASSl
  4164B4 GETPROP@F16PAGEMANAGERCLASSll
  416514 EXISTS@F16PAGEMANAGERCLASSl
  416530 DRAW@F16PAGEMANAGERCLASSll
  416C30 DELETE@F16PAGEMANAGERCLASSl
  416C78 DELETE@F16PAGEMANAGERCLASS
  416C98 COORDCONTAINED@F16PAGEMANAGERCLASSll
  416DAC TAKEWINDOWEVENT@F13REPORTMANAGER
  416FCC TAKERECORD@F13REPORTMANAGER
  4170EC TAKENORECORDS@F13REPORTMANAGER
  4170FC TAKECLOSEEVENT@F13REPORTMANAGER
  4172FC TAKEACCEPTED@F13REPORTMANAGER
  41732C SETDYNAMICCONTROLSATTRIBUTES@F13REPORTMANAGER
  417330 SETSTATICCONTROLSATTRIBUTES@F13REPORTMANAGER
  417334 PROCESSRESULTFILES@F13REPORTMANAGER15OUTPUTFILEQUEUE
  417338 OPENREPORT@F13REPORTMANAGER
  41747C OPEN@F13REPORTMANAGER
  4174EC KILL@F13REPORTMANAGER
  4175F0 INIT@F13REPORTMANAGER12PROCESSCLASSBr17PRINTPREVIEWCLASS
  417728 NEXT@F13REPORTMANAGER
  4177A4 CANCELPRINTREPORT@F13REPORTMANAGER
  4177E0 PRINTREPORT@F13REPORTMANAGER
  417A64 ENDREPORT@F13REPORTMANAGER
  417A9C GETTOTALPAGES@F13REPORTMANAGER
  417AA8 FETCHPAGE@F13REPORTMANAGERl
  417AF8 ASKPREVIEW@F13REPORTMANAGER
  417BC0 ASK@F13REPORTMANAGER
  417C14 GETOPENOUTPUTWHENFINISH@F13REPORTMANAGER
  417C1C SETOPENOUTPUTWHENFINISH@F13REPORTMANAGERUc
  417C24 GETUSEMRP@F13REPORTMANAGER
  417C2C SETUSEMRP@F13REPORTMANAGERUc
  417C34 TAKECURRENTPAGE@F17PRINTPREVIEWCLASS
  417E14 TAKEFIELDEVENT@F17PRINTPREVIEWCLASS
  417E6C TAKEWINDOWEVENT@F17PRINTPREVIEWCLASS
  417E88 TAKEEVENT@F17PRINTPREVIEWCLASS
  41851C TAKEACCEPTED@F17PRINTPREVIEWCLASS
  4189E0 SYNCIMAGEQUEUE@F17PRINTPREVIEWCLASS
  418A20 SETINIMANAGER@F17PRINTPREVIEWCLASS8INICLASS
  418A28 SETDEFAULTPAGES@F17PRINTPREVIEWCLASS
  418A70 RESETUSERZOOM@F17PRINTPREVIEWCLASS
  418B14 PROCESSRESULTFILES@F17PRINTPREVIEWCLASS15OUTPUTFILEQUEUE
  418B18 PARSEIMAGES@F17PRINTPREVIEWCLASSl
  418BC4 ONPROCESSFILES@F17PRINTPREVIEWCLASS
  418C04 ONSAVEAS@F17PRINTPREVIEWCLASS
  418C54 OPEN@F17PRINTPREVIEWCLASS
  418FAC NEWZOOM@F17PRINTPREVIEWCLASS
  418FC8 KILL@F17PRINTPREVIEWCLASS
  419068 INPAGELIST@F17PRINTPREVIEWCLASSl
  419274 INITWINDOWPOSITION@F17PRINTPREVIEWCLASSBw
  41939C INIT@F17PRINTPREVIEWCLASS12PREVIEWQUEUE25REPORTTARGETSELECTORCLASS17WMFDOCUMENTPARSER
  4193B4 INIT@F17PRINTPREVIEWCLASS12PREVIEWQUEUE
  4195BC DRAWPAGE@F17PRINTPREVIEWCLASS
  419664 DISPLAY@F17PRINTPREVIEWCLASSslUsUs
  419988 DELETEIMAGEQUEUE@F17PRINTPREVIEWCLASSl
  4199E0 CONFIGMENUCHECKS@F17PRINTPREVIEWCLASS
  419A68 ASKTHUMBNAILS@F17PRINTPREVIEWCLASS
  419B64 ASKPRINTPAGES@F17PRINTPREVIEWCLASS
  419D28 ASKPAGE@F17PRINTPREVIEWCLASS
  419E60 CHILDPROCESSINGEND@F12PROCESSCLASSUs
  419E68 CHILDPROCESSINGSTART@F12PROCESSCLASSUs
  419E9C UPDATEDISPLAY@F12PROCESSCLASS
  419F18 TAKERECORD@F12PROCESSCLASS
  419F1C TAKELOCATE@F12PROCESSCLASS
  419F4C TAKEACCEPTED@F12PROCESSCLASS
  419F50 SETPROGRESSLIMITS@F12PROCESSCLASSsbsb
  41A028 SETPROGRESSLIMITS@F12PROCESSCLASS
  41A0F8 RESET@F12PROCESSCLASS
  41A184 NEXT@F12PROCESSCLASSUc
  41A418 KILL@F12PROCESSCLASS
  41A470 INIT@F12PROCESSCLASSBi15RELATIONMANAGERlPUc9STEPCLASSRu
  41A690 SETPRIORITIES@F17WINDOWRESIZECLASS13POSITIONGROUP
  41A6DC SETSIZE@F17WINDOWRESIZECLASSl13POSITIONGROUP
  41A790 GETSIZEINFO@F17WINDOWRESIZECLASSl13POSITIONGROUP
  41A8A4 RESTORECONTROLS@F17WINDOWRESIZECLASS
  41A8F8 TAKERESIZE@F17WINDOWRESIZECLASS
  41A900 SETPOSITION@F17WINDOWRESIZECLASSl13POSITIONGROUP13POSITIONGROUP13POSITIONGROUP13POSITIONGROUP
  41AFE4 SETPARENTDEFAULT@F17WINDOWRESIZECLASS
  41B2D0 SETPARENTDEFAULTS@F17WINDOWRESIZECLASS
  41B30C SETPARENTCONTROL@F17WINDOWRESIZECLASSll
  41B380 RESTOREWINDOW@F17WINDOWRESIZECLASS
  41B42C WINDOWRESIZEEND@F17WINDOWRESIZECLASS
  41B430 WINDOWRESIZEBEGIN@F17WINDOWRESIZECLASS
  41B434 RESIZECHILDREN@F17WINDOWRESIZECLASSl13POSITIONGROUP13POSITIONGROUP
  41B5FC RESIZE@F17WINDOWRESIZECLASSl
  41B934 RESIZE@F17WINDOWRESIZECLASS
  41B944 RESET@F17WINDOWRESIZECLASS
  41BC34 KILL@F17WINDOWRESIZECLASS
  41BCC0 INIT@F17WINDOWRESIZECLASSUcUcUc
  41BED0 GETCURRENTPOS@F17WINDOWRESIZECLASSl13POSITIONGROUP
  41BF0C GETORIGPOS@F17WINDOWRESIZECLASSl13POSITIONGROUP
  41BF5C GETRESIZESTRATEGY@F17WINDOWRESIZECLASSsOUc
  41C0DC GETPOSITIONSTRATEGY@F17WINDOWRESIZECLASSsOUc
  41C254 GETPARENTCONTROL@F17WINDOWRESIZECLASSl
  41C278 INIT@F22REPORTATTRIBUTEMANAGERBr
  41C27C DESTRUCT@F22REPORTATTRIBUTEMANAGER
  41C29C CONSTRUCT@F22REPORTATTRIBUTEMANAGER
  41C8F0 DESTRUCT@F25REPORTTARGETSELECTORCLASS
  41C910 CONSTRUCT@F25REPORTTARGETSELECTORCLASS
  41C930 GETREPORTDEFAULT@F25REPORTTARGETSELECTORCLASS
  41C970 GETREPORTSELECTED@F25REPORTTARGETSELECTORCLASS
  41C9D4 GETDEFAULTITEMINDEX@F25REPORTTARGETSELECTORCLASS
  41C9D8 GETSELECTEDITEMINDEX@F25REPORTTARGETSELECTORCLASS
  41C9DC SETDEFAULTOUTPUTGENERATOR@F25REPORTTARGETSELECTORCLASSsb
  41CA20 GETOUTPUTGENERATORINDEX@F25REPORTTARGETSELECTORCLASSsb
  41CB00 SETSELECTEDOUTPUTGENERATOR@F25REPORTTARGETSELECTORCLASSsb
  41CBB4 GETOUTPUTGENERATOR@F25REPORTTARGETSELECTORCLASSsb
  41CC0C GETOUTPUTGENERATORNAME@F25REPORTTARGETSELECTORCLASSsUc
  41CC88 FILLQUEUE@F25REPORTTARGETSELECTORCLASSBqUc
  41CD54 GETPRINTSELECTED@F25REPORTTARGETSELECTORCLASS
  41CD64 ITEM@F25REPORTTARGETSELECTORCLASSsUc
  41CE54 ITEMS@F25REPORTTARGETSELECTORCLASSUc
  41CEB4 ASK@F25REPORTTARGETSELECTORCLASSUcUc
  41D14C ADDITEM@F25REPORTTARGETSELECTORCLASS22IOUTPUTGENERATORTARGETUc
  41D16C TAKEEVENT@F12TOOLBARCLASSPl13WINDOWMANAGER
  41D198 SETTARGET@F12TOOLBARCLASSl
  41D240 KILL@F12TOOLBARCLASS
  41D258 INIT@F12TOOLBARCLASS
  41D278 DISPLAYBUTTONS@F12TOOLBARCLASS
  41D2A0 UPDATEQUEUE@F8INICLASSsbsbBqRuPuPuPu
  41D4C4 UPDATE@F8INICLASSsbsbsb
  41D580 UPDATE@F8INICLASSsbBw
  41D760 UPDATE@F8INICLASS
  41D764 TRYFETCH@F8INICLASSsbsb
  41D7DC REMOVE@F8INICLASSsbsb
  41D944 KILL@F8INICLASS
  41DA7C INIT@F8INICLASSsbll
  41DB94 GETSECTORS@F8INICLASSOsbOsbOsb11SECTORQUEUE
  41DDA4 GETSECTOR@F8INICLASSsbsbsb
  41DE94 GETFAMILY@F8INICLASSsbRscRscRsc
  41E018 FETCHQUEUE@F8INICLASSsbsbBqRuPuPuPu
  41E28C FETCHFIELD@F8INICLASSsbsbUc
  41E3CC FETCH@F8INICLASSsbsbRu
  41E490 FETCH@F8INICLASSsbBw
  41E6F0 FETCH@F8INICLASSsbsb
  41E7C8 FETCH@F8INICLASS
  41E7CC ADDSECTOR@F8INICLASSsb
  41E8AC UPDATEWINDOWINFO@F8INICLASSsb10WINDOWINFO
  41EB18 FETCHWINDOWINFO@F8INICLASSsb10WINDOWINFO
  41ED90 UPDATE@F8INICLASSsbsbsbsb
  41EF7C FETCH@F8INICLASSsbsbsbsb
  41F1A0 DESTRUCT@F8INICLASS
  41F1BC CONSTRUCT@F8INICLASS
  41F1D0 KILL@F18BUFFEREDPAIRSCLASS
  41F24C INIT@F18BUFFEREDPAIRSCLASS
  41F26C EQUALRIGHTBUFFER@F18BUFFEREDPAIRSCLASSUc
  41F2FC EQUALLEFTBUFFER@F18BUFFEREDPAIRSCLASSUc
  41F388 EQUALRIGHTBUFFER@F18BUFFEREDPAIRSCLASS
  41F394 EQUALLEFTBUFFER@F18BUFFEREDPAIRSCLASS
  41F3A0 ASSIGNRIGHTTOBUFFER@F18BUFFEREDPAIRSCLASS
  41F3E8 ASSIGNLEFTTOBUFFER@F18BUFFEREDPAIRSCLASS
  41F42C ASSIGNBUFFERTORIGHT@F18BUFFEREDPAIRSCLASS
  41F474 ASSIGNBUFFERTOLEFT@F18BUFFEREDPAIRSCLASS
  41F4B8 ADDPAIR@F18BUFFEREDPAIRSCLASSRuRu
  41F558 INIT@F15FIELDPAIRSCLASS
  41F574 KILL@F15FIELDPAIRSCLASS
  41F5D8 EQUALLEFTRIGHT@F15FIELDPAIRSCLASS
  41F628 EQUAL@F15FIELDPAIRSCLASS
  41F630 CLEARRIGHT@F15FIELDPAIRSCLASS
  41F66C CLEARLEFT@F15FIELDPAIRSCLASS
  41F6A4 ASSIGNRIGHTTOLEFT@F15FIELDPAIRSCLASS
  41F6E8 ASSIGNLEFTTORIGHT@F15FIELDPAIRSCLASS
  41F72C ADDPAIR@F15FIELDPAIRSCLASSRuRu
  41F770 NEXT@F13CONSTANTCLASS
  41F92C SET@F13CONSTANTCLASSRsb
  41F980 RESET@F13CONSTANTCLASS
  41F9D0 KILL@F13CONSTANTCLASS
  41FA30 INIT@F13CONSTANTCLASSUc
  41FA74 GETCSTRING@F13CONSTANTCLASS
  41FAF4 GETPSTRING@F13CONSTANTCLASS
  41FB80 GETLONG@F13CONSTANTCLASS
  41FBA4 GETUSHORT@F13CONSTANTCLASS
  41FBCC GETSHORT@F13CONSTANTCLASS
  41FBD4 GETBYTE@F13CONSTANTCLASS
  41FBE8 ADDITEM@F13CONSTANTCLASSUcRu
  41FC24 CONSTRUCT@F13CONSTANTCLASS
  41FC3C REMOVEDOLLAR@Fsb
  41FD10 ADDDOLLAR@Fsb
  41FE94 ONCLOSEEVENTCANCELLED@F13WINDOWMANAGER
  41FEAC SAVEONINSERTACTION@F13WINDOWMANAGER
  41FF50 SAVEONCHANGEACTION@F13WINDOWMANAGER
  420068 DELETEACTION@F13WINDOWMANAGER
  42021C CHANGEACTION@F13WINDOWMANAGER
  42058C INSERTACTION@F13WINDOWMANAGER
  42077C TAKEDISABLEBUTTON@F13WINDOWMANAGERlUc
  4207A4 UPDATE@F13WINDOWMANAGER
  4207E0 TAKEWINDOWEVENT@F13WINDOWMANAGER
  420A08 TAKESELECTED@F13WINDOWMANAGER
  420A0C TAKEREJECTED@F13WINDOWMANAGER
  420A48 TAKENOTIFY@F13WINDOWMANAGERlll
  420A4C TAKENEWSELECTION@F13WINDOWMANAGER
  420ACC TAKEFIELDEVENT@F13WINDOWMANAGER
  420AD0 TAKEEVENT@F13WINDOWMANAGER
  420C84 TAKECLOSEEVENT@F13WINDOWMANAGER
  420E04 TAKECOMPLETED@F13WINDOWMANAGER
  420EDC TAKEACCEPTED@F13WINDOWMANAGER
  420FC8 SETRESPONSE@F13WINDOWMANAGERUc
  421014 SETALERTS@F13WINDOWMANAGER
  4210C4 SAVEHISTORY@F13WINDOWMANAGER
  42116C RUN@F13WINDOWMANAGERUsUc
  421170 RUN@F13WINDOWMANAGER
  4211BC RESTOREFIELD@F13WINDOWMANAGERl
  421290 RESETBUFFERS@F13WINDOWMANAGERUc
  4212F4 RESET@F13WINDOWMANAGERUc
  42137C PRIMEUPDATE@F13WINDOWMANAGER
  4214C0 PRIMEFIELDS@F13WINDOWMANAGER
  4214C4 POSTCOMPLETED@F13WINDOWMANAGER
  42155C OPEN@F13WINDOWMANAGERBwBw
  4215A4 OPEN@F13WINDOWMANAGER
  4215E8 MODALEVENT@F13WINDOWMANAGER
  4216CC KILL@F13WINDOWMANAGER
  421820 INIT@F13WINDOWMANAGER
  42189C REMOVEITEM@F13WINDOWMANAGER15WINDOWCOMPONENT
  4218D4 ASK@F13WINDOWMANAGER
  421938 ADDUPDATEFILE@F13WINDOWMANAGER11FILEMANAGER
  421978 ADDITEM@F13WINDOWMANAGER17WINDOWRESIZECLASS
  421980 ADDITEM@F13WINDOWMANAGER15WINDOWCOMPONENT
  4219AC ADDITEM@F13WINDOWMANAGER12TOOLBARCLASS
  4219C0 ADDITEM@F13WINDOWMANAGERlUc
  4219E4 ADDITEM@F13WINDOWMANAGER11BROWSECLASS
  421A0C ADDHISTORYFILE@F13WINDOWMANAGERRgRg
  421A64 ADDHISTORYFIELD@F13WINDOWMANAGERll
  421A8C DISABLECANCELCONTROLS@F13WINDOWMANAGER
  421AE4 ENABLECANCELCONTROLS@F13WINDOWMANAGER
  421D10 PROCESSDOCUMENT@F17WMFDOCUMENTPARSER
  421DC0 OPENDOCUMENT@F17WMFDOCUMENTPARSER
  421E2C CLOSEDOCUMENT@F17WMFDOCUMENTPARSER
  421E6C INIT@F17WMFDOCUMENTPARSER12PREVIEWQUEUE16IREPORTGENERATOR10ERRORCLASS
  421F04 GENERATEREPORT@F17WMFDOCUMENTPARSERUc
  4222A0 TAKERECORD@F9WMFPARSER
  426B24 PROCESSFILE@F9WMFPARSER
  426B44 PROCESSHEADER@F9WMFPARSER
  426D18 ADDOBJECT@F9WMFPARSERUc
  426DB8 CLOSEFILE@F9WMFPARSER
  426DF8 RUN@F9WMFPARSER
  426E00 OPENFILE@F9WMFPARSER
  426EC4 KILL@F9WMFPARSER
  426F2C INIT@F9WMFPARSERsb16IREPORTGENERATOR10ERRORCLASS
  426FF8 GETBOXBOTTOM@F9WMFPARSER
  427000 GETBOXRIGHT@F9WMFPARSER
  427008 GETBOXTOP@F9WMFPARSER
  427010 GETBOXLEFT@F9WMFPARSER
  427018 DESTRUCT@F9WMFPARSER
  4270FC CONSTRUCT@F9WMFPARSER
  427224 GETIFACE@F15CRITICALSECTION
  427228 DESTRUCT@F15CRITICALSECTION
  42723C CONSTRUCT@F15CRITICALSECTION
  427250 KILL@F17CRITICALPROCEDURE
  427274 INIT@F17CRITICALPROCEDURE11ISYNCOBJECT
  427294 DESTRUCT@F17CRITICALPROCEDURE
  42729C CONSTRUCT@F17CRITICALPROCEDURE
  42A108 EMPLOYEEAPP001$REPORTPHONESBYPHO:GUIDKEY@F
  42A2FC EMPLOYEEAPP001$REPORTPHONESBYPHO:EMPLOYEEGUIDKEY@F
  42A4F0 EMPLOYEEAPP001$BROWSEPHONES@F
  42A770 EMPLOYEEAPP001$REPORTEMPLOYEESBYEMP:GUIDKEY@F
  42A98C EMPLOYEEAPP001$REPORTEMPLOYEESBYEMP:QUALIFICATIONGUIDKEY@F
  42ABA8 EMPLOYEEAPP001$REPORTEMPLOYEESBYEMP:SALARYGUIDKEY@F
  42ADC4 EMPLOYEEAPP001$REPORTEMPLOYEESBYEMP:BENEFITSGUIDKEY@F
  42AFE0 EMPLOYEEAPP001$REPORTEMPLOYEESBYEMP:PHONEGUIDKEY@F
  42B1FC EMPLOYEEAPP001$BROWSEEMPLOYEES@F
  42B5B4 MAIN@F
  42E200 EMPLOYEEAPP002$EXPORTFILE@F
  42E260 EMPLOYEEAPP002$REPORTQUALIFICATIONBYQUA:GUIDKEY@F
  42E45C EMPLOYEEAPP002$REPORTQUALIFICATIONBYQUA:SCHOOLGUIDKEY@F
  42E658 EMPLOYEEAPP002$REPORTQUALIFICATIONBYQUA:EMPLOYEEGUIDKEY@F
  42E854 EMPLOYEEAPP002$BROWSEQUALIFICATION@F
  42EB2C EMPLOYEEAPP002$REPORTBENEFITSBYBEN:GUIDKEY@F
  42ED20 EMPLOYEEAPP002$REPORTBENEFITSBYBEN:EMPLOYEEGUIDKEY@F
  42EF14 EMPLOYEEAPP002$BROWSEBENEFITS@F
  42F1B8 EMPLOYEEAPP002$REPORTSALARYBYSAL:GUIDKEY@F
  42F3AC EMPLOYEEAPP002$REPORTSALARYBYSAL:EMPLOYEEGUIDKEY@F
  42F5A0 EMPLOYEEAPP002$BROWSESALARY@F
  432500 EMPLOYEEAPP003$REPORTLINKEMPLOYEEQUALIFICATIONBYLIN2:EMPLOYEEGUIDKEY@F
  4326F0 EMPLOYEEAPP003$REPORTLINKEMPLOYEEQUALIFICATIONBYLIN2:GUIDKEY@F
  4328E0 EMPLOYEEAPP003$BROWSELINKEMPLOYEEQUALIFICATION@F
  432BB8 EMPLOYEEAPP003$REPORTLINKBENEFITSEMPLOYEEBYLIN:EMPLOYEEGUIDKEY@F
  432DA8 EMPLOYEEAPP003$REPORTLINKBENEFITSEMPLOYEEBYLIN:BENEFITSGUIDKEY@F
  432F98 EMPLOYEEAPP003$REPORTLINKBENEFITSEMPLOYEEBYLIN:GUIDKEY@F
  433188 EMPLOYEEAPP003$BROWSELINKBENEFITSEMPLOYEE@F
  43343C EMPLOYEEAPP003$REPORTSCHOOLSBYSCH:GUIDKEY@F
  433634 EMPLOYEEAPP003$REPORTSCHOOLSBYSCH:QUALIFICATIONGUIDKEY@F
  43382C EMPLOYEEAPP003$BROWSESCHOOLS@F
  436A40 EMPLOYEEAPP004$UPDATESCHOOLS@F
  436BF0 EMPLOYEEAPP004$UPDATEQUALIFICATION@F
  436DA4 EMPLOYEEAPP004$SELECTSCHOOLS@F
  437048 EMPLOYEEAPP004$UPDATEBENEFITS@F
  4371F4 EMPLOYEEAPP004$UPDATESALARY@F
  4373A0 EMPLOYEEAPP004$UPDATEPHONES@F
  43754C EMPLOYEEAPP004$SELECTEMPLOYEES@F
  43793C EMPLOYEEAPP004$UPDATEEMPLOYEES@F
  437B0C EMPLOYEEAPP004$REPORTLINKEMPLOYEEQUALIFICATIONBYLIN2:QUALIFICATIONGUIDKEY@F
  4390A8 EMPLOYEEAPP005$UPDATELINKEMPLOYEEQUALIFICATION@F
  439250 EMPLOYEEAPP005$SELECTQUALIFICATION@F
  439558 EMPLOYEEAPP005$UPDATELINKBENEFITSEMPLOYEE@F
  439700 EMPLOYEEAPP005$SELECTBENEFITS@F
  439D98 KILL@F37HIDE:RELATE:LINKEMPLOYEEQUALIFICATION
  439DE0 DEFEREDADDRELATIONS@F37HIDE:RELATE:LINKEMPLOYEEQUALIFICATION
  439E00 INIT@F37HIDE:RELATE:LINKEMPLOYEEQUALIFICATION
  439E38 USEFILE@F37HIDE:ACCESS:LINKEMPLOYEEQUALIFICATIONUc
  439F34 PRIMEFIELDS@F37HIDE:ACCESS:LINKEMPLOYEEQUALIFICATION
  439FDC KILL@F37HIDE:ACCESS:LINKEMPLOYEEQUALIFICATION
  439FFC INIT@F37HIDE:ACCESS:LINKEMPLOYEEQUALIFICATION
  43A07C KILL@F32HIDE:RELATE:LINKBENEFITSEMPLOYEE
  43A0C4 DEFEREDADDRELATIONS@F32HIDE:RELATE:LINKBENEFITSEMPLOYEE
  43A0E4 INIT@F32HIDE:RELATE:LINKBENEFITSEMPLOYEE
  43A11C USEFILE@F32HIDE:ACCESS:LINKBENEFITSEMPLOYEEUc
  43A218 PRIMEFIELDS@F32HIDE:ACCESS:LINKBENEFITSEMPLOYEE
  43A2C0 KILL@F32HIDE:ACCESS:LINKBENEFITSEMPLOYEE
  43A2E0 INIT@F32HIDE:ACCESS:LINKBENEFITSEMPLOYEE
  43A360 KILL@F19HIDE:RELATE:SCHOOLS
  43A3A8 DEFEREDADDRELATIONS@F19HIDE:RELATE:SCHOOLS
  43A3C8 INIT@F19HIDE:RELATE:SCHOOLS
  43A400 USEFILE@F19HIDE:ACCESS:SCHOOLSUc
  43A4CC PRIMEFIELDS@F19HIDE:ACCESS:SCHOOLS
  43A54C KILL@F19HIDE:ACCESS:SCHOOLS
  43A56C INIT@F19HIDE:ACCESS:SCHOOLS
  43A5EC KILL@F25HIDE:RELATE:QUALIFICATION
  43A634 DEFEREDADDRELATIONS@F25HIDE:RELATE:QUALIFICATION
  43A654 INIT@F25HIDE:RELATE:QUALIFICATION
  43A68C USEFILE@F25HIDE:ACCESS:QUALIFICATIONUc
  43A788 PRIMEFIELDS@F25HIDE:ACCESS:QUALIFICATION
  43A830 KILL@F25HIDE:ACCESS:QUALIFICATION
  43A850 INIT@F25HIDE:ACCESS:QUALIFICATION
  43A8D0 KILL@F20HIDE:RELATE:BENEFITS
  43A918 DEFEREDADDRELATIONS@F20HIDE:RELATE:BENEFITS
  43A938 INIT@F20HIDE:RELATE:BENEFITS
  43A970 USEFILE@F20HIDE:ACCESS:BENEFITSUc
  43AA3C PRIMEFIELDS@F20HIDE:ACCESS:BENEFITS
  43AAD0 KILL@F20HIDE:ACCESS:BENEFITS
  43AAF0 INIT@F20HIDE:ACCESS:BENEFITS
  43AB70 KILL@F18HIDE:RELATE:SALARY
  43ABB8 DEFEREDADDRELATIONS@F18HIDE:RELATE:SALARY
  43ABD8 INIT@F18HIDE:RELATE:SALARY
  43AC10 USEFILE@F18HIDE:ACCESS:SALARYUc
  43ACDC PRIMEFIELDS@F18HIDE:ACCESS:SALARY
  43AD58 KILL@F18HIDE:ACCESS:SALARY
  43AD78 INIT@F18HIDE:ACCESS:SALARY
  43ADF8 KILL@F18HIDE:RELATE:PHONES
  43AE40 DEFEREDADDRELATIONS@F18HIDE:RELATE:PHONES
  43AE60 INIT@F18HIDE:RELATE:PHONES
  43AE98 USEFILE@F18HIDE:ACCESS:PHONESUc
  43AF64 PRIMEFIELDS@F18HIDE:ACCESS:PHONES
  43AFF8 KILL@F18HIDE:ACCESS:PHONES
  43B018 INIT@F18HIDE:ACCESS:PHONES
  43B098 KILL@F21HIDE:RELATE:EMPLOYEES
  43B0E0 DEFEREDADDRELATIONS@F21HIDE:RELATE:EMPLOYEES
  43B100 INIT@F21HIDE:RELATE:EMPLOYEES
  43B138 USEFILE@F21HIDE:ACCESS:EMPLOYEESUc
  43B290 PRIMEFIELDS@F21HIDE:ACCESS:EMPLOYEES
  43B368 KILL@F21HIDE:ACCESS:EMPLOYEES
  43B388 INIT@F21HIDE:ACCESS:EMPLOYEES
  43B408 EMPLOYEEAPP_BC0$EMPLOYEEAPP_BC0:FILESINIT@F
  43B4BC EMPLOYEEAPP_BC0$EMPLOYEEAPP_BC0:DCTKILL@F
  43B604 EMPLOYEEAPP_BC0$EMPLOYEEAPP_BC0:DCTINIT@F
  43B998 DCTKILL@F
  43B9A0 DCTINIT@F
  43B9AC _main
  43BA44 DESTRUCT@F10DICTIONARY
  43BA4C CONSTRUCT@F10DICTIONARY
  43C61C __thr_inst0
  43C62C __thr_init_entry
  43C64C __thr_init_exit
  43CE24 SORTCASEINSENSITIVE@F14LINESGROUPTYPE14LINESGROUPTYPE
  43CE9C SORTLENGTH@F14LINESGROUPTYPE14LINESGROUPTYPE
  43CF20 SORTCASESENSITIVE@F14LINESGROUPTYPE14LINESGROUPTYPE
  43CF70 ASNENCODENUMBER@F12STRINGTHEORYsbl
  43D020 ASNENCODE@F12STRINGTHEORYsbOsb
  43D184 ASNDECODE@F12STRINGTHEORYRl12STRINGTHEORYPsb
  43D378 ENDSWITH@F12STRINGTHEORYsbll
  43D484 STARTSWITH@F12STRINGTHEORYsbll
  43D560 FORMATTIME@F12STRINGTHEORYlsb
  43E444 FORMATTIME@F12STRINGTHEORYsb
  43E4C4 DEFORMATTIME@F12STRINGTHEORY
  43EBA8 DEFORMATTIME@F12STRINGTHEORYsb
  43EC40 ISTIME@F12STRINGTHEORY
  43ED50 ISTIME@F12STRINGTHEORYsb
  43EDE0 LINEENDINGS@F12STRINGTHEORYl
  43EFCC MERGEXML@F12STRINGTHEORYsbl
  43F1BC GUNZIP@F12STRINGTHEORY
  43F490 GZIP@F12STRINGTHEORYl
  43F80C LOADNORMALIZE@F12STRINGTHEORY
  43F934 LOADLIBS@F12STRINGTHEORY
  43FB28 PEEKRAM@F12STRINGTHEORYUlll
  43FFE4 CLEANFILENAME@F12STRINGTHEORYOsbOsb
  440188 URLDECODE@F12STRINGTHEORYOsbOsb
  44058C URLENCODE@F12STRINGTHEORYlOsbOsbOsb
  441098 URLENCODE@F12STRINGTHEORYsblsbsbsb
  4411A0 COLORFROMHEX@F12STRINGTHEORYsb
  441398 COLORTOHEX@F12STRINGTHEORYll
  441458 FINDCHARS@F12STRINGTHEORYsbllOsb
  441508 FINDCHARS@F12STRINGTHEORYRsbllOsb
  441624 FINDCHAR@F12STRINGTHEORYsbllOsb
  441720 UNQUOTE@F12STRINGTHEORYOsbOsb
  441844 QUOTE@F12STRINGTHEORYOsbOsb
  4419F0 INSERT@F12STRINGTHEORYlsb
  441B70 SETSLICE@F12STRINGTHEORYUlUlsb
  441CAC STR@F12STRINGTHEORYRsb
  441D04 STR@F12STRINGTHEORYsb
  441D78 STR@F12STRINGTHEORY
  441DB4 REVERSEBYTEORDER@F12STRINGTHEORY
  441DC0 LITTLEENDIAN@F12STRINGTHEORYUl
  441DCC BIGENDIAN@F12STRINGTHEORYUl
  441DD8 SWITCHENDIAN@F12STRINGTHEORYUl
  441E10 LITTLEENDIAN@F12STRINGTHEORY
  441E48 BIGENDIAN@F12STRINGTHEORY
  441E80 _SWITCHENDIAN@F12STRINGTHEORY
  441ED4 MATCHBRACKETS@F12STRINGTHEORYsbsbl
  441FB4 KEEPCHARS@F12STRINGTHEORYsb
  4420B0 REMOVECHARS@F12STRINGTHEORYsb
  442188 ISALL@F12STRINGTHEORYsbOsbl
  4422E4 CONTAINSA@F12STRINGTHEORYsbOsbl
  442488 ISALLDIGITS@F12STRINGTHEORY
  4424C4 CONTAINSADIGIT@F12STRINGTHEORY
  442500 SQUEEZE@F12STRINGTHEORYlOsb
  44262C SETALL@F12STRINGTHEORYl
  442680 ALL@F12STRINGTHEORYl
  4426D4 SETRIGHT@F12STRINGTHEORYllOsb
  442750 RIGHT@F12STRINGTHEORYllOsb
  442904 SETLEFT@F12STRINGTHEORYllOsb
  442980 LEFT@F12STRINGTHEORYllOsb
  442B64 REVERSE@F12STRINGTHEORY
  442BEC REVERSE@F12STRINGTHEORYsb
  442C84 TRIM@F12STRINGTHEORYOsb
  442DEC CLIP@F12STRINGTHEORY
  442E28 REMOVE@F12STRINGTHEORYsbOsblll
  443070 DECENTITYTOCHAR@F12STRINGTHEORY
  443364 HTMLENTITYTODEC@F12STRINGTHEORY
  445168 REMOVEXMLPREFIXES@F12STRINGTHEORY
  445228 REMOVEATTRIBUTES@F12STRINGTHEORYsbl
  4453A8 COUNTWORDS@F12STRINGTHEORYllOsb
  445464 WORDEND@F12STRINGTHEORYllOsb
  445804 WORDSTART@F12STRINGTHEORYlllOsb
  445A94 GETWORD@F12STRINGTHEORYlllOsb
  445AFC FINDWORD@F12STRINGTHEORYlllRlRlOsb
  445D20 GETBYTES@F12STRINGTHEORYRusbl
  446180 SETBYTES@F12STRINGTHEORYRusbl
  4466AC GETBYTES@F12STRINGTHEORYRspl
  4466CC GETBYTES@F12STRINGTHEORYRsbl
  4466EC GETBYTES@F12STRINGTHEORYRscl
  44670C GETBYTES@F12STRINGTHEORYRel
  446734 GETBYTES@F12STRINGTHEORYRdl
  446754 GETBYTES@F12STRINGTHEORYRfl
  446774 GETBYTES@F12STRINGTHEORYRUll
  446794 GETBYTES@F12STRINGTHEORYRll
  4467A8 GETBYTES@F12STRINGTHEORYRUsl
  4467C8 GETBYTES@F12STRINGTHEORYRsl
  4467E8 GETBYTES@F12STRINGTHEORYRUcl
  446808 SETBYTES@F12STRINGTHEORYRsp
  44682C SETBYTES@F12STRINGTHEORYRsb
  44683C SETBYTES@F12STRINGTHEORYRsc
  44685C SETBYTES@F12STRINGTHEORYRe
  4468A0 SETBYTES@F12STRINGTHEORYRd
  4468B4 SETBYTES@F12STRINGTHEORYRf
  4468C8 SETBYTES@F12STRINGTHEORYRUl
  4468DC SETBYTES@F12STRINGTHEORYRl
  4468F0 SETBYTES@F12STRINGTHEORYRUs
  446904 SETBYTES@F12STRINGTHEORYRs
  446918 SETBYTES@F12STRINGTHEORYRUc
  44692C FROMBYTES@F12STRINGTHEORYRsbRspl
  446950 FROMBYTES@F12STRINGTHEORYRsbRsbl
  446974 FROMBYTES@F12STRINGTHEORYRsbRscl
  446998 FROMBYTES@F12STRINGTHEORYRsbRel
  4469E4 FROMBYTES@F12STRINGTHEORYRsbRdl
  446A1C FROMBYTES@F12STRINGTHEORYRsbRfl
  446A54 FROMBYTES@F12STRINGTHEORYRsbRUll
  446A8C FROMBYTES@F12STRINGTHEORYRsbRll
  446AC4 FROMBYTES@F12STRINGTHEORYRsbRUsl
  446AFC FROMBYTES@F12STRINGTHEORYRsbRsl
  446B34 FROMBYTES@F12STRINGTHEORYRsbRUcl
  446B6C TOBYTES@F12STRINGTHEORYRsbRsbl
  446B90 TOBYTES@F12STRINGTHEORYRspRsbl
  446BBC TOBYTES@F12STRINGTHEORYRscRsbl
  446BE0 TOBYTES@F12STRINGTHEORYReRsbl
  446C00 TOBYTES@F12STRINGTHEORYRdRsbl
  446C38 TOBYTES@F12STRINGTHEORYRfRsbl
  446C70 TOBYTES@F12STRINGTHEORYRUlRsbl
  446CA8 TOBYTES@F12STRINGTHEORYRlRsbl
  446CE0 TOBYTES@F12STRINGTHEORYRUsRsbl
  446D14 TOBYTES@F12STRINGTHEORYRsRsbl
  446D48 TOBYTES@F12STRINGTHEORYRUcRsbl
  446D78 STRCPY@F12STRINGTHEORYRsbRsbl
  446E24 WRAPTEXT@F12STRINGTHEORYlll
  447480 FROMHEX@F12STRINGTHEORY
  4475A8 TOHEX@F12STRINGTHEORYl
  4476D8 HEXTOSTRING@F12STRINGTHEORYsb
  44784C STRINGTOHEX@F12STRINGTHEORYsbll
  44798C LONGTOHEX@F12STRINGTHEORYl
  447A3C HEXTOBYTE@F12STRINGTHEORYsb
  447AB4 BYTETOHEX@F12STRINGTHEORYUc
  447B14 BASETODEC@F12STRINGTHEORYsbl
  447BE0 DECTOBASE@F12STRINGTHEORYlll
  447D0C NORMALIZE@F12STRINGTHEORYll
  447F3C UTF16TOUTF8CHAR@F12STRINGTHEORYsbRl
  448170 DECODEHEXINLINE@F12STRINGTHEORYsblUl
  44835C DECODEHEXINLINE@F12STRINGTHEORYUl
  4483B0 TOUNICODE@F12STRINGTHEORYlUl
  44856C TOANSI@F12STRINGTHEORYlUll
  448760 TOANSI@F12STRINGTHEORYlUl
  4489B8 APIANSITOUTF8@F12STRINGTHEORYRsbRl
  4489EC APIUTF8TOANSI@F12STRINGTHEORYRsbRl
  448A20 ANSITOUTF8@F12STRINGTHEORYRsbRlUl
  448B08 UTF8TOANSI@F12STRINGTHEORYRsbRlUl
  448BD0 UTF16TO8@F12STRINGTHEORYRsbRll
  448D48 UTF8TO16@F12STRINGTHEORYRsbRl
  448E80 UTF16TOANSI@F12STRINGTHEORYRsbRllUl
  448FFC ANSITOUTF16@F12STRINGTHEORYRsbRlUl
  449148 FROMBLOB@F12STRINGTHEORYBb
  449240 TOBLOB@F12STRINGTHEORYBb
  449320 AFTER@F12STRINGTHEORYsblll
  4493E4 FINDBETWEEN@F12STRINGTHEORYsbsbRlRlll
  4495BC BETWEEN@F12STRINGTHEORYsbsbllll
  449640 BEFORE@F12STRINGTHEORYsblll
  4496C4 ADDBOM@F12STRINGTHEORYl
  449834 SETENCODINGFROMBOM@F12STRINGTHEORYl
  449970 SAVEFILEA@F12STRINGTHEORYsbsbl
  4499D4 SAVEFILE@F12STRINGTHEORYRsbsbll
  449C28 SAVEFILE@F12STRINGTHEORYsbl
  449CD4 LOADFILE@F12STRINGTHEORYsblll
  44A028 URLPARAMETER@F12STRINGTHEORYsbOsb
  44A344 URLPARAMETERSONLY@F12STRINGTHEORYOsb
  44A464 URLFILEONLY@F12STRINGTHEORYOsb
  44A640 URLPATHONLY@F12STRINGTHEORYOsbl
  44A848 URLPORTONLY@F12STRINGTHEORYOsb
  44AA34 URLHOSTONLY@F12STRINGTHEORYOsbl
  44ABFC URLPROTOCOLONLY@F12STRINGTHEORYOsb
  44AD48 PATHONLY@F12STRINGTHEORYOsb
  44AE84 FILENAMEONLY@F12STRINGTHEORYOsbl
  44B148 LOWER@F12STRINGTHEORYOsbOsb
  44B318 UPPER@F12STRINGTHEORYOsbOsb
  44B4E8 TRACE@F12STRINGTHEORYOsb
  44B63C TRACE@F12STRINGTHEORYBq
  44B73C TOCSTRING@F12STRINGTHEORY
  44B7FC SUB@F12STRINGTHEORYUlUl
  44B970 FILTER@F12STRINGTHEORYsbsb
  44BAD0 SORT@F12STRINGTHEORYl
  44BB10 SORT@F12STRINGTHEORYlsbOsbOsbll
  44BC18 SPLITEVERY@F12STRINGTHEORYl
  44BD2C SPLIT@F12STRINGTHEORYsbOsbOsblllOsbl
  44C7EC SLICE@F12STRINGTHEORYUlUl
  44C8CC SETLENGTH@F12STRINGTHEORYll
  44CA80 REPLACE@F12STRINGTHEORYsbsblllll
  44D850 RECORDS@F12STRINGTHEORY
  44D868 MAKEGUID@F12STRINGTHEORYll
  44D898 RANDOM@F12STRINGTHEORYllOsb
  44DDF8 PREPEND@F12STRINGTHEORYsblOsb
  44DFAC MD5@F12STRINGTHEORYl
  44E060 _MALLOC@F12STRINGTHEORYlll
  44E210 CHARS@F12STRINGTHEORYlOsb
  44E39C LEN@F12STRINGTHEORY
  44E3A4 LENGTHA@F12STRINGTHEORY
  44E3AC LENGTH@F12STRINGTHEORY
  44E3B4 _JOINA@F12STRINGTHEORYsbOsbOsbl
  44E9D8 JOIN@F12STRINGTHEORYsbOsbOsbl
  44F10C SERIALIZEGROUP@F12STRINGTHEORYRg12STRINGTHEORYOsbOsbll
  44F5CC SERIALIZEQUEUE@F12STRINGTHEORYBqOsb12STRINGTHEORYOsbOsbll
  44F74C SERIALIZEGROUP@F12STRINGTHEORYRgOsbOsbOsbll
  44F8E0 SERIALIZEQUEUE@F12STRINGTHEORYBqOsbOsbOsbOsbll
  44FA84 REMOVELINES@F12STRINGTHEORYOsb
  44FB80 DELETELINE@F12STRINGTHEORYl
  44FBD4 ADDLINE@F12STRINGTHEORYlsb
  44FCBC SETLINE@F12STRINGTHEORYlsb
  44FDF0 INLINE@F12STRINGTHEORYsbllllll
  44FFE8 GETBUFFERLENGTH@F12STRINGTHEORY
  450000 GETLINE@F12STRINGTHEORYl
  4500C4 GETVAL@F12STRINGTHEORY
  4500D8 GETVALUE@F12STRINGTHEORYl
  450134 GETVALUE@F12STRINGTHEORY
  450170 FORMATMESSAGE@F12STRINGTHEORYl
  4501BC EXTENSIONONLY@F12STRINGTHEORYOsb
  45030C ERRORTRAP@F12STRINGTHEORYsbsb
  450420 CAPITALIZE@F12STRINGTHEORYlllOsb
  450648 COUNT@F12STRINGTHEORYsbllllll
  450770 INSTRING@F12STRINGTHEORYsblllll
  450AF0 CROP@F12STRINGTHEORYUlUl
  450B1C CLIPLENGTH@F12STRINGTHEORY
  450B50 CLIPLEN@F12STRINGTHEORY
  450B5C FREELINES@F12STRINGTHEORY
  450BAC FREE@F12STRINGTHEORYll
  450C3C XMLDECODE@F12STRINGTHEORY
  450D0C XMLENCODE@F12STRINGTHEORYl
  450DDC JSONDECODE@F12STRINGTHEORY
  45148C JSONENCODE@F12STRINGTHEORYl
  4519A8 ENCODEDWORDENCODE@F12STRINGTHEORYOsbl
  451B78 ENCODEDWORDDECODE@F12STRINGTHEORY
  452024 QUOTEDPRINTABLEDECODE@F12STRINGTHEORY
  4520A4 QUOTEDPRINTABLEENCODE@F12STRINGTHEORY
  452264 BASE64DECODE@F12STRINGTHEORYRsbRl
  452484 BASE64DECODE@F12STRINGTHEORY
  4524E0 BASE64ENCODE@F12STRINGTHEORYRsbRl
  4528EC BASE64ENCODE@F12STRINGTHEORYl
  452A88 SETVALUE@F12STRINGTHEORYRsbl
  452BD0 GETVALUEPTR@F12STRINGTHEORY
  452C14 ABBREVIATE@F12STRINGTHEORYlll
  452D48 ASSIGN@F12STRINGTHEORYsb
  452D7C ASSIGN@F12STRINGTHEORYRsb
  452D8C _SETVALUEPOINTER@F12STRINGTHEORYllll
  452E3C _GETNEXTBUFFERSIZE@F12STRINGTHEORYl
  452EE8 EQUALS@F12STRINGTHEORYsbl
  452FAC EQUALS@F12STRINGTHEORY12STRINGTHEORYl
  4531F8 SETVALUE@F12STRINGTHEORYsbl
  453228 SETVALUE@F12STRINGTHEORY12STRINGTHEORY
  4532C0 CATADDR@F12STRINGTHEORYll
  453330 CAT@F12STRINGTHEORYRsbl
  4533AC CAT@F12STRINGTHEORYsbl
  453438 APPEND@F12STRINGTHEORY12STRINGTHEORYOsb
  4534C0 APPEND@F12STRINGTHEORYRsblOsb
  45360C APPEND@F12STRINGTHEORYsblOsb
  4536BC APPENDBINARY@F12STRINGTHEORYll
  4536E0 APPENDA@F12STRINGTHEORYsblOsb
  453790 START@F12STRINGTHEORY
  453818 CONSTRUCT@F12STRINGTHEORY
  45383C DESTRUCT@F12STRINGTHEORY
  453888 GENERATE@F12XMLGENERATORBfsb
  453DF0 DESTRUCT@F12XMLGENERATOR
  453DF4 CONSTRUCT@F12XMLGENERATOR
  454000 $DEFAULTERRORS
  45540C $OVERRIDECHARACTERS
  45542C $SCROLL:NAME
  455558 $SCROLL:ALPHA
  455620 TYPE$BROWSECLASS
  455A08 TYPE$BROWSEEIPMANAGER
  455CDC VMT$BROWSEEIPMANAGER
  455D84 VMT$BROWSECLASS
  455F58 TYPE$STANDARDBEHAVIOR
  455F94 VMT$STANDARDBEHAVIOR
  455FE4 TYPE$STEPLOCATORCLASS
  456034 VMT$STEPLOCATORCLASS
  456070 TYPE$STEPSTRINGCLASS
  4560C0 VMT$STEPSTRINGCLASS
  456104 TYPE$COLORMAP
  456130 TCB$COLORMAP
  456140 TYPE$EDITENTRYCLASS
  456188 VMT$EDITENTRYCLASS
  456328 STDERRORFILE$TYPE$RECORD
  456340 $STDERRORFILE
  4563BC TYPE$PNQ
  4563DC TYPE$DEFAULTERRORS
  45665C TYPE$HISTHANDLERCLASS
  4566A4 VMT$HISTHANDLERCLASS
  4566D4 TYPE$MSGBOXCLASS
  45694C VMT$MSGBOXCLASS
  4569D8 TYPE$ERRORCLASS
  456C34 VMT$ERRORCLASS
  456C80 TYPE$STANDARDERRORLOGCLASS
  456CB8 VMT$STANDARDERRORLOGCLASS
  456CD0 TYPE$ERRORSTATUSCLASS
  456DC4 VMT$ERRORSTATUSCLASS
  456EA0 TYPE$UNTHREADEDFILEOPENERMAP
  456EC4 TCB$UNTHREADEDFILEOPENERMAP
  456ED4 TYPE$FILESMANAGER
  456F18 VMT$FILESMANAGER
  456F24 TYPE$FILEMAPPING_T
  456F50 TYPE$FILEMAPPING_R
  456F80 TYPE$STATUSQ_T
  456FE8 TYPE$UNTHREADEDFILEOPENSERVER
  457044 VMT$UNTHREADEDFILEOPENSERVER
  457068 TYPE$THREADEDFILEOPENSERVER
  4570A8 VMT$THREADEDFILEOPENSERVER
  4572B8 TYPE$FUZZYCLASS
  457360 VMT$FUZZYCLASS
  45739C TYPE$POPUPITEMQUEUE
  45740C TYPE$POPUPCLASS
  4574B8 VMT$POPUPCLASS
  45758C TYPE$FIELDQUEUE
  457774 TYPE$PAGEMANAGERCLASS
  45782C VMT$PAGEMANAGERCLASS
  457838 TYPE$ZOOMITEMQUEUE
  457870 $ZOOMPRESETS
  457964 TYPE$PRINTPREVIEWCLASS
  457FCC VMT$PRINTPREVIEWCLASS
  4580B8 TYPE$WINDOWRESIZECLASS
  4582F8 TYPE$REPORTATTRIBUTEMANAGER
  458314 VMT$REPORTATTRIBUTEMANAGER
  4583BC TYPE$REPORTTARGETSELECTORCLASS
  458448 VMT$REPORTTARGETSELECTORCLASS
  4584DC TYPE$TOOLBARTARGETQUEUE
  4584F8 TYPE$TOOLBARCLASS
  458510 VMT$TOOLBARCLASS
  4585BC TYPE$CONSTDESCRIPTORLIST
  4585E4 TYPE$CONSTANTCLASS
  458684 VMT$CONSTANTCLASS
  458690 TYPE$INICLASS
  4586D8 VMT$INICLASS
  458764 TYPE$BUFFEREDPAIRSCLASS
  458788 VMT$BUFFEREDPAIRSCLASS
  4587C0 TYPE$FIELDPAIRSCLASS
  4587D8 VMT$FIELDPAIRSCLASS
  45880C TYPE$FILELIST
  458830 TYPE$HISTORYLIST
  458868 TYPE$BUTTONLIST
  45888C TYPE$COMPONENTLIST
  4589A4 WMFINFILE$TYPE$WMFF@:RECORD
  4589C4 TYPE$QUEUEDC
  458A28 TYPE$QUEUEHOLES
  458A3C TYPE$QUEUEBRUSH
  458A68 TYPE$QUEUEPENS
  458A94 TYPE$QUEUEFONTS
  458ADC TYPE$QUEUEOBJECTS
  458AF8 TYPE$WMFDOCUMENTPARSER
  458B5C VMT$WMFDOCUMENTPARSER
  458B68 TYPE$WMFPARSER
  459680 VMT$WMFPARSER
  45968C TYPE$POINTQUEUE
  4596A8 TYPE$SLICEFORMATQUEUE
  459750 TYPE$TEXTFORMATQUEUE
  459808 TYPE$CRITICALSECTION
  459820 VMT$CRITICALSECTION
  45982C TYPE$CRITICALPROCEDURE
  459844 VMT$CRITICALPROCEDURE
  46BE28 TYPE$HIDE:RELATE:LINKEMPLOYEEQUALIFICATION
  46BECC VMT$HIDE:RELATE:LINKEMPLOYEEQUALIFICATION
  46BF08 TYPE$HIDE:ACCESS:LINKEMPLOYEEQUALIFICATION
  46C118 VMT$HIDE:ACCESS:LINKEMPLOYEEQUALIFICATION
  46C208 TYPE$HIDE:RELATE:LINKBENEFITSEMPLOYEE
  46C2AC VMT$HIDE:RELATE:LINKBENEFITSEMPLOYEE
  46C2E8 TYPE$HIDE:ACCESS:LINKBENEFITSEMPLOYEE
  46C4F8 VMT$HIDE:ACCESS:LINKBENEFITSEMPLOYEE
  46C5E8 TYPE$HIDE:RELATE:SCHOOLS
  46C68C VMT$HIDE:RELATE:SCHOOLS
  46C6C8 TYPE$HIDE:ACCESS:SCHOOLS
  46C8D8 VMT$HIDE:ACCESS:SCHOOLS
  46C9C8 TYPE$HIDE:RELATE:QUALIFICATION
  46CA6C VMT$HIDE:RELATE:QUALIFICATION
  46CAA8 TYPE$HIDE:ACCESS:QUALIFICATION
  46CCB8 VMT$HIDE:ACCESS:QUALIFICATION
  46CDA8 TYPE$HIDE:RELATE:BENEFITS
  46CE4C VMT$HIDE:RELATE:BENEFITS
  46CE88 TYPE$HIDE:ACCESS:BENEFITS
  46D098 VMT$HIDE:ACCESS:BENEFITS
  46D188 TYPE$HIDE:RELATE:SALARY
  46D22C VMT$HIDE:RELATE:SALARY
  46D268 TYPE$HIDE:ACCESS:SALARY
  46D478 VMT$HIDE:ACCESS:SALARY
  46D568 TYPE$HIDE:RELATE:PHONES
  46D60C VMT$HIDE:RELATE:PHONES
  46D648 TYPE$HIDE:ACCESS:PHONES
  46D858 VMT$HIDE:ACCESS:PHONES
  46D948 TYPE$HIDE:RELATE:EMPLOYEES
  46D9EC VMT$HIDE:RELATE:EMPLOYEES
  46DA28 TYPE$HIDE:ACCESS:EMPLOYEES
  46DC38 VMT$HIDE:ACCESS:EMPLOYEES
  46DF00 TYPE$DICTIONARY
  46DF10 VMT$DICTIONARY
  46DF1C LINKEMPLOYEEQUALIFICATION$TYPE$LIN2:RECORD
  46DF74 LINKBENEFITSEMPLOYEE$TYPE$LIN:RECORD
  46DFC4 SCHOOLS$TYPE$SCH:RECORD
  46E01C QUALIFICATION$TYPE$QUA:RECORD
  46E084 BENEFITS$TYPE$BEN:RECORD
  46E0E4 SALARY$TYPE$SAL:RECORD
  46E13C PHONES$TYPE$PHO:RECORD
  46E198 EMPLOYEES$TYPE$EMP:RECORD
  46F71C TYPE$STRINGTHEORY
  46F830 VMT$STRINGTHEORY
  46FC84 $STR
  46FD80 TYPE$XMLGENERATOR
  46FD90 VMT$XMLGENERATOR
  4700CC VMTP$DICTIONARY
  4703DC VMTP$HIDE:RELATE:LINKEMPLOYEEQUALIFICATION
  4703E4 VMTP$HIDE:ACCESS:LINKEMPLOYEEQUALIFICATION
  4703EC VMTP$HIDE:RELATE:LINKBENEFITSEMPLOYEE
  4703F4 VMTP$HIDE:ACCESS:LINKBENEFITSEMPLOYEE
  4703FC VMTP$HIDE:RELATE:SCHOOLS
  470404 VMTP$HIDE:ACCESS:SCHOOLS
  47040C VMTP$HIDE:RELATE:QUALIFICATION
  470414 VMTP$HIDE:ACCESS:QUALIFICATION
  47041C VMTP$HIDE:RELATE:BENEFITS
  470424 VMTP$HIDE:ACCESS:BENEFITS
  47042C VMTP$HIDE:RELATE:SALARY
  470434 VMTP$HIDE:ACCESS:SALARY
  47043C VMTP$HIDE:RELATE:PHONES
  470444 VMTP$HIDE:ACCESS:PHONES
  47044C VMTP$HIDE:RELATE:EMPLOYEES
  470454 VMTP$HIDE:ACCESS:EMPLOYEES
  47045C VMTP$FILESMANAGER
  470464 VMTP$UNTHREADEDFILEOPENSERVER
  47046C VMTP$THREADEDFILEOPENSERVER
  470474 VMTP$CONSTANTCLASS
  47047C VMTP$INICLASS
  470484 VMTP$BUFFEREDPAIRSCLASS
  47048C VMTP$FIELDPAIRSCLASS
  470494 VMTP$POPUPCLASS
  47049C VMTP$TOOLBARCLASS
  4704A4 VMTP$EDITENTRYCLASS
  4704AC VMTP$BROWSEEIPMANAGER
  4704B4 VMTP$BROWSECLASS
  4704BC VMTP$STANDARDBEHAVIOR
  4704C4 VMTP$STEPLOCATORCLASS
  4704CC VMTP$STEPSTRINGCLASS
  4704D4 VMTP$HISTHANDLERCLASS
  4704DC VMTP$MSGBOXCLASS
  4704E4 VMTP$ERRORCLASS
  4704EC VMTP$STANDARDERRORLOGCLASS
  4704F4 VMTP$ERRORSTATUSCLASS
  4704FC VMTP$FUZZYCLASS
  470504 VMTP$STRINGTHEORY
  47050C VMTP$XMLGENERATOR
  470514 VMTP$WMFDOCUMENTPARSER
  47051C VMTP$WMFPARSER
  470524 VMTP$REPORTATTRIBUTEMANAGER
  47052C VMTP$REPORTTARGETSELECTORCLASS
  470534 VMTP$PAGEMANAGERCLASS
  47053C VMTP$PRINTPREVIEWCLASS
  470544 VMTP$CRITICALSECTION
  47054C VMTP$CRITICALPROCEDURE
  470560 $FUZZYMATCHER
  471B84 $COLORMAP
  471BBC $MULTIWINDOW
  471BC0 $TXTWINDOW
  471BC4 $WINDOW
  471BC8 STDERRORFILE$RECORD
  471FC8 $UNTHREADEDFILEOPENERMAP
  471FD0 $CREATEOPENERCRIT
  4720E0 KEYS$WMFINFILE
  472114 $INIMGR
  47222C stNormalizeString
  472230 $HNORMALIZ
  472234 stInflateEnd
  472238 stInflate
  47223C stInflateInit2_
  472240 stDeflateEnd
  472244 stDeflate
  472248 stDeflateInit2_
  47224C $HZLIB
  472250 $SEEDED
  472254 $RECORDVALUE
  472258 $TABLERECORD
  473008 $GLO:STR
  473104 LINKEMPLOYEEQUALIFICATION$LIN2:GUIDKEY
  473128 LINKEMPLOYEEQUALIFICATION$LIN2:EMPLOYEEGUIDKEY
  47314C LINKEMPLOYEEQUALIFICATION$LIN2:QUALIFICATIONGUIDKEY
  473170 KEYS$LINKEMPLOYEEQUALIFICATION
  47317C $LINKEMPLOYEEQUALIFICATION
  4731D0 LINKBENEFITSEMPLOYEE$LIN:GUIDKEY
  4731F4 LINKBENEFITSEMPLOYEE$LIN:BENEFITSGUIDKEY
  473218 LINKBENEFITSEMPLOYEE$LIN:EMPLOYEEGUIDKEY
  47323C KEYS$LINKBENEFITSEMPLOYEE
  473248 $LINKBENEFITSEMPLOYEE
  47329C SCHOOLS$SCH:QUALIFICATIONGUIDKEY
  4732C0 SCHOOLS$SCH:GUIDKEY
  4732E4 KEYS$SCHOOLS
  4732EC $SCHOOLS
  473340 QUALIFICATION$QUA:EMPLOYEEGUIDKEY
  473364 QUALIFICATION$QUA:SCHOOLGUIDKEY
  473388 QUALIFICATION$QUA:GUIDKEY
  4733AC KEYS$QUALIFICATION
  4733B8 $QUALIFICATION
  47340C BENEFITS$BEN:EMPLOYEEGUIDKEY
  473430 BENEFITS$BEN:GUIDKEY
  473454 KEYS$BENEFITS
  47345C $BENEFITS
  4734B0 SALARY$SAL:EMPLOYEEGUIDKEY
  4734D4 SALARY$SAL:GUIDKEY
  4734F8 KEYS$SALARY
  473500 $SALARY
  473554 PHONES$PHO:EMPLOYEEGUIDKEY
  473578 PHONES$PHO:GUIDKEY
  47359C KEYS$PHONES
  4735A4 $PHONES
  4735F8 EMPLOYEES$EMP:PHONEGUIDKEY
  47361C EMPLOYEES$EMP:BENEFITSGUIDKEY
  473640 EMPLOYEES$EMP:SALARYGUIDKEY
  473664 EMPLOYEES$EMP:QUALIFICATIONGUIDKEY
  473688 EMPLOYEES$EMP:GUIDKEY
  4736AC KEYS$EMPLOYEES
  4736C0 $EMPLOYEES
  473C54 $EPOC
  473CAC $WMFINFILE
  473DB0 $GLOBALERRORSTATUS
  4750D4 $GLOBALREQUEST
  4750D8 $GLOBALRESPONSE
  4750DC $VCRREQUEST
  4750E0 $DICTIONARY
  4750E4 LINKEMPLOYEEQUALIFICATION$LIN2:RECORD
  475114 LINKBENEFITSEMPLOYEE$LIN:RECORD
  475144 SCHOOLS$SCH:RECORD
  4752C8 QUALIFICATION$QUA:RECORD
  475360 BENEFITS$BEN:RECORD
  475494 SALARY$SAL:RECORD
  4754D0 PHONES$PHO:RECORD
  475518 EMPLOYEES$EMP:RECORD
  4756E8 $RELATE:LINKEMPLOYEEQUALIFICATION
  4756EC $ACCESS:LINKEMPLOYEEQUALIFICATION
  4756F0 $RELATE:LINKBENEFITSEMPLOYEE
  4756F4 $ACCESS:LINKBENEFITSEMPLOYEE
  4756F8 $RELATE:SCHOOLS
  4756FC $ACCESS:SCHOOLS
  475700 $RELATE:QUALIFICATION
  475704 $ACCESS:QUALIFICATION
  475708 $RELATE:BENEFITS
  47570C $ACCESS:BENEFITS
  475710 $RELATE:SALARY
  475714 $ACCESS:SALARY
  475718 $RELATE:PHONES
  47571C $ACCESS:PHONES
  475720 $RELATE:EMPLOYEES
  475724 $ACCESS:EMPLOYEES
  475E60 EMPLOYEEAPP_BC0$_HIDE:RELATE:LINKEMPLOYEEQUALIFICATION
  475E64 EMPLOYEEAPP_BC0$_HIDE:ACCESS:LINKEMPLOYEEQUALIFICATION
  475E68 EMPLOYEEAPP_BC0$_HIDE:RELATE:LINKBENEFITSEMPLOYEE
  475E6C EMPLOYEEAPP_BC0$_HIDE:ACCESS:LINKBENEFITSEMPLOYEE
  475E70 EMPLOYEEAPP_BC0$_HIDE:RELATE:SCHOOLS
  475E74 EMPLOYEEAPP_BC0$_HIDE:ACCESS:SCHOOLS
  475E78 EMPLOYEEAPP_BC0$_HIDE:RELATE:QUALIFICATION
  475E7C EMPLOYEEAPP_BC0$_HIDE:ACCESS:QUALIFICATION
  475E80 EMPLOYEEAPP_BC0$_HIDE:RELATE:BENEFITS
  475E84 EMPLOYEEAPP_BC0$_HIDE:ACCESS:BENEFITS
  475E88 EMPLOYEEAPP_BC0$_HIDE:RELATE:SALARY
  475E8C EMPLOYEEAPP_BC0$_HIDE:ACCESS:SALARY
  475E90 EMPLOYEEAPP_BC0$_HIDE:RELATE:PHONES
  475E94 EMPLOYEEAPP_BC0$_HIDE:ACCESS:PHONES
  475E98 EMPLOYEEAPP_BC0$_HIDE:RELATE:EMPLOYEES
  475E9C EMPLOYEEAPP_BC0$_HIDE:ACCESS:EMPLOYEES
  475EA0 $FILESMANAGER
  475EB8 $SZDBTEXTLOG
  4767AC WMFINFILE$WMFF@:RECORD
  488000 __import_section_start
  489FFC __import_section_end

Imports
ClaASC.dll:ASCII 488094
ClaDOS.dll:DOS 4880A4
ClaRUN.dll:Cla$ACCEPTED 4884CC,401000
ClaRUN.dll:Cla$ADDqueue 4884D0
ClaRUN.dll:Cla$ADDqueuekey 4884D4,401008
ClaRUN.dll:Cla$ADDqueueptr 4884D8
ClaRUN.dll:Cla$AddressUfo 4884DC
ClaRUN.dll:Cla$AssignLong2RefUfo 4884E0
ClaRUN.dll:Cla$AssignReal2RefUfo 4884E4
ClaRUN.dll:Cla$AssignRefUfo 4884E8
ClaRUN.dll:Cla$BEEP 4884EC,401010
ClaRUN.dll:Cla$BindG 4884F0
ClaRUN.dll:Cla$BLOB_GET_PROPERTY 4884F4
ClaRUN.dll:Cla$BLOB_SET_PROPERTY 4884F8
ClaRUN.dll:Cla$BLOB_TAKE 4884FC
ClaRUN.dll:Cla$BLOB_YIELD 488500
ClaRUN.dll:Cla$CHOICE 488504,401018
ClaRUN.dll:Cla$CLEAR 488508
ClaRUN.dll:Cla$CLEARqueue 48850C
ClaRUN.dll:Cla$clearstr 488510
ClaRUN.dll:Cla$ClearType 488514
ClaRUN.dll:Cla$ClearUfo 488518
ClaRUN.dll:Cla$CLOCK 48851C,401020
ClaRUN.dll:Cla$CloneUfo 488520
ClaRUN.dll:Cla$CLOSEwindow 488524,401028
ClaRUN.dll:Cla$code 488528
ClaRUN.dll:Cla$COMMIT 48852C,401030
ClaRUN.dll:Cla$comparestr 488530
ClaRUN.dll:Cla$CREATE 488534
ClaRUN.dll:Cla$DecAdd 488538
ClaRUN.dll:Cla$DecCompareN 48853C
ClaRUN.dll:Cla$DecDistinct 488540
ClaRUN.dll:Cla$DecDistinctR 488544
ClaRUN.dll:Cla$DecDivide 488548
ClaRUN.dll:Cla$DecMul 48854C
ClaRUN.dll:Cla$DecSub 488550
ClaRUN.dll:Cla$DecSubR 488554
ClaRUN.dll:Cla$DELETEqueue 488558,401038
ClaRUN.dll:Cla$DELETEREG 48855C,401040
ClaRUN.dll:Cla$DESTROY 488560,401048
ClaRUN.dll:Cla$DInt 488564
ClaRUN.dll:Cla$DISABLE 488568,401050
ClaRUN.dll:Cla$DISPLAY 48856C,401058
ClaRUN.dll:Cla$DISPOSEqueue 488570
ClaRUN.dll:Cla$DISPOSEref 488574
ClaRUN.dll:Cla$DISPOSEvref 488578
ClaRUN.dll:Cla$Dlongpower 48857C
ClaRUN.dll:Cla$DPopDec 488580
ClaRUN.dll:Cla$DPopLong 488584
ClaRUN.dll:Cla$DPopReal 488588
ClaRUN.dll:Cla$DPopUlong 48858C
ClaRUN.dll:Cla$DPushConstant 488590
ClaRUN.dll:Cla$DPushDec 488594
ClaRUN.dll:Cla$DPushLong 488598
ClaRUN.dll:Cla$DPushULong 48859C
ClaRUN.dll:Cla$DRound 4885A0
ClaRUN.dll:Cla$DStack2Stack 4885A4
ClaRUN.dll:Cla$duplicate 4885A8
ClaRUN.dll:Cla$ENABLE 4885AC,401060
ClaRUN.dll:Cla$EndEventLoop 4885B0
ClaRUN.dll:Cla$EndEventLoops 4885B4
ClaRUN.dll:Cla$ENDPAGE 4885B8,401068
ClaRUN.dll:Cla$ERRORCODE 4885BC,401070
ClaRUN.dll:Cla$Evaluate 4885C0,401078
ClaRUN.dll:Cla$EVENT 4885C4,401080
ClaRUN.dll:Cla$FIELD 4885C8,401088
ClaRUN.dll:Cla$FILEERRORCODE 4885CC,401090
ClaRUN.dll:Cla$FILEERRORMSG 4885D0,401098
ClaRUN.dll:Cla$FileExists 4885D4,4010A0
ClaRUN.dll:Cla$FILE_ADDf 4885D8
ClaRUN.dll:Cla$FILE_BUFFER 4885DC,4010A8
ClaRUN.dll:Cla$FILE_BUILDf 4885E0,4010B0
ClaRUN.dll:Cla$FILE_BYTES 4885E4,4010B8
ClaRUN.dll:CLA$FILE_CALLBACK 4885E8,4010C0
ClaRUN.dll:Cla$FILE_CLEAR 4885EC
ClaRUN.dll:Cla$FILE_CLOSE 4885F0,4010C8
ClaRUN.dll:Cla$FILE_CREATE 4885F4
ClaRUN.dll:Cla$FILE_DELETE 4885F8,4010D0
ClaRUN.dll:CLA$FILE_DESTROY 4885FC
ClaRUN.dll:Cla$FILE_DUPLICATEk 488600,4010D8
ClaRUN.dll:Cla$FILE_FLUSH 488604,4010E0
ClaRUN.dll:CLA$FILE_FREESTATE 488608,4010E8
ClaRUN.dll:Cla$FILE_GETfk 48860C
ClaRUN.dll:Cla$FILE_GETfl 488610
ClaRUN.dll:Cla$FILE_GETflu 488614
ClaRUN.dll:Cla$FILE_GETNULLS 488618,4010F0
ClaRUN.dll:CLA$FILE_GETSTATE 48861C,4010F8
ClaRUN.dll:Cla$FILE_GET_PROPERTY 488620
ClaRUN.dll:Cla$FILE_NAME 488624,401100
ClaRUN.dll:Cla$FILE_NEXT 488628,401108
ClaRUN.dll:Cla$FILE_NOMEMO 48862C,401110
ClaRUN.dll:Cla$FILE_OPEN 488630,401118
ClaRUN.dll:Cla$FILE_POSITIONf 488634,401120
ClaRUN.dll:Cla$FILE_POSITIONk 488638,401128
ClaRUN.dll:Cla$FILE_PREV 48863C,401130
ClaRUN.dll:Cla$FILE_PUTf 488640
ClaRUN.dll:Cla$FILE_RECORDSf 488644,401138
ClaRUN.dll:Cla$FILE_REGETf 488648,401140
ClaRUN.dll:Cla$FILE_REGETk 48864C,401148
ClaRUN.dll:Cla$FILE_RESETf 488650,401150
ClaRUN.dll:Cla$FILE_RESETk 488654,401158
ClaRUN.dll:CLA$FILE_RESTORESTATE 488658,401160
ClaRUN.dll:Cla$FILE_SEND 48865C,401168
ClaRUN.dll:Cla$FILE_SETfl 488660,401170
ClaRUN.dll:Cla$FILE_SETk 488664,401178
ClaRUN.dll:Cla$FILE_SETkk 488668,401180
ClaRUN.dll:Cla$FILE_SETNULLS 48866C,401188
ClaRUN.dll:Cla$FILE_SET_PROPERTY 488670
ClaRUN.dll:Cla$FILE_WATCH 488674,401190
ClaRUN.dll:Cla$FOCUS 488678,401198
ClaRUN.dll:Cla$FREEqueue 48867C
ClaRUN.dll:Cla$FREEqueuea 488680,4011A0
ClaRUN.dll:Cla$freestr 488684
ClaRUN.dll:Cla$FreeUfo 488688
ClaRUN.dll:Cla$freewindow 48868C
ClaRUN.dll:Cla$GETGROUP 488690,4011A8
ClaRUN.dll:Cla$GETINI 488694,4011B0
ClaRUN.dll:Cla$GETPOSITION 488698,4011B8
ClaRUN.dll:Cla$GETPOSITIONw 48869C,4011C0
ClaRUN.dll:Cla$GetPropS 4886A0
ClaRUN.dll:Cla$GETqueuekey 4886A4,4011C8
ClaRUN.dll:Cla$GETqueueptr 4886A8
ClaRUN.dll:Cla$GETREG 4886AC,4011D0
ClaRUN.dll:Cla$Group2Ufo 4886B0
ClaRUN.dll:Cla$HALT 4886B4,4011D8
ClaRUN.dll:Cla$HIDE 4886B8,4011E0
ClaRUN.dll:Cla$init 4886BC
ClaRUN.dll:Cla$INSTANCE 4886C0,4011E8
ClaRUN.dll:Cla$IsAlpha 4886C4,4011F0
ClaRUN.dll:Cla$isftoupper 4886C8,4011F8
ClaRUN.dll:Cla$ISGROUP 4886CC,401200
ClaRUN.dll:Cla$IsUfoString 4886D0,401208
ClaRUN.dll:Cla$IsUpper 4886D4,401210
ClaRUN.dll:Cla$KEYCHAR 4886D8,401218
ClaRUN.dll:Cla$KEYCODE 4886DC,401220
ClaRUN.dll:Cla$KEY_GET_PROPERTY 4886E0
ClaRUN.dll:Cla$LASTFIELD 4886E4,401228
ClaRUN.dll:Cla$LOGOUT 4886E8,401230
ClaRUN.dll:Cla$longtostr 4886EC
ClaRUN.dll:Cla$Mem2Ufo 4886F0
ClaRUN.dll:Cla$MessageBox 4886F4,401238
ClaRUN.dll:Cla$modulus 4886F8
ClaRUN.dll:Cla$MOUSEX 4886FC,401240
ClaRUN.dll:Cla$MOUSEY 488700,401248
ClaRUN.dll:Cla$NewMemB 488704
ClaRUN.dll:Cla$NewMemT 488708
ClaRUN.dll:Cla$NewMemZ 48870C
ClaRUN.dll:Cla$NEWqueue 488710
ClaRUN.dll:Cla$NOTIFICATION 488714,401250
ClaRUN.dll:Cla$OPENowned 488718,401258
ClaRUN.dll:Cla$OPENwindow 48871C,401260
ClaRUN.dll:Cla$paopen 488720,401268
ClaRUN.dll:Cla$PEEK 488724
ClaRUN.dll:Cla$pmopen 488728,401270
ClaRUN.dll:Cla$POINTERqueue 48872C,401278
ClaRUN.dll:Cla$PopAString 488730
ClaRUN.dll:Cla$PopBind 488734,401280
ClaRUN.dll:Cla$PopCString 488738
ClaRUN.dll:Cla$PopPString 48873C
ClaRUN.dll:Cla$PopReal 488740
ClaRUN.dll:Cla$PopString 488744
ClaRUN.dll:Cla$PopTemp 488748
ClaRUN.dll:Cla$POPUP 48874C,401288
ClaRUN.dll:Cla$POST 488750,401290
ClaRUN.dll:Cla$PRINTreport 488754
ClaRUN.dll:Cla$propen 488758,401298
ClaRUN.dll:Cla$PushAString 48875C
ClaRUN.dll:Cla$PushBind 488760,4012A0
ClaRUN.dll:Cla$PushCString 488764
ClaRUN.dll:Cla$PushLong 488768
ClaRUN.dll:Cla$PushPictDec 48876C
ClaRUN.dll:Cla$PushPictLong 488770
ClaRUN.dll:Cla$PushReal 488774
ClaRUN.dll:Cla$PushString 488778
ClaRUN.dll:Cla$PushTemp 48877C
ClaRUN.dll:Cla$PushUfo 488780
ClaRUN.dll:Cla$PUTINI 488784,4012A8
ClaRUN.dll:Cla$PUTqueue 488788
ClaRUN.dll:Cla$PUTqueuekey 48878C,4012B0
ClaRUN.dll:Cla$PUTREG 488790,4012B8
ClaRUN.dll:Cla$pwopen 488794,4012C0
ClaRUN.dll:Cla$RANDOM 488798,4012C8
ClaRUN.dll:Cla$realdistinct 48879C
ClaRUN.dll:Cla$RECORDSqueue 4887A0,4012D0
ClaRUN.dll:Cla$RefAssignAny 4887A4
ClaRUN.dll:Cla$REGISTEREVENT 4887A8,4012D8
ClaRUN.dll:Cla$REGULAR 4887AC,4012E0
ClaRUN.dll:Cla$RemoveFile 4887B0,4012E8
ClaRUN.dll:Cla$ROLLBACK 4887B4,4012F0
ClaRUN.dll:Cla$rterr 4887B8,4012F8
ClaRUN.dll:Cla$RUN 4887BC,401300
ClaRUN.dll:Cla$SELECT 4887C0,401308
ClaRUN.dll:Cla$SETCURSOR 4887C4,401310
ClaRUN.dll:Cla$SETKEYCODE 4887C8,401318
ClaRUN.dll:Cla$SETLAYOUT 4887CC,401320
ClaRUN.dll:Cla$SETPOSITION 4887D0,401328
ClaRUN.dll:Cla$SETPOSITIONw 4887D4,401330
ClaRUN.dll:Cla$SetPropF 4887D8
ClaRUN.dll:Cla$SetPropQ 4887DC
ClaRUN.dll:Cla$SetPropS 4887E0
ClaRUN.dll:Cla$SetPropV 4887E4
ClaRUN.dll:Cla$SETTARGET 4887E8,401338
ClaRUN.dll:Cla$SORTqueuefkey 4887EC
ClaRUN.dll:Cla$SORTqueuekey 4887F0,401340
ClaRUN.dll:Cla$Stack2DStack 4887F4
ClaRUN.dll:Cla$Stack2Ufo 4887F8
ClaRUN.dll:Cla$StackALL 4887FC,401348
ClaRUN.dll:Cla$StackCLIP 488800,401350
ClaRUN.dll:Cla$StackCompare 488804
ClaRUN.dll:Cla$StackCompareN 488808
ClaRUN.dll:Cla$StackCompareNEQ 48880C
ClaRUN.dll:Cla$StackCompareR 488810
ClaRUN.dll:Cla$StackConcat 488814
ClaRUN.dll:Cla$StackConcatR 488818
ClaRUN.dll:Cla$StackDEFORMAT2 48881C
ClaRUN.dll:Cla$StackErrstr 488820,401358
ClaRUN.dll:Cla$StackFORMAT2 488824
ClaRUN.dll:Cla$StackHeap 488828
ClaRUN.dll:Cla$StackINSTRING 48882C,401360
ClaRUN.dll:Cla$StackLEFT 488830,401368
ClaRUN.dll:Cla$StackLen 488834,401370
ClaRUN.dll:Cla$StackLOWER 488838,401378
ClaRUN.dll:Cla$StackNUMERIC 48883C,401380
ClaRUN.dll:Cla$STACKpop 488840
ClaRUN.dll:Cla$StackRIGHT 488844,401388
ClaRUN.dll:Cla$StackRotate 488848
ClaRUN.dll:Cla$StackSUB 48884C,401390
ClaRUN.dll:Cla$StackUPPER 488850,401398
ClaRUN.dll:Cla$StackVAL 488854
ClaRUN.dll:Cla$START 488858,4013A0
ClaRUN.dll:Cla$START2 48885C,4013A8
ClaRUN.dll:Cla$StartEventLoop 488860
ClaRUN.dll:Cla$STATUSfile 488864,4013B0
ClaRUN.dll:Cla$storecstr 488868
ClaRUN.dll:Cla$storestr 48886C
ClaRUN.dll:Cla$String2Ref 488870
ClaRUN.dll:Cla$THREAD 488874,4013B8
ClaRUN.dll:Cla$THREAD_FILE 488878
ClaRUN.dll:Cla$TODAY 48887C,4013C0
ClaRUN.dll:Cla$Ufo2Real 488880
ClaRUN.dll:Cla$UfoCompareN 488884
ClaRUN.dll:Cla$Ufodistinct 488888
ClaRUN.dll:Cla$UNHIDE 48888C,4013C8
ClaRUN.dll:Cla$UNREGISTEREVENT 488890,4013D0
ClaRUN.dll:Cla$UPDATE 488894,4013D8
ClaRUN.dll:Cla$VIEW_RESETvf 488898,4013E0
ClaRUN.dll:Cla$VIEW_SETvl 48889C,4013E8
ClaRUN.dll:Cla$WHAT 4888A0,4013F0
ClaRUN.dll:Cla$WHATqueue 4888A4,4013F8
ClaRUN.dll:Cla$WHO 4888A8,401400
ClaRUN.dll:Cla$WHOqueue 4888AC,401408
ClaRUN.dll:Cla$YIELD 4888B0,401410
ClaRUN.dll:NewCriticalSection 4888B4,401418
ClaRUN.dll:THR$GetInstance 4888B8,401420
ClaRUN.dll:VIEWDRIVER 4888BC
ClaRUN.dll:_exit 4888C0,401428
ClaRUN.dll:_fnsplit 4888C4,401430
ClaRUN.dll:_free 4888C8
ClaRUN.dll:_malloc 4888CC
ClaRUN.dll:_memchr 4888D0,401438
ClaRUN.dll:_memcmp 4888D4,401440
ClaRUN.dll:_memcpy 4888D8,401448
ClaRUN.dll:_srand 4888DC,401450
ClaRUN.dll:__sysinit 4888E0,401458
ClaRUN.dll:__sysstart 4888E4,401460
ClaTPS.dll:TOPSPEED 4888F4
KERNEL32.dll:CloseHandle 48893C,401468
KERNEL32.dll:CreateFileA 488940,401470
KERNEL32.dll:FormatMessageA 488944,401478
KERNEL32.dll:GetCurrentProcessId 488948,401480
KERNEL32.dll:GetFileSize 48894C,401488
KERNEL32.dll:GetLastError 488950,401490
KERNEL32.dll:GetProcAddress 488954,401498
KERNEL32.dll:LoadLibraryA 488958,4014A0
KERNEL32.dll:MulDiv 48895C,4014A8
KERNEL32.dll:MultiByteToWideChar 488960,4014B0
KERNEL32.dll:OutputDebugStringA 488964,4014B8
KERNEL32.dll:ReadFile 488968,4014C0
KERNEL32.dll:SetFilePointer 48896C,4014C8
KERNEL32.dll:WideCharToMultiByte 488970,4014D0
KERNEL32.dll:WriteFile 488974,4014D8
USER32.dll:GetSysColor 488988,4014E0
USER32.dll:GetSystemMetrics 48898C,4014E8



Entry Point:   43BA5C