  401190       23 Code                IEXE32_TEXT
  4011B4       49 Code                INIT_TEXT
  401200    17233 Code                STRINGTHEORY_TEXT
  418434       B5 Code                TABLEEXAMPLE_TEXT
  4184EC      4D4 Code                UTILS_TEXT
  419000       44 Initialized Data    IEXE32_DATA
  419044     1369 Initialized Data    STRINGTHEORY_CONST
  41A3B0      624 Initialized Data    STRINGTHEORY_DATA
  41A9D4       34 Initialized Data    TABLEEXAMPLE_CONST
  41AA08       6D Initialized Data    UTILS_CONST
  41AA78      224 Initialized Data    UTILS_DATA
  41AC9C        0 Initialized Data    __CPPINI_CONS
  41AC9C       54 Initialized Data    __CPPINI_CONST
  41ACF0        4 Initialized Data    __CPPINI_END
  41ACF4        0 Initialized Data    __INIVMT_CONS
  41ACF4        8 Initialized Data    __INIVMT_CONST
  41ACFC        0 Initialized Data    __INIVMT_CONST_END
  41AD00       28 Un-initialized Data STRINGTHEORY_BSS
  41AD28       F0 Un-initialized Data UTILS_BSS
  41B000        8 __T_L_S__DAT
  41B008        0 __T_L_S__DATA_END
  41B010        0 __T_L_S__BS
  41B010        0 __T_L_S__BSS_END

  4019D0 SORTCASEINSENSITIVE@F14LINESGROUPTYPE14LINESGROUPTYPE
  401A48 SORTLENGTH@F14LINESGROUPTYPE14LINESGROUPTYPE
  401ACC SORTCASESENSITIVE@F14LINESGROUPTYPE14LINESGROUPTYPE
  401B1C ASNENCODENUMBER@F12STRINGTHEORYsbl
  401BCC ASNENCODE@F12STRINGTHEORYsbOsb
  401D30 ASNDECODE@F12STRINGTHEORYRl12STRINGTHEORYPsb
  401F24 ENDSWITH@F12STRINGTHEORYsbll
  402030 STARTSWITH@F12STRINGTHEORYsbll
  40210C FORMATTIME@F12STRINGTHEORYlsb
  402FF0 FORMATTIME@F12STRINGTHEORYsb
  403070 DEFORMATTIME@F12STRINGTHEORY
  403754 DEFORMATTIME@F12STRINGTHEORYsb
  4037EC ISTIME@F12STRINGTHEORY
  4038FC ISTIME@F12STRINGTHEORYsb
  40398C LINEENDINGS@F12STRINGTHEORYl
  403B78 MERGEXML@F12STRINGTHEORYsbl
  403D68 GUNZIP@F12STRINGTHEORY
  40403C GZIP@F12STRINGTHEORYl
  4043B8 LOADNORMALIZE@F12STRINGTHEORY
  4044E0 LOADLIBS@F12STRINGTHEORY
  4046D4 PEEKRAM@F12STRINGTHEORYUlll
  404B90 CLEANFILENAME@F12STRINGTHEORYOsbOsb
  404D34 URLDECODE@F12STRINGTHEORYOsbOsb
  405138 URLENCODE@F12STRINGTHEORYlOsbOsbOsb
  405C44 URLENCODE@F12STRINGTHEORYsblsbsbsb
  405D4C COLORFROMHEX@F12STRINGTHEORYsb
  405F44 COLORTOHEX@F12STRINGTHEORYll
  406004 FINDCHARS@F12STRINGTHEORYsbllOsb
  4060B4 FINDCHARS@F12STRINGTHEORYRsbllOsb
  4061D0 FINDCHAR@F12STRINGTHEORYsbllOsb
  4062CC UNQUOTE@F12STRINGTHEORYOsbOsb
  4063F0 QUOTE@F12STRINGTHEORYOsbOsb
  40659C INSERT@F12STRINGTHEORYlsb
  40671C SETSLICE@F12STRINGTHEORYUlUlsb
  406858 STR@F12STRINGTHEORYRsb
  4068B0 STR@F12STRINGTHEORYsb
  406924 STR@F12STRINGTHEORY
  406960 REVERSEBYTEORDER@F12STRINGTHEORY
  40696C LITTLEENDIAN@F12STRINGTHEORYUl
  406978 BIGENDIAN@F12STRINGTHEORYUl
  406984 SWITCHENDIAN@F12STRINGTHEORYUl
  4069BC LITTLEENDIAN@F12STRINGTHEORY
  4069F4 BIGENDIAN@F12STRINGTHEORY
  406A2C _SWITCHENDIAN@F12STRINGTHEORY
  406A80 MATCHBRACKETS@F12STRINGTHEORYsbsbl
  406B60 KEEPCHARS@F12STRINGTHEORYsb
  406C5C REMOVECHARS@F12STRINGTHEORYsb
  406D34 ISALL@F12STRINGTHEORYsbOsbl
  406E90 CONTAINSA@F12STRINGTHEORYsbOsbl
  407034 ISALLDIGITS@F12STRINGTHEORY
  407070 CONTAINSADIGIT@F12STRINGTHEORY
  4070AC SQUEEZE@F12STRINGTHEORYlOsb
  4071D8 SETALL@F12STRINGTHEORYl
  40722C ALL@F12STRINGTHEORYl
  407280 SETRIGHT@F12STRINGTHEORYllOsb
  4072FC RIGHT@F12STRINGTHEORYllOsb
  4074B0 SETLEFT@F12STRINGTHEORYllOsb
  40752C LEFT@F12STRINGTHEORYllOsb
  407710 REVERSE@F12STRINGTHEORY
  407798 REVERSE@F12STRINGTHEORYsb
  407830 TRIM@F12STRINGTHEORYOsb
  407998 CLIP@F12STRINGTHEORY
  4079D4 REMOVE@F12STRINGTHEORYsbOsblll
  407C1C DECENTITYTOCHAR@F12STRINGTHEORY
  407F10 HTMLENTITYTODEC@F12STRINGTHEORY
  409D14 REMOVEXMLPREFIXES@F12STRINGTHEORY
  409DD4 REMOVEATTRIBUTES@F12STRINGTHEORYsbl
  409F54 COUNTWORDS@F12STRINGTHEORYllOsb
  40A010 WORDEND@F12STRINGTHEORYllOsb
  40A3B0 WORDSTART@F12STRINGTHEORYlllOsb
  40A640 GETWORD@F12STRINGTHEORYlllOsb
  40A6A8 FINDWORD@F12STRINGTHEORYlllRlRlOsb
  40A8CC GETBYTES@F12STRINGTHEORYRusbl
  40AD2C SETBYTES@F12STRINGTHEORYRusbl
  40B258 GETBYTES@F12STRINGTHEORYRspl
  40B278 GETBYTES@F12STRINGTHEORYRsbl
  40B298 GETBYTES@F12STRINGTHEORYRscl
  40B2B8 GETBYTES@F12STRINGTHEORYRel
  40B2E0 GETBYTES@F12STRINGTHEORYRdl
  40B300 GETBYTES@F12STRINGTHEORYRfl
  40B320 GETBYTES@F12STRINGTHEORYRUll
  40B340 GETBYTES@F12STRINGTHEORYRll
  40B354 GETBYTES@F12STRINGTHEORYRUsl
  40B374 GETBYTES@F12STRINGTHEORYRsl
  40B394 GETBYTES@F12STRINGTHEORYRUcl
  40B3B4 SETBYTES@F12STRINGTHEORYRsp
  40B3D8 SETBYTES@F12STRINGTHEORYRsb
  40B3E8 SETBYTES@F12STRINGTHEORYRsc
  40B408 SETBYTES@F12STRINGTHEORYRe
  40B44C SETBYTES@F12STRINGTHEORYRd
  40B460 SETBYTES@F12STRINGTHEORYRf
  40B474 SETBYTES@F12STRINGTHEORYRUl
  40B488 SETBYTES@F12STRINGTHEORYRl
  40B49C SETBYTES@F12STRINGTHEORYRUs
  40B4B0 SETBYTES@F12STRINGTHEORYRs
  40B4C4 SETBYTES@F12STRINGTHEORYRUc
  40B4D8 FROMBYTES@F12STRINGTHEORYRsbRspl
  40B4FC FROMBYTES@F12STRINGTHEORYRsbRsbl
  40B520 FROMBYTES@F12STRINGTHEORYRsbRscl
  40B544 FROMBYTES@F12STRINGTHEORYRsbRel
  40B590 FROMBYTES@F12STRINGTHEORYRsbRdl
  40B5C8 FROMBYTES@F12STRINGTHEORYRsbRfl
  40B600 FROMBYTES@F12STRINGTHEORYRsbRUll
  40B638 FROMBYTES@F12STRINGTHEORYRsbRll
  40B670 FROMBYTES@F12STRINGTHEORYRsbRUsl
  40B6A8 FROMBYTES@F12STRINGTHEORYRsbRsl
  40B6E0 FROMBYTES@F12STRINGTHEORYRsbRUcl
  40B718 TOBYTES@F12STRINGTHEORYRsbRsbl
  40B73C TOBYTES@F12STRINGTHEORYRspRsbl
  40B768 TOBYTES@F12STRINGTHEORYRscRsbl
  40B78C TOBYTES@F12STRINGTHEORYReRsbl
  40B7AC TOBYTES@F12STRINGTHEORYRdRsbl
  40B7E4 TOBYTES@F12STRINGTHEORYRfRsbl
  40B81C TOBYTES@F12STRINGTHEORYRUlRsbl
  40B854 TOBYTES@F12STRINGTHEORYRlRsbl
  40B88C TOBYTES@F12STRINGTHEORYRUsRsbl
  40B8C0 TOBYTES@F12STRINGTHEORYRsRsbl
  40B8F4 TOBYTES@F12STRINGTHEORYRUcRsbl
  40B924 STRCPY@F12STRINGTHEORYRsbRsbl
  40B9D0 WRAPTEXT@F12STRINGTHEORYlll
  40C02C FROMHEX@F12STRINGTHEORY
  40C154 TOHEX@F12STRINGTHEORYl
  40C284 HEXTOSTRING@F12STRINGTHEORYsb
  40C3F8 STRINGTOHEX@F12STRINGTHEORYsbll
  40C538 LONGTOHEX@F12STRINGTHEORYl
  40C5E8 HEXTOBYTE@F12STRINGTHEORYsb
  40C660 BYTETOHEX@F12STRINGTHEORYUc
  40C6C0 BASETODEC@F12STRINGTHEORYsbl
  40C78C DECTOBASE@F12STRINGTHEORYlll
  40C8B8 NORMALIZE@F12STRINGTHEORYll
  40CAE8 UTF16TOUTF8CHAR@F12STRINGTHEORYsbRl
  40CD1C DECODEHEXINLINE@F12STRINGTHEORYsblUl
  40CF08 DECODEHEXINLINE@F12STRINGTHEORYUl
  40CF5C TOUNICODE@F12STRINGTHEORYlUl
  40D118 TOANSI@F12STRINGTHEORYlUll
  40D30C TOANSI@F12STRINGTHEORYlUl
  40D564 APIANSITOUTF8@F12STRINGTHEORYRsbRl
  40D598 APIUTF8TOANSI@F12STRINGTHEORYRsbRl
  40D5CC ANSITOUTF8@F12STRINGTHEORYRsbRlUl
  40D6B4 UTF8TOANSI@F12STRINGTHEORYRsbRlUl
  40D77C UTF16TO8@F12STRINGTHEORYRsbRll
  40D8F4 UTF8TO16@F12STRINGTHEORYRsbRl
  40DA2C UTF16TOANSI@F12STRINGTHEORYRsbRllUl
  40DBA8 ANSITOUTF16@F12STRINGTHEORYRsbRlUl
  40DCF4 FROMBLOB@F12STRINGTHEORYBb
  40DDEC TOBLOB@F12STRINGTHEORYBb
  40DECC AFTER@F12STRINGTHEORYsblll
  40DF90 FINDBETWEEN@F12STRINGTHEORYsbsbRlRlll
  40E168 BETWEEN@F12STRINGTHEORYsbsbllll
  40E1EC BEFORE@F12STRINGTHEORYsblll
  40E270 ADDBOM@F12STRINGTHEORYl
  40E3E0 SETENCODINGFROMBOM@F12STRINGTHEORYl
  40E51C SAVEFILEA@F12STRINGTHEORYsbsbl
  40E580 SAVEFILE@F12STRINGTHEORYRsbsbll
  40E7D4 SAVEFILE@F12STRINGTHEORYsbl
  40E880 LOADFILE@F12STRINGTHEORYsblll
  40EBD4 URLPARAMETER@F12STRINGTHEORYsbOsb
  40EEF0 URLPARAMETERSONLY@F12STRINGTHEORYOsb
  40F010 URLFILEONLY@F12STRINGTHEORYOsb
  40F1EC URLPATHONLY@F12STRINGTHEORYOsbl
  40F3F4 URLPORTONLY@F12STRINGTHEORYOsb
  40F5E0 URLHOSTONLY@F12STRINGTHEORYOsbl
  40F7A8 URLPROTOCOLONLY@F12STRINGTHEORYOsb
  40F8F4 PATHONLY@F12STRINGTHEORYOsb
  40FA30 FILENAMEONLY@F12STRINGTHEORYOsbl
  40FCF4 LOWER@F12STRINGTHEORYOsbOsb
  40FEC4 UPPER@F12STRINGTHEORYOsbOsb
  410094 TRACE@F12STRINGTHEORYOsb
  4101E8 TRACE@F12STRINGTHEORYBq
  4102E8 TOCSTRING@F12STRINGTHEORY
  4103A8 SUB@F12STRINGTHEORYUlUl
  41051C FILTER@F12STRINGTHEORYsbsb
  41067C SORT@F12STRINGTHEORYl
  4106BC SORT@F12STRINGTHEORYlsbOsbOsbll
  4107C4 SPLITEVERY@F12STRINGTHEORYl
  4108D8 SPLIT@F12STRINGTHEORYsbOsbOsblllOsbl
  411398 SLICE@F12STRINGTHEORYUlUl
  411478 SETLENGTH@F12STRINGTHEORYll
  41162C REPLACE@F12STRINGTHEORYsbsblllll
  4123FC RECORDS@F12STRINGTHEORY
  412414 MAKEGUID@F12STRINGTHEORYll
  412444 RANDOM@F12STRINGTHEORYllOsb
  4129A4 PREPEND@F12STRINGTHEORYsblOsb
  412B58 MD5@F12STRINGTHEORYl
  412C0C _MALLOC@F12STRINGTHEORYlll
  412DBC CHARS@F12STRINGTHEORYlOsb
  412F48 LEN@F12STRINGTHEORY
  412F50 LENGTHA@F12STRINGTHEORY
  412F58 LENGTH@F12STRINGTHEORY
  412F60 _JOINA@F12STRINGTHEORYsbOsbOsbl
  413584 JOIN@F12STRINGTHEORYsbOsbOsbl
  413CB8 SERIALIZEGROUP@F12STRINGTHEORYRg12STRINGTHEORYOsbOsbll
  414178 SERIALIZEQUEUE@F12STRINGTHEORYBqOsb12STRINGTHEORYOsbOsbll
  4142F8 SERIALIZEGROUP@F12STRINGTHEORYRgOsbOsbOsbll
  41448C SERIALIZEQUEUE@F12STRINGTHEORYBqOsbOsbOsbOsbll
  414630 REMOVELINES@F12STRINGTHEORYOsb
  41472C DELETELINE@F12STRINGTHEORYl
  414780 ADDLINE@F12STRINGTHEORYlsb
  414868 SETLINE@F12STRINGTHEORYlsb
  41499C INLINE@F12STRINGTHEORYsbllllll
  414B94 GETBUFFERLENGTH@F12STRINGTHEORY
  414BAC GETLINE@F12STRINGTHEORYl
  414C70 GETVAL@F12STRINGTHEORY
  414C84 GETVALUE@F12STRINGTHEORYl
  414CE0 GETVALUE@F12STRINGTHEORY
  414D1C FORMATMESSAGE@F12STRINGTHEORYl
  414D68 EXTENSIONONLY@F12STRINGTHEORYOsb
  414EB8 ERRORTRAP@F12STRINGTHEORYsbsb
  414FCC CAPITALIZE@F12STRINGTHEORYlllOsb
  4151F4 COUNT@F12STRINGTHEORYsbllllll
  41531C INSTRING@F12STRINGTHEORYsblllll
  41569C CROP@F12STRINGTHEORYUlUl
  4156C8 CLIPLENGTH@F12STRINGTHEORY
  4156FC CLIPLEN@F12STRINGTHEORY
  415708 FREELINES@F12STRINGTHEORY
  415758 FREE@F12STRINGTHEORYll
  4157E8 XMLDECODE@F12STRINGTHEORY
  4158B8 XMLENCODE@F12STRINGTHEORYl
  415988 JSONDECODE@F12STRINGTHEORY
  416038 JSONENCODE@F12STRINGTHEORYl
  416554 ENCODEDWORDENCODE@F12STRINGTHEORYOsbl
  416724 ENCODEDWORDDECODE@F12STRINGTHEORY
  416BD0 QUOTEDPRINTABLEDECODE@F12STRINGTHEORY
  416C50 QUOTEDPRINTABLEENCODE@F12STRINGTHEORY
  416E10 BASE64DECODE@F12STRINGTHEORYRsbRl
  417030 BASE64DECODE@F12STRINGTHEORY
  41708C BASE64ENCODE@F12STRINGTHEORYRsbRl
  417498 BASE64ENCODE@F12STRINGTHEORYl
  417634 SETVALUE@F12STRINGTHEORYRsbl
  41777C GETVALUEPTR@F12STRINGTHEORY
  4177C0 ABBREVIATE@F12STRINGTHEORYlll
  4178F4 ASSIGN@F12STRINGTHEORYsb
  417928 ASSIGN@F12STRINGTHEORYRsb
  417938 _SETVALUEPOINTER@F12STRINGTHEORYllll
  4179E8 _GETNEXTBUFFERSIZE@F12STRINGTHEORYl
  417A94 EQUALS@F12STRINGTHEORYsbl
  417B58 EQUALS@F12STRINGTHEORY12STRINGTHEORYl
  417DA4 SETVALUE@F12STRINGTHEORYsbl
  417DD4 SETVALUE@F12STRINGTHEORY12STRINGTHEORY
  417E6C CATADDR@F12STRINGTHEORYll
  417EDC CAT@F12STRINGTHEORYRsbl
  417F58 CAT@F12STRINGTHEORYsbl
  417FE4 APPEND@F12STRINGTHEORY12STRINGTHEORYOsb
  41806C APPEND@F12STRINGTHEORYRsblOsb
  4181B8 APPEND@F12STRINGTHEORYsblOsb
  418268 APPENDBINARY@F12STRINGTHEORYll
  41828C APPENDA@F12STRINGTHEORYsblOsb
  41833C START@F12STRINGTHEORY
  4183C4 CONSTRUCT@F12STRINGTHEORY
  4183E8 DESTRUCT@F12STRINGTHEORY
  418434 _main
  418440 MAIN@F
  4184EC ADDEMPLOYEE@Fsbsb
  41A4E0 TYPE$STRINGTHEORY
  41A5D4 TYPE$LINESQTYPE
  41A5F4 VMT$STRINGTHEORY
  41AA78 UTILS$STR
  41AB74 UTILS$EMPLOYEES$TYPE$EMPLOYEES:RECORD
  41ABF0 UTILS$EMPLOYEES$EMPLOYEES:GUIDKEY
  41AC1C UTILS$EMPLOYEES$EMPLOYEES:EMPLOYEEKEY
  41AC40 UTILS$KEYS$EMPLOYEES
  41AC48 UTILS$EMPLOYEES
  41ACF4 VMTP$STRINGTHEORY
  41AD00 stNormalizeString
  41AD04 $HNORMALIZ
  41AD08 stInflateEnd
  41AD0C stInflate
  41AD10 stInflateInit2_
  41AD14 stDeflateEnd
  41AD18 stDeflate
  41AD1C stDeflateInit2_
  41AD20 $HZLIB
  41AD24 $SEEDED
  41AD28 UTILS$EMPLOYEES$EMPLOYEES:RECORD
  41AE18 UTILS$MEMOS$EMPLOYEES
  41C000 __import_section_start
  41CE00 __import_section_end

Imports
ClaRUN.dll:Cla$ADDqueue 41C210
ClaRUN.dll:Cla$ADDqueueptr 41C214
ClaRUN.dll:Cla$AssignLong2RefUfo 41C218
ClaRUN.dll:Cla$AssignReal2RefUfo 41C21C
ClaRUN.dll:Cla$AssignRefUfo 41C220
ClaRUN.dll:Cla$BLOB_GET_PROPERTY 41C224
ClaRUN.dll:Cla$BLOB_SET_PROPERTY 41C228
ClaRUN.dll:Cla$BLOB_TAKE 41C22C
ClaRUN.dll:Cla$BLOB_YIELD 41C230
ClaRUN.dll:Cla$CLEAR 41C234
ClaRUN.dll:Cla$clearstr 41C238
ClaRUN.dll:Cla$CLOCK 41C23C,401000
ClaRUN.dll:Cla$code 41C240
ClaRUN.dll:Cla$comparestr 41C244
ClaRUN.dll:Cla$DecAdd 41C248
ClaRUN.dll:Cla$DecDistinct 41C24C
ClaRUN.dll:Cla$DecDivide 41C250
ClaRUN.dll:Cla$DecMul 41C254
ClaRUN.dll:Cla$DecSub 41C258
ClaRUN.dll:Cla$DELETEqueue 41C25C,401008
ClaRUN.dll:Cla$DInt 41C260
ClaRUN.dll:Cla$DISPOSEqueue 41C264
ClaRUN.dll:Cla$DPopDec 41C268
ClaRUN.dll:Cla$DPopLong 41C26C
ClaRUN.dll:Cla$DPopReal 41C270
ClaRUN.dll:Cla$DPopUlong 41C274
ClaRUN.dll:Cla$DPushConstant 41C278
ClaRUN.dll:Cla$DPushLong 41C27C
ClaRUN.dll:Cla$DPushULong 41C280
ClaRUN.dll:Cla$duplicate 41C284
ClaRUN.dll:Cla$ERRORCODE 41C288,401010
ClaRUN.dll:Cla$FILE_ADDf 41C28C
ClaRUN.dll:Cla$FILE_CLEAR 41C290
ClaRUN.dll:Cla$FILE_CLOSE 41C294,401018
ClaRUN.dll:Cla$FILE_CREATE 41C298
ClaRUN.dll:CLA$FILE_DESTROY 41C29C
ClaRUN.dll:Cla$FILE_NAME 41C2A0,401020
ClaRUN.dll:Cla$FILE_OPEN 41C2A4,401028
ClaRUN.dll:Cla$FREEqueuea 41C2A8,401030
ClaRUN.dll:Cla$freestr 41C2AC
ClaRUN.dll:Cla$FreeUfo 41C2B0
ClaRUN.dll:Cla$GETGROUP 41C2B4,401038
ClaRUN.dll:Cla$GETqueueptr 41C2B8
ClaRUN.dll:Cla$init 41C2BC
ClaRUN.dll:Cla$IsAlpha 41C2C0,401040
ClaRUN.dll:Cla$isftoupper 41C2C4,401048
ClaRUN.dll:Cla$ISGROUP 41C2C8,401050
ClaRUN.dll:Cla$MessageBox 41C2CC,401058
ClaRUN.dll:Cla$modulus 41C2D0
ClaRUN.dll:Cla$NewMemB 41C2D4
ClaRUN.dll:Cla$NewMemZ 41C2D8
ClaRUN.dll:Cla$NEWqueue 41C2DC
ClaRUN.dll:Cla$PEEK 41C2E0
ClaRUN.dll:Cla$PopCString 41C2E4
ClaRUN.dll:Cla$PopPString 41C2E8
ClaRUN.dll:Cla$PopString 41C2EC
ClaRUN.dll:Cla$PopTemp 41C2F0
ClaRUN.dll:Cla$PushCString 41C2F4
ClaRUN.dll:Cla$PushLong 41C2F8
ClaRUN.dll:Cla$PushPictDec 41C2FC
ClaRUN.dll:Cla$PushReal 41C300
ClaRUN.dll:Cla$PushString 41C304
ClaRUN.dll:Cla$PushTemp 41C308
ClaRUN.dll:Cla$PushUfo 41C30C
ClaRUN.dll:Cla$PUTqueue 41C310
ClaRUN.dll:Cla$RANDOM 41C314,401060
ClaRUN.dll:Cla$RECORDSqueue 41C318,401068
ClaRUN.dll:Cla$RefAssignAny 41C31C
ClaRUN.dll:Cla$SORTqueuefkey 41C320
ClaRUN.dll:Cla$Stack2DStack 41C324
ClaRUN.dll:Cla$Stack2Ufo 41C328
ClaRUN.dll:Cla$StackALL 41C32C,401070
ClaRUN.dll:Cla$StackCLIP 41C330,401078
ClaRUN.dll:Cla$StackCompare 41C334
ClaRUN.dll:Cla$StackCompareNEQ 41C338
ClaRUN.dll:Cla$StackConcat 41C33C
ClaRUN.dll:Cla$StackConcatR 41C340
ClaRUN.dll:Cla$StackErrstr 41C344,401080
ClaRUN.dll:Cla$StackFORMAT2 41C348
ClaRUN.dll:Cla$StackHeap 41C34C
ClaRUN.dll:Cla$StackINSTRING 41C350,401088
ClaRUN.dll:Cla$StackLEFT 41C354,401090
ClaRUN.dll:Cla$StackLen 41C358,401098
ClaRUN.dll:Cla$StackLOWER 41C35C,4010A0
ClaRUN.dll:Cla$StackNUMERIC 41C360,4010A8
ClaRUN.dll:Cla$StackRIGHT 41C364,4010B0
ClaRUN.dll:Cla$StackRotate 41C368
ClaRUN.dll:Cla$StackSUB 41C36C,4010B8
ClaRUN.dll:Cla$StackUPPER 41C370,4010C0
ClaRUN.dll:Cla$StackVAL 41C374
ClaRUN.dll:Cla$STATUSfile 41C378,4010C8
ClaRUN.dll:Cla$storecstr 41C37C
ClaRUN.dll:Cla$storestr 41C380
ClaRUN.dll:Cla$String2Ref 41C384
ClaRUN.dll:Cla$TODAY 41C388,4010D0
ClaRUN.dll:Cla$Ufo2Real 41C38C
ClaRUN.dll:Cla$WHAT 41C390,4010D8
ClaRUN.dll:_exit 41C394,4010E0
ClaRUN.dll:_free 41C398
ClaRUN.dll:_malloc 41C39C
ClaRUN.dll:_memchr 41C3A0,4010E8
ClaRUN.dll:_memcmp 41C3A4,4010F0
ClaRUN.dll:_memcpy 41C3A8,4010F8
ClaRUN.dll:_srand 41C3AC,401100
ClaRUN.dll:__sysinit 41C3B0,401108
ClaRUN.dll:__sysstart 41C3B4,401110
ClaTPS.dll:TOPSPEED 41C3C4
KERNEL32.dll:CloseHandle 41C408,401118
KERNEL32.dll:CreateFileA 41C40C,401120
KERNEL32.dll:FormatMessageA 41C410,401128
KERNEL32.dll:GetCurrentProcessId 41C414,401130
KERNEL32.dll:GetFileSize 41C418,401138
KERNEL32.dll:GetLastError 41C41C,401140
KERNEL32.dll:GetProcAddress 41C420,401148
KERNEL32.dll:LoadLibraryA 41C424,401150
KERNEL32.dll:MultiByteToWideChar 41C428,401158
KERNEL32.dll:OutputDebugStringA 41C42C,401160
KERNEL32.dll:ReadFile 41C430,401168
KERNEL32.dll:SetFilePointer 41C434,401170
KERNEL32.dll:WideCharToMultiByte 41C438,401178
KERNEL32.dll:WriteFile 41C43C,401180
USER32.dll:GetSysColor 41C44C,401188



Entry Point:   401190