  4014F0      8E5 Code                ABBREAK_TEXT
  401DD8     4FEF Code                ABBROWSE_TEXT
  406DC8     1133 Code                ABEIP_TEXT
  407EFC     28B4 Code                ABERROR_TEXT
  40A7B0     65FB Code                ABFILE_TEXT
  410DAC      159 Code                ABFUZZY_TEXT
  410F08     2288 Code                ABPOPUP_TEXT
  413190     2806 Code                ABQUERY_TEXT
  415998     4BF9 Code                ABREPORT_TEXT
  41A594     1D40 Code                ABRESIZE_TEXT
  41C2D4       37 Code                ABRPATMG_TEXT
  41C30C      EB9 Code                ABRPPSEL_TEXT
  41D1C8      133 Code                ABTOOLBA_TEXT
  41D2FC     2B0D Code                ABUTIL_TEXT
  41FE0C     1D8A Code                ABWINDOW_TEXT
  421B98     56E6 Code                ABWMFPAR_TEXT
  427280       A8 Code                CWSYNCHC_TEXT
  427328     39EA Code                EMPLOYEESAPP001_TEXT
  42AD14     3F19 Code                EMPLOYEESAPP002_TEXT
  42EC30     332D Code                EMPLOYEESAPP003_TEXT
  431F60     16F0 Code                EMPLOYEESAPP004_TEXT
  433650     1FF1 Code                EMPLOYEESAPP_BC0_TEXT
  435644       13 Code                EMPLOYEESAPP_BC_TEXT
  435658       B0 Code                EMPLOYEESAPP_TEXT
  435708       23 Code                IEXE32_TEXT
  43572C      A1B Code                INIT_TEXT
  436148       37 Code                INST00_TEXT
  436180    17233 Code                STRINGTHEORY_TEXT
  44D3B4      5F5 Code                XMLGENERATOR_TEXT
  44E000     1290 Initialized Data    $DEFAULTERRORS_DATA
  44F290       6F Initialized Data    ABBREAK_CONST
  44F300      10B Initialized Data    ABBROWSE_CONST
  44F40C      D10 Initialized Data    ABBROWSE_DATA
  45011C       23 Initialized Data    ABEIP_CONST
  450140       B4 Initialized Data    ABEIP_DATA
  4501F4      16F Initialized Data    ABERROR_CONST
  450364      AA8 Initialized Data    ABERROR_DATA
  450E0C       CD Initialized Data    ABFILE_CONST
  450EDC      410 Initialized Data    ABFILE_DATA
  4512EC        5 Initialized Data    ABFUZZY_CONST
  4512F4       B4 Initialized Data    ABFUZZY_DATA
  4513A8       2D Initialized Data    ABPOPUP_CONST
  4513D8      128 Initialized Data    ABPOPUP_DATA
  451500       C6 Initialized Data    ABQUERY_CONST
  4515C8       87 Initialized Data    ABQUERY_DATA
  451650      12A Initialized Data    ABREPORT_CONST
  45177C      948 Initialized Data    ABREPORT_DATA
  4520C4       30 Initialized Data    ABRESIZE_CONST
  4520F4      23F Initialized Data    ABRESIZE_DATA
  452334       44 Initialized Data    ABRPATMG_DATA
  452378       7F Initialized Data    ABRPPSEL_CONST
  4523F8      11D Initialized Data    ABRPPSEL_DATA
  452518       4C Initialized Data    ABTOOLBA_DATA
  452564       79 Initialized Data    ABUTIL_CONST
  4525E0      261 Initialized Data    ABUTIL_DATA
  452844        4 Initialized Data    ABWINDOW_CONST
  452848       9B Initialized Data    ABWINDOW_DATA
  4528E4       F9 Initialized Data    ABWMFPAR_CONST
  4529E0      E61 Initialized Data    ABWMFPAR_DATA
  453844       48 Initialized Data    CWSYNCHC_DATA
  45388C        E Initialized Data    CWUTIL_CONST
  45389C       36 Initialized Data    CWUTIL_DATA
  4538D4      18C Initialized Data    EMPLOYEESAPP001_CONST
  453A60     49D0 Initialized Data    EMPLOYEESAPP001_DATA
  458430      28F Initialized Data    EMPLOYEESAPP002_CONST
  4586C0     4724 Initialized Data    EMPLOYEESAPP002_DATA
  45CDE4      15E Initialized Data    EMPLOYEESAPP003_CONST
  45CF44     26D8 Initialized Data    EMPLOYEESAPP003_DATA
  45F61C       9E Initialized Data    EMPLOYEESAPP004_CONST
  45F6BC     19F0 Initialized Data    EMPLOYEESAPP004_DATA
  4610AC      1F7 Initialized Data    EMPLOYEESAPP_BC0_CONST
  4612A4     1F00 Initialized Data    EMPLOYEESAPP_BC0_DATA
  4631A4      1D6 Initialized Data    EMPLOYEESAPP_CONST
  46337C      360 Initialized Data    EMPLOYEESAPP_DATA
  4636DC       44 Initialized Data    IEXE32_DATA
  463720     1345 Initialized Data    STRINGTHEORY_CONST
  464A68      624 Initialized Data    STRINGTHEORY_DATA
  46508C       8A Initialized Data    XMLGENERATOR_CONST
  465118      118 Initialized Data    XMLGENERATOR_DATA
  465230        0 Initialized Data    __CPPINI_CONS
  465230      310 Initialized Data    __CPPINI_CONST
  465540        4 Initialized Data    __CPPINI_END
  465544        0 Initialized Data    __INIVMT_CONS
  465544      3D8 Initialized Data    __INIVMT_CONST
  46591C        0 Initialized Data    __INIVMT_CONST_END
  465920     1623 Un-initialized Data $FUZZYMATCHER_BSS
  466F44       40 Un-initialized Data ABEIP_BSS
  466F84      404 Un-initialized Data ABERROR_BSS
  467388       10 Un-initialized Data ABFILE_BSS
  467398        4 Un-initialized Data ABFUZZY_BSS
  46739C      104 Un-initialized Data ABUTIL_BSS
  4674A0        0 Un-initialized Data ABWMFPAR_BSS
  4674A0        0 Un-initialized Data CWUTIL_BSS
  4674A0      18C Un-initialized Data EMPLOYEESAPP_BSS
  46762C       28 Un-initialized Data STRINGTHEORY_BSS
  467654       10 Un-initialized Data XMLGENERATOR_BSS
  468000        8 __T_L_S__DAT
  468008      C40 __T_L_S__DATA
  468C48        0 __T_L_S__DATA_END
  468C50        0 __T_L_S__BS
  468C50    13D38 __T_L_S__BSS
  47C988        0 __T_L_S__BSS_END

  4014F0 EVALUATELEVEL@F17LEVELMANAGERCLASSs
  40157C RESTORERESETBUFFER@F17LEVELMANAGERCLASSs
  4015F4 SAVERESETBUFFER@F17LEVELMANAGERCLASSs
  40168C RESTOREBUFFEROFF@F17LEVELMANAGERCLASS
  4016E0 RESTOREBUFFERON@F17LEVELMANAGERCLASS
  40174C SAVEBUFFER@F17LEVELMANAGERCLASS
  4017A0 REFRESHFIELDS@F17LEVELMANAGERCLASSs
  4018D8 RESETTOTALS@F17LEVELMANAGERCLASSs
  4019AC ASKLEVELOFF@F17LEVELMANAGERCLASSs
  401A74 ASKLEVELON@F17LEVELMANAGERCLASSs
  401AE0 ASKLEVEL@F17LEVELMANAGERCLASSUc
  401BA0 RESET@F17LEVELMANAGERCLASS
  401D2C ASKBREAK@F17BREAKMANAGERCLASSUc
  401D84 RESET@F17BREAKMANAGERCLASS
  4023F4 KILL_@_WINDOWCOMPONENT_@_BROWSECLASS@F15WINDOWCOMPONENT
  402404 RESET_@_WINDOWCOMPONENT_@_BROWSECLASS@F15WINDOWCOMPONENTUc
  402418 RESETREQUIRED_@_WINDOWCOMPONENT_@_BROWSECLASS@F15WINDOWCOMPONENT
  402428 SETALERTS_@_WINDOWCOMPONENT_@_BROWSECLASS@F15WINDOWCOMPONENT
  40243C TAKEEVENT_@_WINDOWCOMPONENT_@_BROWSECLASS@F15WINDOWCOMPONENT
  402450 UPDATE_@_WINDOWCOMPONENT_@_BROWSECLASS@F15WINDOWCOMPONENT
  402464 UPDATEWINDOW_@_WINDOWCOMPONENT_@_BROWSECLASS@F15WINDOWCOMPONENT
  402478 DOSHOWWAITCURSOR@F11BROWSECLASSUc
  4024B0 SHOWWAITCURSOR@F11BROWSECLASSUc
  4024C4 SETUSEWAITCURSOR@F11BROWSECLASSUc
  4024CC UPDATEWINDOW@F11BROWSECLASS
  4026AC UPDATEVIEWRECORD@F11BROWSECLASS
  402790 UPDATETHUMBFIXED@F11BROWSECLASS
  402940 UPDATETHUMB@F11BROWSECLASS
  402BE4 UPDATERESETS@F11BROWSECLASS
  402BF8 UPDATEBUFFER@F11BROWSECLASS
  402C30 TAKEVCRSCROLL@F11BROWSECLASSl
  402D18 TAKESCROLL@F11BROWSECLASSl
  402D9C TAKENEWSELECTION@F11BROWSECLASS
  402E30 TAKELOCATE@F11BROWSECLASS
  402EA8 TAKEKEY@F11BROWSECLASS
  40314C TAKEEVENT@F11BROWSECLASS
  40385C TAKECHOICECHANGED@F11BROWSECLASS
  4038C4 TAKEACCEPTEDLOCATOR@F11BROWSECLASS
  4039B8 GETUSEMRP@F11BROWSECLASS
  4039BC SETUSEMRP@F11BROWSECLASSUc
  4039C0 SETUSEPOPUP@F11BROWSECLASSUc
  4039C4 SETSORT@F11BROWSECLASSUcUc
  403B00 SETQUEUERECORD@F11BROWSECLASS
  403B20 SETALERTS@F11BROWSECLASS
  404034 SCROLLPAGE@F11BROWSECLASSl
  404118 SCROLLONE@F11BROWSECLASSl
  404178 SCROLLEND@F11BROWSECLASSl
  4041F0 SAVESORT@F11BROWSECLASS
  4042E4 RESETTHUMBLIMITS@F11BROWSECLASS
  404420 RESETSORT@F11BROWSECLASSUc
  404444 RESETRESETS@F11BROWSECLASS
  404458 RESETQUEUE@F11BROWSECLASSUc
  404A00 RESETFROMVIEW@F11BROWSECLASS
  404A38 RESETFROMFILE@F11BROWSECLASS
  404A5C RESETFROMBUFFER@F11BROWSECLASS
  404ACC RESETFROMASK@F11BROWSECLASSRUcRUc
  404CC4 REPLACESORT@F11BROWSECLASSsb12LOCATORCLASS9STEPCLASS
  404D9C RECORDS@F11BROWSECLASS
  404E04 PREVIOUS@F11BROWSECLASS
  404E50 POSTNEWSELECTION@F11BROWSECLASS
  404EA8 NOTIFYUPDATEERROR@F11BROWSECLASS
  404EC8 NEXT@F11BROWSECLASS
  404F14 KILL@F11BROWSECLASS
  405158 INITSORT@F11BROWSECLASSUc
  4051AC INIT@F11BROWSECLASS12ILISTCONTROLBi11BROWSEQUEUE15RELATIONMANAGER13WINDOWMANAGER
  4052B8 INIT@F11BROWSECLASSlRsbBiBq15RELATIONMANAGER13WINDOWMANAGER
  40531C FETCH@F11BROWSECLASSUc
  4055A8 CHECKEIP@F11BROWSECLASS
  40566C ASKRECORD@F11BROWSECLASSUc
  405680 ASK@F11BROWSECLASSUc
  405750 APPLYRANGE@F11BROWSECLASS
  4057BC ADDSORTORDER@F11BROWSECLASS9STEPCLASSBk
  405838 ADDLOCATOR@F11BROWSECLASS12LOCATORCLASS
  405854 ADDFIELD@F11BROWSECLASSRsbRsb
  4058B0 ADDFIELD@F11BROWSECLASSRlRl
  405910 ADDFIELD@F11BROWSECLASSRuRu
  405950 RECORDS_@_BROWSEQUEUE_@_STANDARDBEHAVIOR@F11BROWSEQUEUE
  40595C INSERT_@_BROWSEQUEUE_@_STANDARDBEHAVIOR@F11BROWSEQUEUE
  405968 INSERT_@_BROWSEQUEUE_@_STANDARDBEHAVIOR@F11BROWSEQUEUEl
  405974 FETCH_@_BROWSEQUEUE_@_STANDARDBEHAVIOR@F11BROWSEQUEUEl
  405980 UPDATE_@_BROWSEQUEUE_@_STANDARDBEHAVIOR@F11BROWSEQUEUE
  40598C DELETE_@_BROWSEQUEUE_@_STANDARDBEHAVIOR@F11BROWSEQUEUE
  405998 FREE_@_BROWSEQUEUE_@_STANDARDBEHAVIOR@F11BROWSEQUEUE
  4059A4 WHO_@_BROWSEQUEUE_@_STANDARDBEHAVIOR@F11BROWSEQUEUEl
  4059B4 GETVIEWPOSITION_@_BROWSEQUEUE_@_STANDARDBEHAVIOR@F11BROWSEQUEUE
  4059CC SETVIEWPOSITION_@_BROWSEQUEUE_@_STANDARDBEHAVIOR@F11BROWSEQUEUEsb
  405A04 CHOICE_@_ILISTCONTROL_@_STANDARDBEHAVIOR@F12ILISTCONTROL
  405A10 GETCONTROL_@_ILISTCONTROL_@_STANDARDBEHAVIOR@F12ILISTCONTROL
  405A14 GETITEMS_@_ILISTCONTROL_@_STANDARDBEHAVIOR@F12ILISTCONTROL
  405A48 GETVISIBLE_@_ILISTCONTROL_@_STANDARDBEHAVIOR@F12ILISTCONTROL
  405A7C SETCHOICE_@_ILISTCONTROL_@_STANDARDBEHAVIOR@F12ILISTCONTROLl
  405AD0 SETCONTROL_@_ILISTCONTROL_@_STANDARDBEHAVIOR@F12ILISTCONTROLl
  405AD4 GETSELECTEDITEM_@_ILISTCONTROL_@_STANDARDBEHAVIOR@F12ILISTCONTROL
  405B30 INIT@F16STANDARDBEHAVIORBqRsbl
  405B48 TAKENEWSELECTION@F16BROWSEEIPMANAGER
  405BE0 TAKECOMPLETED@F16BROWSEEIPMANAGERUc
  405DC8 KILL@F16BROWSEEIPMANAGER
  405DFC INIT@F16BROWSEEIPMANAGER
  4061C0 CLEARCOLUMN@F16BROWSEEIPMANAGER
  406208 TAKEKEY@F16STEPLOCATORCLASS
  406434 SET@F16STEPLOCATORCLASS
  406438 INIT@F16STEPLOCATORCLASSlRuUc
  406460 UPDATEWINDOW@F12LOCATORCLASS
  406468 TAKEACCEPTED@F12LOCATORCLASS
  40646C SETSHADOW@F12LOCATORCLASSsb
  406488 SETENABLED@F12LOCATORCLASSUc
  4064CC SETALERTS@F12LOCATORCLASSl
  4064D0 SETLOCATORFIELD@F12LOCATORCLASSRu
  406524 RESET@F12LOCATORCLASS
  406528 INIT@F12LOCATORCLASSlRuUc11BROWSECLASS
  40655C INIT@F12LOCATORCLASSlRuUc
  406578 GETSHADOW@F12LOCATORCLASS
  406594 DESTRUCT@F12LOCATORCLASS
  4065A8 UNHASH@F15STEPSTRINGCLASSl
  406638 SETLIMITNEEDED@F15STEPSTRINGCLASS
  40664C SETLIMIT@F15STEPSTRINGCLASSuu
  406934 KILL@F15STEPSTRINGCLASS
  406960 INIT@F15STEPSTRINGCLASSUcUc
  406B7C HASH@F15STEPSTRINGCLASSsb
  406C34 GETVALUE@F15STEPSTRINGCLASSUc
  406C8C GETPERCENTILE@F15STEPSTRINGCLASSu
  406D98 SETLIMITNEEDED@F9STEPCLASS
  406D9C SETLIMIT@F9STEPCLASSuu
  406DA0 KILL@F9STEPCLASS
  406DA4 INIT@F9STEPCLASSUc
  406DA8 GETVALUE@F9STEPCLASSUc
  406DC4 GETPERCENTILE@F9STEPCLASSu
  406DC8 TAKENEWSELECTION@F10EIPMANAGER
  406E40 TAKEFOCUSLOSS@F10EIPMANAGER
  406E94 TAKEFIELDEVENT@F10EIPMANAGER
  406FE4 TAKEEVENT@F10EIPMANAGER
  407074 TAKECOMPLETED@F10EIPMANAGERUc
  4070C0 TAKEACTION@F10EIPMANAGERl
  4073C8 TAKEACCEPTALL@F10EIPMANAGER
  407514 RUN@F10EIPMANAGERUc
  4075AC RESETCOLUMN@F10EIPMANAGER
  407674 GETEDIT@F10EIPMANAGER
  4076D0 NEXT@F10EIPMANAGER
  4077AC KILL@F10EIPMANAGER
  407934 INITCONTROLS@F10EIPMANAGER
  407B40 INIT@F10EIPMANAGER
  407BB0 CLEARCOLUMN@F10EIPMANAGER
  407BF8 ADDCONTROL@F10EIPMANAGER9EDITCLASSlUc
  407C54 CREATECONTROL@F14EDITENTRYCLASS
  407C78 RESETCONTROL@F9EDITCLASS
  407C7C GETFEQ@F9EDITCLASS
  407C80 TAKEEVENT@F9EDITCLASSl
  407CC8 TAKEACCEPTED@F9EDITCLASSUc
  407CE0 SETREADONLY@F9EDITCLASSUc
  407D3C SETALERTS@F9EDITCLASS
  407E3C KILL@F9EDITCLASS
  407E6C INIT@F9EDITCLASSllRu
  408018 KILL_@_WINDOWCOMPONENT_@_HISTHANDLERCLASS@F15WINDOWCOMPONENT
  40801C RESET_@_WINDOWCOMPONENT_@_HISTHANDLERCLASS@F15WINDOWCOMPONENTUc
  408020 RESETREQUIRED_@_WINDOWCOMPONENT_@_HISTHANDLERCLASS@F15WINDOWCOMPONENT
  408024 SETALERTS_@_WINDOWCOMPONENT_@_HISTHANDLERCLASS@F15WINDOWCOMPONENT
  408028 TAKEEVENT_@_WINDOWCOMPONENT_@_HISTHANDLERCLASS@F15WINDOWCOMPONENT
  408030 UPDATE_@_WINDOWCOMPONENT_@_HISTHANDLERCLASS@F15WINDOWCOMPONENT
  408034 UPDATEWINDOW_@_WINDOWCOMPONENT_@_HISTHANDLERCLASS@F15WINDOWCOMPONENT
  408048 VLBPROC@F16HISTHANDLERCLASSls
  4080F4 TAKEEVENT@F16HISTHANDLERCLASS
  4081BC INIT@F16HISTHANDLERCLASSBw10ERRORCLASS16ERRORHISTORYLIST
  4081C8 _VLBPROC@F16HISTHANDLERCLASSls
  4081D8 TAKEACCEPTED@F11MSGBOXCLASS
  408214 SETUPADDITIONALFEQS@F11MSGBOXCLASS
  40829C KILL@F11MSGBOXCLASS
  4082DC INIT@F11MSGBOXCLASS
  40858C INIT@F11MSGBOXCLASSBw10ERRORCLASSOsbllll
  408624 FETCHSTDBUTTON@F11MSGBOXCLASSs
  408658 GETALLSTATUSVARIABLES@F10ERRORCLASS16ERRORSTATUSGROUP
  408688 GETERRORBUFFERFATALITY@F10ERRORCLASS
  4086B8 GETERRORBUFFERTITLE@F10ERRORCLASS
  4086F0 GETERRORBUFFERID@F10ERRORCLASS
  408714 SETMESSAGETEXT@F10ERRORCLASSsb
  408764 SETKEYNAME@F10ERRORCLASSsb
  4087B4 SETFIELDNAME@F10ERRORCLASSsb
  408804 SETFILENAME@F10ERRORCLASSsb
  408854 STOREERRORENTRY@F10ERRORCLASSUs
  408984 GETHISTORYRESETONVIEW@F10ERRORCLASS
  4089D0 SETHISTORYRESETONVIEW@F10ERRORCLASSUc
  408A18 GETHISTORYVIEWLEVEL@F10ERRORCLASS
  408A64 SETHISTORYVIEWLEVEL@F10ERRORCLASSl
  408AAC GETHISTORYTHRESHOLD@F10ERRORCLASS
  408AF8 SETHISTORYTHRESHOLD@F10ERRORCLASSl
  408B40 GETLOGERRORS@F10ERRORCLASS
  408B8C GETSILENT@F10ERRORCLASS
  408BD8 SETDEFAULTCATEGORY@F10ERRORCLASSsa
  408C20 GETDEFAULTCATEGORY@F10ERRORCLASS
  408C6C VIEWHISTORY@F10ERRORCLASS
  408C98 THROWMESSAGE@F10ERRORCLASSssb
  408CE8 THROW@F10ERRORCLASSs
  408CFC TAKEUSER@F10ERRORCLASS
  408D58 TAKEPROGRAM@F10ERRORCLASS
  408D60 TAKEOTHER@F10ERRORCLASS
  408D68 TAKENOTIFY@F10ERRORCLASS
  408DB4 TAKEFATAL@F10ERRORCLASS
  408E40 TAKEERROR@F10ERRORCLASSs
  409044 TAKEBENIGN@F10ERRORCLASS
  409048 SUBSSTRING@F10ERRORCLASS
  4093FC SETPROCEDURENAME@F10ERRORCLASSOsb
  4094AC GETERRORENTRY@F10ERRORCLASSUs15ERRORENTRYGROUPl
  409550 GETERRORENTRY@F10ERRORCLASSUs15ERRORENTRYGROUP
  409584 SETID@F10ERRORCLASSUsl
  4095BC SETID@F10ERRORCLASSUs
  4095D8 SETKEY@F10ERRORCLASSsb
  409614 SETFILE@F10ERRORCLASSsb
  409650 SETFIELD@F10ERRORCLASSsb
  40968C SETERRORS@F10ERRORCLASS
  409710 SETERRORLOG@F10ERRORCLASS17ERRORLOGINTERFACE
  4097B0 SETCATEGORY@F10ERRORCLASSssa
  4097FC RESETHISTORY@F10ERRORCLASS
  409824 REMOVEERROR@F10ERRORCLASSUs
  409864 MESSAGEBOX@F10ERRORCLASSUcsbOsbOsblll
  4098FC MSG@F10ERRORCLASSsbOsbOsblll
  409C48 MESSAGE@F10ERRORCLASSsll
  409CAC KILL@F10ERRORCLASS
  409D50 INIT@F10ERRORCLASS16ERRORSTATUSCLASS
  409DAC INIT@F10ERRORCLASS
  409E80 HISTORYMSG@F10ERRORCLASSsblll
  40A040 GETPROCEDURENAME@F10ERRORCLASS
  40A114 GETCATEGORY@F10ERRORCLASSs
  40A19C ADDHISTORY@F10ERRORCLASS
  40A1CC ADDERRORS@F10ERRORCLASS10ERRORBLOCK
  40A378 ADDERROR@F10ERRORCLASSUsRsbRsbUcsa
  40A424 DESTRUCT@F10ERRORCLASS
  40A440 CONSTRUCT@F10ERRORCLASS
  40A458 DESTRUCT@F16ERRORSTATUSCLASS
  40A48C CONSTRUCT@F16ERRORSTATUSCLASS
  40A5C4 CLOSE_@_ERRORLOGINTERFACE_@_STANDARDERRORLOGCLASS@F17ERRORLOGINTERFACEUc
  40A5CC OPEN_@_ERRORLOGINTERFACE_@_STANDARDERRORLOGCLASS@F17ERRORLOGINTERFACEUc
  40A5D4 TAKE_@_ERRORLOGINTERFACE_@_STANDARDERRORLOGCLASS@F17ERRORLOGINTERFACEsb
  40A678 CLOSE@F21STANDARDERRORLOGCLASSUc
  40A6F4 OPEN@F21STANDARDERRORLOGCLASSUc
  40A79C DESTRUCT@F21STANDARDERRORLOGCLASS
  40A7A8 CONSTRUCT@F21STANDARDERRORLOGCLASS
  40A9F4 REMOVERELATIONFILEMAPPING@F12FILESMANAGER15RELATIONMANAGER
  40AA14 REMOVERELATIONFILEMAPPING@F12FILESMANAGERl
  40AA30 REMOVEFILEMAPPING@F12FILESMANAGER11FILEMANAGER
  40AA4C REMOVEFILEMAPPING@F12FILESMANAGERl
  40AA68 NOTEUSAGE@F12FILESMANAGER11FILEMANAGERUc
  40AB40 NOTEOPEN@F12FILESMANAGER11FILEMANAGER
  40AB84 NOTECLOSE@F12FILESMANAGER11FILEMANAGER
  40AC14 GETRELATIONFILEMAPPING@F12FILESMANAGERl
  40AC4C GETFILEMAPPING@F12FILESMANAGERl
  40AC84 GETFILEID@F12FILESMANAGERBf
  40AC9C FINDRECORD@F12FILESMANAGER11FILEMANAGER
  40AD48 ADDFILEMAPPING@F12FILESMANAGER15RELATIONMANAGER
  40ADA4 ADDFILEMAPPING@F12FILESMANAGER11FILEMANAGER
  40AE00 DESTRUCT@F12FILESMANAGER
  40AE40 CONSTRUCT@F12FILESMANAGER
  40B598 OPENFILE_@_IFILEOPENSERVER_@_UNTHREADEDFILEOPENSERVER@F15IFILEOPENSERVERl
  40B628 CLOSEFILE_@_IFILEOPENSERVER_@_UNTHREADEDFILEOPENSERVER@F15IFILEOPENSERVER
  40B6A8 LINK_@_IFILEOPENSERVER_@_UNTHREADEDFILEOPENSERVER@F15IFILEOPENSERVER
  40B6F8 RELEASE_@_IFILEOPENSERVER_@_UNTHREADEDFILEOPENSERVER@F15IFILEOPENSERVER
  40B784 INIT@F24UNTHREADEDFILEOPENSERVERBf
  40B798 DESTRUCT@F24UNTHREADEDFILEOPENSERVER
  40B7BC CONSTRUCT@F24UNTHREADEDFILEOPENSERVER
  40B7EC OPENFILE_@_IFILEOPENSERVER_@_THREADEDFILEOPENSERVER@F15IFILEOPENSERVERl
  40B818 CLOSEFILE_@_IFILEOPENSERVER_@_THREADEDFILEOPENSERVER@F15IFILEOPENSERVER
  40B828 LINK_@_IFILEOPENSERVER_@_THREADEDFILEOPENSERVER@F15IFILEOPENSERVER
  40B834 RELEASE_@_IFILEOPENSERVER_@_THREADEDFILEOPENSERVER@F15IFILEOPENSERVER
  40B840 RELEASE@F14FILEOPENSERVER
  40B86C LINK@F14FILEOPENSERVER
  40B870 INIT@F14FILEOPENSERVERBf
  40B874 DESTRUCT@F14FILEOPENSERVER
  40B87C CONSTRUCT@F14FILEOPENSERVER
  40B888 VALIDATERECORD@F11VIEWMANAGER
  40B88C UNUSEVIEW@F11VIEWMANAGER
  40B924 USEVIEW@F11VIEWMANAGER
  40B9E8 SETSORT@F11VIEWMANAGERUc
  40BA14 SETORDER@F11VIEWMANAGERsb
  40BAA4 SETFREEELEMENT@F11VIEWMANAGER
  40BB20 SETFILTER@F11VIEWMANAGERsbsb
  40BC5C SETFILTER@F11VIEWMANAGERsb
  40BCA4 SAVEBUFFERS@F11VIEWMANAGER
  40BD54 RESTOREBUFFERS@F11VIEWMANAGER
  40BDBC RESET@F11VIEWMANAGER
  40BDC8 RESET@F11VIEWMANAGERUc
  40BE10 PRIMERECORD@F11VIEWMANAGERUc
  40BF54 PREVIOUS@F11VIEWMANAGER
  40BFB8 OPEN@F11VIEWMANAGER
  40C034 NEXT@F11VIEWMANAGER
  40C098 KILL@F11VIEWMANAGER
  40C1F0 GETFIELDASCENDING@F11VIEWMANAGERRu
  40C554 INIT@F11VIEWMANAGERBi15RELATIONMANAGER9SORTORDER
  40C5B4 GETFREEELEMENTPOSITION@F11VIEWMANAGER
  40C60C GETFREEELEMENTNAME@F11VIEWMANAGER
  40C660 GETFREEELEMENTASCENDING@F11VIEWMANAGER
  40C6B8 CLEARFILESRECORD@F11VIEWMANAGER
  40C770 CLOSE@F11VIEWMANAGERUc
  40C78C CLOSE@F11VIEWMANAGER
  40C798 APPLYRANGE@F11VIEWMANAGER
  40C964 APPLYORDER@F11VIEWMANAGER
  40C9BC APPLYFILTER@F11VIEWMANAGER
  40CF20 APPENDORDER@F11VIEWMANAGERsb
  40D000 ADDSORTORDER@F11VIEWMANAGERBk
  40D0CC ADDRANGE@F11VIEWMANAGERRu15RELATIONMANAGER15RELATIONMANAGER
  40D0F4 DESTRUCT@F11VIEWMANAGER
  40D108 DEFEREDADDRELATIONS@F15RELATIONMANAGER
  40D10C UPDATESECONDARY@F15RELATIONMANAGERBk18BUFFEREDPAIRSCLASSUc
  40D29C UPDATE@F15RELATIONMANAGERUc
  40D4B0 INSERT@F15RELATIONMANAGER
  40D608 SETQUICKSCAN@F15RELATIONMANAGERUcUc
  40D714 SAVE@F15RELATIONMANAGER
  40D75C FORCEOPEN@F15RELATIONMANAGERUc
  40D76C OPEN@F15RELATIONMANAGERUc
  40D794 OPENCLOSESERVER@F15RELATIONMANAGERUcUc
  40D918 LOGOUTINSERT@F15RELATIONMANAGER
  40D9AC LOGOUTUPDATE@F15RELATIONMANAGER
  40DA18 LOGOUTPRIME@F15RELATIONMANAGER
  40DAF8 LOGOUTDELETE@F15RELATIONMANAGER
  40DB74 LISTLINKINGFIELDS@F15RELATIONMANAGER15RELATIONMANAGER15FIELDPAIRSCLASSUc
  40DCE4 KILL@F15RELATIONMANAGER
  40DD68 INIT@F15RELATIONMANAGER11FILEMANAGERUc
  40DDA0 DELETESECONDARY@F15RELATIONMANAGERBk18BUFFEREDPAIRSCLASSUcUc
  40E038 DELETE@F15RELATIONMANAGERUc
  40E284 CLOSE@F15RELATIONMANAGERUc
  40E290 CASCADEUPDATES@F15RELATIONMANAGER
  40E36C CANCELAUTOINC@F15RELATIONMANAGER
  40E380 ADDRELATIONLINK@F15RELATIONMANAGERRsbRsb
  40E3E8 ADDRELATION@F15RELATIONMANAGER15RELATIONMANAGERUcUcBk
  40E448 ADDRELATION@F15RELATIONMANAGER15RELATIONMANAGER
  40E474 DEFEREDRELATIONS@F15RELATIONMANAGER
  40E49C CONSTRUCT@F15RELATIONMANAGER
  40E4A4 FUNCTIONCALLED_@_FILECALLBACKINTERFACE_@_FILEMANAGER@F21FILECALLBACKINTERFACEl6PARAMSRscRsc
  40E550 FUNCTIONDONE_@_FILECALLBACKINTERFACE_@_FILEMANAGER@F21FILECALLBACKINTERFACEl6PARAMSRscRsc
  40E69C POSTCREATE@F11FILEMANAGERRscRsc
  40E6A4 PRECREATE@F11FILEMANAGERRscRsc
  40E6AC POSTFETCH@F11FILEMANAGERlBksbllRscRsc
  40E6D0 PREFETCH@F11FILEMANAGERlBksbllRscRsc
  40E6F4 POSTUPDATE@F11FILEMANAGERRscRsc
  40E6FC PREUPDATE@F11FILEMANAGERllRscRsc
  40E704 POSTINSERT@F11FILEMANAGERRscRsc
  40E70C PREINSERT@F11FILEMANAGERllRscRsc
  40E714 POSTDELETE@F11FILEMANAGERRscRsc
  40E71C PREDELETE@F11FILEMANAGERRscRsc
  40E724 FUNCTIONDONE@F11FILEMANAGERl6PARAMSRscRsc
  40E858 FUNCTIONCALLED@F11FILEMANAGERl6PARAMSRscRsc
  40E9BC GETHASAUTOINC@F11FILEMANAGER
  40E9C4 GETAUTOINCDONE@F11FILEMANAGER
  40E9CC GETMRPSIZE@F11FILEMANAGER
  40E9D4 SETMRPSIZE@F11FILEMANAGERUc
  40E9DC GETUSEMRP@F11FILEMANAGER
  40E9E4 SETUSEMRP@F11FILEMANAGERUc
  40E9EC DELETED@F11FILEMANAGER
  40E9F0 DELETERECORD@F11FILEMANAGERUc
  40EA44 VALIDATERECORD@F11FILEMANAGERPl
  40EAFC VALIDATEFIELDS@F11FILEMANAGERllPl
  40EBB8 VALIDATEFIELDSERVER@F11FILEMANAGERlUc
  40EC24 TRYVALIDATEFIELD@F11FILEMANAGERl
  40EC34 VALIDATEFIELD@F11FILEMANAGERl
  40EC44 USEFILE@F11FILEMANAGERUc
  40ED38 UPDATESERVER@F11FILEMANAGERUc
  40EE30 UPDATE@F11FILEMANAGER
  40EE3C TRYUPDATE@F11FILEMANAGER
  40EE48 TRYREGET@F11FILEMANAGERsb
  40EEF0 TRYPRIMEAUTOINC@F11FILEMANAGER
  40EEFC TRYPREVIOUS@F11FILEMANAGER
  40EF0C TRYOPEN@F11FILEMANAGER
  40EF1C TRYNEXT@F11FILEMANAGER
  40EF2C TRYINSERT@F11FILEMANAGER
  40EF38 TRYFETCH@F11FILEMANAGERBk
  40EF80 THROWMESSAGE@F11FILEMANAGERUssb
  40EFD4 THROW@F11FILEMANAGER
  40EFF8 THROW@F11FILEMANAGERUs
  40F010 SETKEY@F11FILEMANAGERBk
  40F068 SETERRORS@F11FILEMANAGER10ERRORCLASS
  40F06C SETERROR@F11FILEMANAGERUs
  40F084 SAVEFILE@F11FILEMANAGER
  40F1A0 SAVEBUFFER@F11FILEMANAGER
  40F2F8 RESTOREFILE@F11FILEMANAGERRUs11FILEMANAGERUc
  40F428 RESTOREFILE@F11FILEMANAGERRUsUc
  40F438 RESTOREBUFFER@F11FILEMANAGERRUs11FILEMANAGERUc
  40F5A8 RESTOREBUFFER@F11FILEMANAGERRUsUc
  40F5B8 PRIMERECORD@F11FILEMANAGERUc
  40F6C4 PRIMEFIELDS@F11FILEMANAGER
  40F6C8 PRIMEAUTOINCSERVER@F11FILEMANAGERUc
  40FC78 PRIMEAUTOINC@F11FILEMANAGER
  40FC84 PREVIOUS@F11FILEMANAGER
  40FC94 POSITION@F11FILEMANAGER
  40FD14 OPENSERVER@F11FILEMANAGERUcUc
  40FD74 OPENFILE@F11FILEMANAGERUc
  40FF94 OPEN@F11FILEMANAGER
  40FFA4 NEXTSERVER@F11FILEMANAGERUcUc
  4100C0 NEXT@F11FILEMANAGER
  4100D0 KILL@F11FILEMANAGER
  410114 KEYTOORDER@F11FILEMANAGERBkUc
  410260 ISOPENED@F11FILEMANAGER
  410280 INSERTSERVER@F11FILEMANAGERUc
  410498 INSERT@F11FILEMANAGER
  4104A4 INIT@F11FILEMANAGERBf10ERRORCLASS
  410584 INIT@F11FILEMANAGER
  4105C0 GETOPENED@F11FILEMANAGER
  4105C8 GETNAME@F11FILEMANAGER
  410650 GETFIELDNAME@F11FILEMANAGERBkUc
  4106A0 GETFIELDASCENDING@F11FILEMANAGERBkUc
  4106D4 GETFIELD@F11FILEMANAGERBkUc
  410710 GETEOF@F11FILEMANAGER
  410718 GETCOMPONENTS@F11FILEMANAGERBk
  410734 FETCH@F11FILEMANAGERBk
  41076C EQUALBUFFER@F11FILEMANAGERRUs
  4108A8 CLOSE@F11FILEMANAGER
  41093C CLEARKEY@F11FILEMANAGERBkUcUcUc
  4109EC CANCELAUTOINC@F11FILEMANAGER15RELATIONMANAGER
  410A5C BINDFIELDS@F11FILEMANAGER
  410A80 ADDKEY@F11FILEMANAGERBksbUc
  410D78 DESTRUCT@F11FILEMANAGER
  410DAC SETOPTION@F10FUZZYCLASSUcUc
  410E10 KILL@F10FUZZYCLASS
  410E14 INIT@F10FUZZYCLASS
  410E28 CONSTRUCT@F10FUZZYCLASS
  41119C TOOLBOX@F10POPUPCLASSsb
  411228 SETTRANSLATOR@F10POPUPCLASS15TRANSLATORCLASS
  411238 SETTOOLBOX@F10POPUPCLASSsbUc
  4112A4 SETICON@F10POPUPCLASSsbsb
  41131C SETITEMENABLE@F10POPUPCLASSsbUc
  4113C8 SETITEMCHECK@F10POPUPCLASSsbUc
  411474 SETITEM@F10POPUPCLASSllsbsb
  411690 RESETTOOLBOX@F10POPUPCLASS
  411A98 LOCATENAME@F10POPUPCLASSsb
  411B1C KILL@F10POPUPCLASS
  411B38 INIT@F10POPUPCLASS
  411B6C GETNAME@F10POPUPCLASSl
  411C94 GETMENUTEXT@F10POPUPCLASS
  411F7C GETLASTSELECTION@F10POPUPCLASS
  411F8C GETITEMS@F10POPUPCLASSUc
  412038 EXECUTEPOPUP@F10POPUPCLASSsbllUc
  412110 EMPTYITEMS@F10POPUPCLASS
  41211C DELETEITEM@F10POPUPCLASSsb
  412164 CHECKMIMICS@F10POPUPCLASS
  412324 ASKTOOLBOX@F10POPUPCLASSsb
  4127C8 ASK@F10POPUPCLASSllUc
  412924 ASK@F10POPUPCLASSll
  412934 ADDSUBMENU@F10POPUPCLASSsbsbsb
  4129F4 ADDSUBMENU@F10POPUPCLASSsbsb
  412A5C ADDMENU@F10POPUPCLASSsbUc
  412BB8 ADDITEMMIMIC@F10POPUPCLASSsblOsb
  412C98 ADDITEMEVENT@F10POPUPCLASSsbll
  412D7C ADDITEM@F10POPUPCLASSsbsbsbUc
  412E10 ADDITEM@F10POPUPCLASSsbsb
  412E80 ADDITEM@F10POPUPCLASSsb
  4138DC CLEARQUERY@F10QUERYCLASS
  413984 GETQUERIES@F10QUERYCLASS11SECTORQUEUE
  413A24 RESTORE@F10QUERYCLASSsb
  4141B8 TAKE@F10QUERYCLASS10POPUPCLASS
  414258 SAVE@F10QUERYCLASSsb
  4143B4 SETQUICKPOPUP@F10QUERYCLASS10POPUPCLASSUs
  41496C QUOTE@F10QUERYCLASSsb
  414A50 GETLIMIT@F10QUERYCLASSRscRscRUcUcRsc
  415014 GETFILTER@F10QUERYCLASS
  415520 MAKEOPERATOR@FsbsbRscRsc
  4158EC MAKEOPERATOR@Fsbsb
  4161CC SETPOSITION@F16PAGEMANAGERCLASSlllll
  416284 SETCENTRE@F16PAGEMANAGERCLASSlUcUc
  4162E8 KILL@F16PAGEMANAGERCLASS
  416344 INIT@F16PAGEMANAGERCLASS17PRINTPREVIEWCLASSllRsb
  416460 HIGHLIGHT@F16PAGEMANAGERCLASSl
  4164E0 GETPROP@F16PAGEMANAGERCLASSll
  416540 EXISTS@F16PAGEMANAGERCLASSl
  41655C DRAW@F16PAGEMANAGERCLASSll
  416C5C DELETE@F16PAGEMANAGERCLASSl
  416CA4 DELETE@F16PAGEMANAGERCLASS
  416CC4 COORDCONTAINED@F16PAGEMANAGERCLASSll
  416DD8 TAKEWINDOWEVENT@F13REPORTMANAGER
  416FF8 TAKERECORD@F13REPORTMANAGER
  417118 TAKENORECORDS@F13REPORTMANAGER
  417128 TAKECLOSEEVENT@F13REPORTMANAGER
  417328 TAKEACCEPTED@F13REPORTMANAGER
  417358 SETDYNAMICCONTROLSATTRIBUTES@F13REPORTMANAGER
  41735C SETSTATICCONTROLSATTRIBUTES@F13REPORTMANAGER
  417360 PROCESSRESULTFILES@F13REPORTMANAGER15OUTPUTFILEQUEUE
  417364 OPENREPORT@F13REPORTMANAGER
  4174A8 OPEN@F13REPORTMANAGER
  417518 KILL@F13REPORTMANAGER
  41761C INIT@F13REPORTMANAGER12PROCESSCLASSBr17PRINTPREVIEWCLASS
  417754 NEXT@F13REPORTMANAGER
  4177D0 CANCELPRINTREPORT@F13REPORTMANAGER
  41780C PRINTREPORT@F13REPORTMANAGER
  417A90 ENDREPORT@F13REPORTMANAGER
  417AC8 GETTOTALPAGES@F13REPORTMANAGER
  417AD4 FETCHPAGE@F13REPORTMANAGERl
  417B24 ASKPREVIEW@F13REPORTMANAGER
  417BEC ASK@F13REPORTMANAGER
  417C40 GETOPENOUTPUTWHENFINISH@F13REPORTMANAGER
  417C48 SETOPENOUTPUTWHENFINISH@F13REPORTMANAGERUc
  417C50 GETUSEMRP@F13REPORTMANAGER
  417C58 SETUSEMRP@F13REPORTMANAGERUc
  417C60 TAKECURRENTPAGE@F17PRINTPREVIEWCLASS
  417E40 TAKEFIELDEVENT@F17PRINTPREVIEWCLASS
  417E98 TAKEWINDOWEVENT@F17PRINTPREVIEWCLASS
  417EB4 TAKEEVENT@F17PRINTPREVIEWCLASS
  418548 TAKEACCEPTED@F17PRINTPREVIEWCLASS
  418A0C SYNCIMAGEQUEUE@F17PRINTPREVIEWCLASS
  418A4C SETINIMANAGER@F17PRINTPREVIEWCLASS8INICLASS
  418A54 SETDEFAULTPAGES@F17PRINTPREVIEWCLASS
  418A9C RESETUSERZOOM@F17PRINTPREVIEWCLASS
  418B40 PROCESSRESULTFILES@F17PRINTPREVIEWCLASS15OUTPUTFILEQUEUE
  418B44 PARSEIMAGES@F17PRINTPREVIEWCLASSl
  418BF0 ONPROCESSFILES@F17PRINTPREVIEWCLASS
  418C30 ONSAVEAS@F17PRINTPREVIEWCLASS
  418C80 OPEN@F17PRINTPREVIEWCLASS
  418FD8 NEWZOOM@F17PRINTPREVIEWCLASS
  418FF4 KILL@F17PRINTPREVIEWCLASS
  419094 INPAGELIST@F17PRINTPREVIEWCLASSl
  4192A0 INITWINDOWPOSITION@F17PRINTPREVIEWCLASSBw
  4193C8 INIT@F17PRINTPREVIEWCLASS12PREVIEWQUEUE25REPORTTARGETSELECTORCLASS17WMFDOCUMENTPARSER
  4193E0 INIT@F17PRINTPREVIEWCLASS12PREVIEWQUEUE
  4195E8 DRAWPAGE@F17PRINTPREVIEWCLASS
  419690 DISPLAY@F17PRINTPREVIEWCLASSslUsUs
  4199B4 DELETEIMAGEQUEUE@F17PRINTPREVIEWCLASSl
  419A0C CONFIGMENUCHECKS@F17PRINTPREVIEWCLASS
  419A94 ASKTHUMBNAILS@F17PRINTPREVIEWCLASS
  419B90 ASKPRINTPAGES@F17PRINTPREVIEWCLASS
  419D54 ASKPAGE@F17PRINTPREVIEWCLASS
  419E8C CHILDPROCESSINGEND@F12PROCESSCLASSUs
  419E94 CHILDPROCESSINGSTART@F12PROCESSCLASSUs
  419EC8 UPDATEDISPLAY@F12PROCESSCLASS
  419F44 TAKERECORD@F12PROCESSCLASS
  419F48 TAKELOCATE@F12PROCESSCLASS
  419F78 TAKEACCEPTED@F12PROCESSCLASS
  419F7C SETPROGRESSLIMITS@F12PROCESSCLASSsbsb
  41A054 SETPROGRESSLIMITS@F12PROCESSCLASS
  41A124 RESET@F12PROCESSCLASS
  41A1B0 NEXT@F12PROCESSCLASSUc
  41A444 KILL@F12PROCESSCLASS
  41A49C INIT@F12PROCESSCLASSBi15RELATIONMANAGERlPUc9STEPCLASSRu
  41A4E4 INIT@F12PROCESSCLASSBi15RELATIONMANAGERlPUcl
  41A6EC SETPRIORITIES@F17WINDOWRESIZECLASS13POSITIONGROUP
  41A738 SETSIZE@F17WINDOWRESIZECLASSl13POSITIONGROUP
  41A7EC GETSIZEINFO@F17WINDOWRESIZECLASSl13POSITIONGROUP
  41A900 RESTORECONTROLS@F17WINDOWRESIZECLASS
  41A954 TAKERESIZE@F17WINDOWRESIZECLASS
  41A95C SETPOSITION@F17WINDOWRESIZECLASSl13POSITIONGROUP13POSITIONGROUP13POSITIONGROUP13POSITIONGROUP
  41B040 SETPARENTDEFAULT@F17WINDOWRESIZECLASS
  41B32C SETPARENTDEFAULTS@F17WINDOWRESIZECLASS
  41B368 SETPARENTCONTROL@F17WINDOWRESIZECLASSll
  41B3DC RESTOREWINDOW@F17WINDOWRESIZECLASS
  41B488 WINDOWRESIZEEND@F17WINDOWRESIZECLASS
  41B48C WINDOWRESIZEBEGIN@F17WINDOWRESIZECLASS
  41B490 RESIZECHILDREN@F17WINDOWRESIZECLASSl13POSITIONGROUP13POSITIONGROUP
  41B658 RESIZE@F17WINDOWRESIZECLASSl
  41B990 RESIZE@F17WINDOWRESIZECLASS
  41B9A0 RESET@F17WINDOWRESIZECLASS
  41BC90 KILL@F17WINDOWRESIZECLASS
  41BD1C INIT@F17WINDOWRESIZECLASSUcUcUc
  41BF2C GETCURRENTPOS@F17WINDOWRESIZECLASSl13POSITIONGROUP
  41BF68 GETORIGPOS@F17WINDOWRESIZECLASSl13POSITIONGROUP
  41BFB8 GETRESIZESTRATEGY@F17WINDOWRESIZECLASSsOUc
  41C138 GETPOSITIONSTRATEGY@F17WINDOWRESIZECLASSsOUc
  41C2B0 GETPARENTCONTROL@F17WINDOWRESIZECLASSl
  41C2D4 INIT@F22REPORTATTRIBUTEMANAGERBr
  41C2D8 DESTRUCT@F22REPORTATTRIBUTEMANAGER
  41C2F8 CONSTRUCT@F22REPORTATTRIBUTEMANAGER
  41C94C DESTRUCT@F25REPORTTARGETSELECTORCLASS
  41C96C CONSTRUCT@F25REPORTTARGETSELECTORCLASS
  41C98C GETREPORTDEFAULT@F25REPORTTARGETSELECTORCLASS
  41C9CC GETREPORTSELECTED@F25REPORTTARGETSELECTORCLASS
  41CA30 GETDEFAULTITEMINDEX@F25REPORTTARGETSELECTORCLASS
  41CA34 GETSELECTEDITEMINDEX@F25REPORTTARGETSELECTORCLASS
  41CA38 SETDEFAULTOUTPUTGENERATOR@F25REPORTTARGETSELECTORCLASSsb
  41CA7C GETOUTPUTGENERATORINDEX@F25REPORTTARGETSELECTORCLASSsb
  41CB5C SETSELECTEDOUTPUTGENERATOR@F25REPORTTARGETSELECTORCLASSsb
  41CC10 GETOUTPUTGENERATOR@F25REPORTTARGETSELECTORCLASSsb
  41CC68 GETOUTPUTGENERATORNAME@F25REPORTTARGETSELECTORCLASSsUc
  41CCE4 FILLQUEUE@F25REPORTTARGETSELECTORCLASSBqUc
  41CDB0 GETPRINTSELECTED@F25REPORTTARGETSELECTORCLASS
  41CDC0 ITEM@F25REPORTTARGETSELECTORCLASSsUc
  41CEB0 ITEMS@F25REPORTTARGETSELECTORCLASSUc
  41CF10 ASK@F25REPORTTARGETSELECTORCLASSUcUc
  41D1A8 ADDITEM@F25REPORTTARGETSELECTORCLASS22IOUTPUTGENERATORTARGETUc
  41D1C8 TAKEEVENT@F12TOOLBARCLASSPl13WINDOWMANAGER
  41D1F4 SETTARGET@F12TOOLBARCLASSl
  41D29C KILL@F12TOOLBARCLASS
  41D2B4 INIT@F12TOOLBARCLASS
  41D2D4 DISPLAYBUTTONS@F12TOOLBARCLASS
  41D2FC UPDATEQUEUE@F8INICLASSsbsbBqRuPuPuPu
  41D520 UPDATE@F8INICLASSsbsbsb
  41D5DC UPDATE@F8INICLASSsbBw
  41D7BC UPDATE@F8INICLASS
  41D7C0 TRYFETCH@F8INICLASSsbsb
  41D838 REMOVE@F8INICLASSsbsb
  41D9A0 KILL@F8INICLASS
  41DAD8 INIT@F8INICLASSsbll
  41DBF0 GETSECTORS@F8INICLASSOsbOsbOsb11SECTORQUEUE
  41DE00 GETSECTOR@F8INICLASSsbsbsb
  41DEF0 GETFAMILY@F8INICLASSsbRscRscRsc
  41E074 FETCHQUEUE@F8INICLASSsbsbBqRuPuPuPu
  41E2E8 FETCHFIELD@F8INICLASSsbsbUc
  41E428 FETCH@F8INICLASSsbsbRu
  41E4EC FETCH@F8INICLASSsbBw
  41E74C FETCH@F8INICLASSsbsb
  41E824 FETCH@F8INICLASS
  41E828 ADDSECTOR@F8INICLASSsb
  41E908 UPDATEWINDOWINFO@F8INICLASSsb10WINDOWINFO
  41EB74 FETCHWINDOWINFO@F8INICLASSsb10WINDOWINFO
  41EDEC UPDATE@F8INICLASSsbsbsbsb
  41EFD8 FETCH@F8INICLASSsbsbsbsb
  41F1FC DESTRUCT@F8INICLASS
  41F218 CONSTRUCT@F8INICLASS
  41F22C KILL@F18BUFFEREDPAIRSCLASS
  41F2A8 INIT@F18BUFFEREDPAIRSCLASS
  41F2C8 EQUALRIGHTBUFFER@F18BUFFEREDPAIRSCLASSUc
  41F358 EQUALLEFTBUFFER@F18BUFFEREDPAIRSCLASSUc
  41F3E4 EQUALRIGHTBUFFER@F18BUFFEREDPAIRSCLASS
  41F3F0 EQUALLEFTBUFFER@F18BUFFEREDPAIRSCLASS
  41F3FC ASSIGNRIGHTTOBUFFER@F18BUFFEREDPAIRSCLASS
  41F444 ASSIGNLEFTTOBUFFER@F18BUFFEREDPAIRSCLASS
  41F488 ASSIGNBUFFERTORIGHT@F18BUFFEREDPAIRSCLASS
  41F4D0 ASSIGNBUFFERTOLEFT@F18BUFFEREDPAIRSCLASS
  41F514 ADDPAIR@F18BUFFEREDPAIRSCLASSRuRu
  41F5B4 INIT@F15FIELDPAIRSCLASS
  41F5D0 KILL@F15FIELDPAIRSCLASS
  41F634 EQUALLEFTRIGHT@F15FIELDPAIRSCLASS
  41F684 EQUAL@F15FIELDPAIRSCLASS
  41F68C CLEARRIGHT@F15FIELDPAIRSCLASS
  41F6C8 CLEARLEFT@F15FIELDPAIRSCLASS
  41F700 ASSIGNRIGHTTOLEFT@F15FIELDPAIRSCLASS
  41F744 ASSIGNLEFTTORIGHT@F15FIELDPAIRSCLASS
  41F788 ADDPAIR@F15FIELDPAIRSCLASSRuRu
  41F7CC NEXT@F13CONSTANTCLASS
  41F988 SET@F13CONSTANTCLASSRsb
  41F9DC RESET@F13CONSTANTCLASS
  41FA2C KILL@F13CONSTANTCLASS
  41FA8C INIT@F13CONSTANTCLASSUc
  41FAD0 GETCSTRING@F13CONSTANTCLASS
  41FB50 GETPSTRING@F13CONSTANTCLASS
  41FBDC GETLONG@F13CONSTANTCLASS
  41FC00 GETUSHORT@F13CONSTANTCLASS
  41FC28 GETSHORT@F13CONSTANTCLASS
  41FC30 GETBYTE@F13CONSTANTCLASS
  41FC44 ADDITEM@F13CONSTANTCLASSUcRu
  41FC80 CONSTRUCT@F13CONSTANTCLASS
  41FC98 REMOVEDOLLAR@Fsb
  41FD6C ADDDOLLAR@Fsb
  41FEF0 ONCLOSEEVENTCANCELLED@F13WINDOWMANAGER
  41FF08 SAVEONINSERTACTION@F13WINDOWMANAGER
  41FFAC SAVEONCHANGEACTION@F13WINDOWMANAGER
  4200C4 DELETEACTION@F13WINDOWMANAGER
  420278 CHANGEACTION@F13WINDOWMANAGER
  4205E8 INSERTACTION@F13WINDOWMANAGER
  4207D8 TAKEDISABLEBUTTON@F13WINDOWMANAGERlUc
  420800 UPDATE@F13WINDOWMANAGER
  42083C TAKEWINDOWEVENT@F13WINDOWMANAGER
  420A64 TAKESELECTED@F13WINDOWMANAGER
  420A68 TAKEREJECTED@F13WINDOWMANAGER
  420AA4 TAKENOTIFY@F13WINDOWMANAGERlll
  420AA8 TAKENEWSELECTION@F13WINDOWMANAGER
  420B28 TAKEFIELDEVENT@F13WINDOWMANAGER
  420B2C TAKEEVENT@F13WINDOWMANAGER
  420CE0 TAKECLOSEEVENT@F13WINDOWMANAGER
  420E60 TAKECOMPLETED@F13WINDOWMANAGER
  420F38 TAKEACCEPTED@F13WINDOWMANAGER
  421024 SETRESPONSE@F13WINDOWMANAGERUc
  421070 SETALERTS@F13WINDOWMANAGER
  421120 SAVEHISTORY@F13WINDOWMANAGER
  4211C8 RUN@F13WINDOWMANAGERUsUc
  4211CC RUN@F13WINDOWMANAGER
  421218 RESTOREFIELD@F13WINDOWMANAGERl
  4212EC RESETBUFFERS@F13WINDOWMANAGERUc
  421350 RESET@F13WINDOWMANAGERUc
  4213D8 PRIMEUPDATE@F13WINDOWMANAGER
  42151C PRIMEFIELDS@F13WINDOWMANAGER
  421520 POSTCOMPLETED@F13WINDOWMANAGER
  4215B8 OPEN@F13WINDOWMANAGERBwBw
  421600 OPEN@F13WINDOWMANAGER
  421644 MODALEVENT@F13WINDOWMANAGER
  421728 KILL@F13WINDOWMANAGER
  42187C INIT@F13WINDOWMANAGER
  4218F8 REMOVEITEM@F13WINDOWMANAGER15WINDOWCOMPONENT
  421930 ASK@F13WINDOWMANAGER
  421994 ADDUPDATEFILE@F13WINDOWMANAGER11FILEMANAGER
  4219D4 ADDITEM@F13WINDOWMANAGER17WINDOWRESIZECLASS
  4219DC ADDITEM@F13WINDOWMANAGER15WINDOWCOMPONENT
  421A08 ADDITEM@F13WINDOWMANAGER12TOOLBARCLASS
  421A1C ADDITEM@F13WINDOWMANAGERlUc
  421A40 ADDITEM@F13WINDOWMANAGER11BROWSECLASS
  421A68 ADDHISTORYFILE@F13WINDOWMANAGERRgRg
  421AC0 ADDHISTORYFIELD@F13WINDOWMANAGERll
  421AE8 DISABLECANCELCONTROLS@F13WINDOWMANAGER
  421B40 ENABLECANCELCONTROLS@F13WINDOWMANAGER
  421D6C PROCESSDOCUMENT@F17WMFDOCUMENTPARSER
  421E1C OPENDOCUMENT@F17WMFDOCUMENTPARSER
  421E88 CLOSEDOCUMENT@F17WMFDOCUMENTPARSER
  421EC8 INIT@F17WMFDOCUMENTPARSER12PREVIEWQUEUE16IREPORTGENERATOR10ERRORCLASS
  421F60 GENERATEREPORT@F17WMFDOCUMENTPARSERUc
  4222FC TAKERECORD@F9WMFPARSER
  426B80 PROCESSFILE@F9WMFPARSER
  426BA0 PROCESSHEADER@F9WMFPARSER
  426D74 ADDOBJECT@F9WMFPARSERUc
  426E14 CLOSEFILE@F9WMFPARSER
  426E54 RUN@F9WMFPARSER
  426E5C OPENFILE@F9WMFPARSER
  426F20 KILL@F9WMFPARSER
  426F88 INIT@F9WMFPARSERsb16IREPORTGENERATOR10ERRORCLASS
  427054 GETBOXBOTTOM@F9WMFPARSER
  42705C GETBOXRIGHT@F9WMFPARSER
  427064 GETBOXTOP@F9WMFPARSER
  42706C GETBOXLEFT@F9WMFPARSER
  427074 DESTRUCT@F9WMFPARSER
  427158 CONSTRUCT@F9WMFPARSER
  427280 GETIFACE@F15CRITICALSECTION
  427284 RELEASE@F15CRITICALSECTION
  427298 WAIT@F15CRITICALSECTION
  4272AC DESTRUCT@F15CRITICALSECTION
  4272C0 CONSTRUCT@F15CRITICALSECTION
  4272D4 KILL@F17CRITICALPROCEDURE
  4272F8 INIT@F17CRITICALPROCEDURE11ISYNCOBJECT
  427318 DESTRUCT@F17CRITICALPROCEDURE
  427320 CONSTRUCT@F17CRITICALPROCEDURE
  429B3C EMPLOYEESAPP001$BROWSEQUALIFICATION@F
  429D44 EMPLOYEESAPP001$REPORTBENEFITS@F
  429F04 EMPLOYEESAPP001$BROWSEBENEFITS@F
  42A10C EMPLOYEESAPP001$REPORTSALARY@F
  42A2C8 EMPLOYEESAPP001$BROWSESALARY@F
  42A4D0 EMPLOYEESAPP001$REPORTPHONES@F
  42A68C EMPLOYEESAPP001$BROWSEPHONES@F
  42A894 EMPLOYEESAPP001$REPORTEMPLOYEES@F
  42AA74 EMPLOYEESAPP001$BROWSEEMPLOYEES@F
  42AC7C MAIN@F
  42D7D4 EMPLOYEESAPP002$REPORTLINKEMPLOYEEQUALIFICATIONBYLIN2:EMPLOYEEGUIDKEY@F
  42D9B0 EMPLOYEESAPP002$REPORTLINKEMPLOYEEQUALIFICATIONBYLIN2:GUIDKEY@F
  42DB8C EMPLOYEESAPP002$BROWSELINKEMPLOYEEQUALIFICATION@F
  42DE64 EMPLOYEESAPP002$REPORTLINKBENEFITSEMPLOYEEBYLIN:EMPLOYEEGUIDKEY@F
  42E040 EMPLOYEESAPP002$REPORTLINKBENEFITSEMPLOYEEBYLIN:BENEFITSGUIDKEY@F
  42E21C EMPLOYEESAPP002$REPORTLINKBENEFITSEMPLOYEEBYLIN:GUIDKEY@F
  42E3F8 EMPLOYEESAPP002$BROWSELINKBENEFITSEMPLOYEE@F
  42E6AC EMPLOYEESAPP002$REPORTSCHOOLS@F
  42E868 EMPLOYEESAPP002$BROWSESCHOOLS@F
  42EA70 EMPLOYEESAPP002$REPORTQUALIFICATION@F
  431178 EMPLOYEESAPP003$UPDATESCHOOLS@F
  43131C EMPLOYEESAPP003$UPDATEQUALIFICATION@F
  4314C4 EMPLOYEESAPP003$UPDATEBENEFITS@F
  43166C EMPLOYEESAPP003$UPDATESALARY@F
  431810 EMPLOYEESAPP003$UPDATEPHONES@F
  4319B4 EMPLOYEESAPP003$SELECTEMPLOYEES@F
  431BBC EMPLOYEESAPP003$UPDATEEMPLOYEES@F
  431D84 EMPLOYEESAPP003$REPORTLINKEMPLOYEEQUALIFICATIONBYLIN2:QUALIFICATIONGUIDKEY@F
  432E98 EMPLOYEESAPP004$WINDOW_INFO@FBw
  432EE0 EMPLOYEESAPP004$EXPORT_FILE@FBf
  432F20 EMPLOYEESAPP004$UPDATELINKEMPLOYEEQUALIFICATION@F
  4330B0 EMPLOYEESAPP004$SELECTQUALIFICATION@F
  4332B8 EMPLOYEESAPP004$UPDATELINKBENEFITSEMPLOYEE@F
  433448 EMPLOYEESAPP004$SELECTBENEFITS@F
  433A44 KILL@F37HIDE:RELATE:LINKEMPLOYEEQUALIFICATION
  433A8C DEFEREDADDRELATIONS@F37HIDE:RELATE:LINKEMPLOYEEQUALIFICATION
  433AAC INIT@F37HIDE:RELATE:LINKEMPLOYEEQUALIFICATION
  433AE4 USEFILE@F37HIDE:ACCESS:LINKEMPLOYEEQUALIFICATIONUc
  433BE0 PRIMEFIELDS@F37HIDE:ACCESS:LINKEMPLOYEEQUALIFICATION
  433C88 KILL@F37HIDE:ACCESS:LINKEMPLOYEEQUALIFICATION
  433CA8 INIT@F37HIDE:ACCESS:LINKEMPLOYEEQUALIFICATION
  433D28 KILL@F32HIDE:RELATE:LINKBENEFITSEMPLOYEE
  433D70 DEFEREDADDRELATIONS@F32HIDE:RELATE:LINKBENEFITSEMPLOYEE
  433D90 INIT@F32HIDE:RELATE:LINKBENEFITSEMPLOYEE
  433DC8 USEFILE@F32HIDE:ACCESS:LINKBENEFITSEMPLOYEEUc
  433EC4 PRIMEFIELDS@F32HIDE:ACCESS:LINKBENEFITSEMPLOYEE
  433F6C KILL@F32HIDE:ACCESS:LINKBENEFITSEMPLOYEE
  433F8C INIT@F32HIDE:ACCESS:LINKBENEFITSEMPLOYEE
  43400C KILL@F19HIDE:RELATE:SCHOOLS
  434054 DEFEREDADDRELATIONS@F19HIDE:RELATE:SCHOOLS
  434074 INIT@F19HIDE:RELATE:SCHOOLS
  4340AC USEFILE@F19HIDE:ACCESS:SCHOOLSUc
  434178 PRIMEFIELDS@F19HIDE:ACCESS:SCHOOLS
  4341F8 KILL@F19HIDE:ACCESS:SCHOOLS
  434218 INIT@F19HIDE:ACCESS:SCHOOLS
  434298 KILL@F25HIDE:RELATE:QUALIFICATION
  4342E0 DEFEREDADDRELATIONS@F25HIDE:RELATE:QUALIFICATION
  434300 INIT@F25HIDE:RELATE:QUALIFICATION
  434338 USEFILE@F25HIDE:ACCESS:QUALIFICATIONUc
  434434 PRIMEFIELDS@F25HIDE:ACCESS:QUALIFICATION
  4344DC KILL@F25HIDE:ACCESS:QUALIFICATION
  4344FC INIT@F25HIDE:ACCESS:QUALIFICATION
  43457C KILL@F20HIDE:RELATE:BENEFITS
  4345C4 DEFEREDADDRELATIONS@F20HIDE:RELATE:BENEFITS
  4345E4 INIT@F20HIDE:RELATE:BENEFITS
  43461C USEFILE@F20HIDE:ACCESS:BENEFITSUc
  4346E8 PRIMEFIELDS@F20HIDE:ACCESS:BENEFITS
  43477C KILL@F20HIDE:ACCESS:BENEFITS
  43479C INIT@F20HIDE:ACCESS:BENEFITS
  43481C KILL@F18HIDE:RELATE:SALARY
  434864 DEFEREDADDRELATIONS@F18HIDE:RELATE:SALARY
  434884 INIT@F18HIDE:RELATE:SALARY
  4348BC USEFILE@F18HIDE:ACCESS:SALARYUc
  434988 PRIMEFIELDS@F18HIDE:ACCESS:SALARY
  434A04 KILL@F18HIDE:ACCESS:SALARY
  434A24 INIT@F18HIDE:ACCESS:SALARY
  434AA4 KILL@F18HIDE:RELATE:PHONES
  434AEC DEFEREDADDRELATIONS@F18HIDE:RELATE:PHONES
  434B0C INIT@F18HIDE:RELATE:PHONES
  434B44 USEFILE@F18HIDE:ACCESS:PHONESUc
  434C10 PRIMEFIELDS@F18HIDE:ACCESS:PHONES
  434CA4 KILL@F18HIDE:ACCESS:PHONES
  434CC4 INIT@F18HIDE:ACCESS:PHONES
  434D44 KILL@F21HIDE:RELATE:EMPLOYEES
  434D8C DEFEREDADDRELATIONS@F21HIDE:RELATE:EMPLOYEES
  434DAC INIT@F21HIDE:RELATE:EMPLOYEES
  434DE4 USEFILE@F21HIDE:ACCESS:EMPLOYEESUc
  434F3C PRIMEFIELDS@F21HIDE:ACCESS:EMPLOYEES
  435014 KILL@F21HIDE:ACCESS:EMPLOYEES
  435034 INIT@F21HIDE:ACCESS:EMPLOYEES
  4350B4 EMPLOYEESAPP_BC0$EMPLOYEESAPP_BC0:FILESINIT@F
  435168 EMPLOYEESAPP_BC0$EMPLOYEESAPP_BC0:DCTKILL@F
  4352B0 EMPLOYEESAPP_BC0$EMPLOYEESAPP_BC0:DCTINIT@F
  435644 DCTKILL@F
  43564C DCTINIT@F
  435658 _main
  4356F0 DESTRUCT@F10DICTIONARY
  4356F8 CONSTRUCT@F10DICTIONARY
  436148 __thr_inst0
  436158 __thr_init_entry
  436178 __thr_init_exit
  436950 SORTCASEINSENSITIVE@F14LINESGROUPTYPE14LINESGROUPTYPE
  4369C8 SORTLENGTH@F14LINESGROUPTYPE14LINESGROUPTYPE
  436A4C SORTCASESENSITIVE@F14LINESGROUPTYPE14LINESGROUPTYPE
  436A9C ASNENCODENUMBER@F12STRINGTHEORYsbl
  436B4C ASNENCODE@F12STRINGTHEORYsbOsb
  436CB0 ASNDECODE@F12STRINGTHEORYRl12STRINGTHEORYPsb
  436EA4 ENDSWITH@F12STRINGTHEORYsbll
  436FB0 STARTSWITH@F12STRINGTHEORYsbll
  43708C FORMATTIME@F12STRINGTHEORYlsb
  437F70 FORMATTIME@F12STRINGTHEORYsb
  437FF0 DEFORMATTIME@F12STRINGTHEORY
  4386D4 DEFORMATTIME@F12STRINGTHEORYsb
  43876C ISTIME@F12STRINGTHEORY
  43887C ISTIME@F12STRINGTHEORYsb
  43890C LINEENDINGS@F12STRINGTHEORYl
  438AF8 MERGEXML@F12STRINGTHEORYsbl
  438CE8 GUNZIP@F12STRINGTHEORY
  438FBC GZIP@F12STRINGTHEORYl
  439338 LOADNORMALIZE@F12STRINGTHEORY
  439460 LOADLIBS@F12STRINGTHEORY
  439654 PEEKRAM@F12STRINGTHEORYUlll
  439B10 CLEANFILENAME@F12STRINGTHEORYOsbOsb
  439CB4 URLDECODE@F12STRINGTHEORYOsbOsb
  43A0B8 URLENCODE@F12STRINGTHEORYlOsbOsbOsb
  43ABC4 URLENCODE@F12STRINGTHEORYsblsbsbsb
  43ACCC COLORFROMHEX@F12STRINGTHEORYsb
  43AEC4 COLORTOHEX@F12STRINGTHEORYll
  43AF84 FINDCHARS@F12STRINGTHEORYsbllOsb
  43B034 FINDCHARS@F12STRINGTHEORYRsbllOsb
  43B150 FINDCHAR@F12STRINGTHEORYsbllOsb
  43B24C UNQUOTE@F12STRINGTHEORYOsbOsb
  43B370 QUOTE@F12STRINGTHEORYOsbOsb
  43B51C INSERT@F12STRINGTHEORYlsb
  43B69C SETSLICE@F12STRINGTHEORYUlUlsb
  43B7D8 STR@F12STRINGTHEORYRsb
  43B830 STR@F12STRINGTHEORYsb
  43B8A4 STR@F12STRINGTHEORY
  43B8E0 REVERSEBYTEORDER@F12STRINGTHEORY
  43B8EC LITTLEENDIAN@F12STRINGTHEORYUl
  43B8F8 BIGENDIAN@F12STRINGTHEORYUl
  43B904 SWITCHENDIAN@F12STRINGTHEORYUl
  43B93C LITTLEENDIAN@F12STRINGTHEORY
  43B974 BIGENDIAN@F12STRINGTHEORY
  43B9AC _SWITCHENDIAN@F12STRINGTHEORY
  43BA00 MATCHBRACKETS@F12STRINGTHEORYsbsbl
  43BAE0 KEEPCHARS@F12STRINGTHEORYsb
  43BBDC REMOVECHARS@F12STRINGTHEORYsb
  43BCB4 ISALL@F12STRINGTHEORYsbOsbl
  43BE10 CONTAINSA@F12STRINGTHEORYsbOsbl
  43BFB4 ISALLDIGITS@F12STRINGTHEORY
  43BFF0 CONTAINSADIGIT@F12STRINGTHEORY
  43C02C SQUEEZE@F12STRINGTHEORYlOsb
  43C158 SETALL@F12STRINGTHEORYl
  43C1AC ALL@F12STRINGTHEORYl
  43C200 SETRIGHT@F12STRINGTHEORYllOsb
  43C27C RIGHT@F12STRINGTHEORYllOsb
  43C430 SETLEFT@F12STRINGTHEORYllOsb
  43C4AC LEFT@F12STRINGTHEORYllOsb
  43C690 REVERSE@F12STRINGTHEORY
  43C718 REVERSE@F12STRINGTHEORYsb
  43C7B0 TRIM@F12STRINGTHEORYOsb
  43C918 CLIP@F12STRINGTHEORY
  43C954 REMOVE@F12STRINGTHEORYsbOsblll
  43CB9C DECENTITYTOCHAR@F12STRINGTHEORY
  43CE90 HTMLENTITYTODEC@F12STRINGTHEORY
  43EC94 REMOVEXMLPREFIXES@F12STRINGTHEORY
  43ED54 REMOVEATTRIBUTES@F12STRINGTHEORYsbl
  43EED4 COUNTWORDS@F12STRINGTHEORYllOsb
  43EF90 WORDEND@F12STRINGTHEORYllOsb
  43F330 WORDSTART@F12STRINGTHEORYlllOsb
  43F5C0 GETWORD@F12STRINGTHEORYlllOsb
  43F628 FINDWORD@F12STRINGTHEORYlllRlRlOsb
  43F84C GETBYTES@F12STRINGTHEORYRusbl
  43FCAC SETBYTES@F12STRINGTHEORYRusbl
  4401D8 GETBYTES@F12STRINGTHEORYRspl
  4401F8 GETBYTES@F12STRINGTHEORYRsbl
  440218 GETBYTES@F12STRINGTHEORYRscl
  440238 GETBYTES@F12STRINGTHEORYRel
  440260 GETBYTES@F12STRINGTHEORYRdl
  440280 GETBYTES@F12STRINGTHEORYRfl
  4402A0 GETBYTES@F12STRINGTHEORYRUll
  4402C0 GETBYTES@F12STRINGTHEORYRll
  4402D4 GETBYTES@F12STRINGTHEORYRUsl
  4402F4 GETBYTES@F12STRINGTHEORYRsl
  440314 GETBYTES@F12STRINGTHEORYRUcl
  440334 SETBYTES@F12STRINGTHEORYRsp
  440358 SETBYTES@F12STRINGTHEORYRsb
  440368 SETBYTES@F12STRINGTHEORYRsc
  440388 SETBYTES@F12STRINGTHEORYRe
  4403CC SETBYTES@F12STRINGTHEORYRd
  4403E0 SETBYTES@F12STRINGTHEORYRf
  4403F4 SETBYTES@F12STRINGTHEORYRUl
  440408 SETBYTES@F12STRINGTHEORYRl
  44041C SETBYTES@F12STRINGTHEORYRUs
  440430 SETBYTES@F12STRINGTHEORYRs
  440444 SETBYTES@F12STRINGTHEORYRUc
  440458 FROMBYTES@F12STRINGTHEORYRsbRspl
  44047C FROMBYTES@F12STRINGTHEORYRsbRsbl
  4404A0 FROMBYTES@F12STRINGTHEORYRsbRscl
  4404C4 FROMBYTES@F12STRINGTHEORYRsbRel
  440510 FROMBYTES@F12STRINGTHEORYRsbRdl
  440548 FROMBYTES@F12STRINGTHEORYRsbRfl
  440580 FROMBYTES@F12STRINGTHEORYRsbRUll
  4405B8 FROMBYTES@F12STRINGTHEORYRsbRll
  4405F0 FROMBYTES@F12STRINGTHEORYRsbRUsl
  440628 FROMBYTES@F12STRINGTHEORYRsbRsl
  440660 FROMBYTES@F12STRINGTHEORYRsbRUcl
  440698 TOBYTES@F12STRINGTHEORYRsbRsbl
  4406BC TOBYTES@F12STRINGTHEORYRspRsbl
  4406E8 TOBYTES@F12STRINGTHEORYRscRsbl
  44070C TOBYTES@F12STRINGTHEORYReRsbl
  44072C TOBYTES@F12STRINGTHEORYRdRsbl
  440764 TOBYTES@F12STRINGTHEORYRfRsbl
  44079C TOBYTES@F12STRINGTHEORYRUlRsbl
  4407D4 TOBYTES@F12STRINGTHEORYRlRsbl
  44080C TOBYTES@F12STRINGTHEORYRUsRsbl
  440840 TOBYTES@F12STRINGTHEORYRsRsbl
  440874 TOBYTES@F12STRINGTHEORYRUcRsbl
  4408A4 STRCPY@F12STRINGTHEORYRsbRsbl
  440950 WRAPTEXT@F12STRINGTHEORYlll
  440FAC FROMHEX@F12STRINGTHEORY
  4410D4 TOHEX@F12STRINGTHEORYl
  441204 HEXTOSTRING@F12STRINGTHEORYsb
  441378 STRINGTOHEX@F12STRINGTHEORYsbll
  4414B8 LONGTOHEX@F12STRINGTHEORYl
  441568 HEXTOBYTE@F12STRINGTHEORYsb
  4415E0 BYTETOHEX@F12STRINGTHEORYUc
  441640 BASETODEC@F12STRINGTHEORYsbl
  44170C DECTOBASE@F12STRINGTHEORYlll
  441838 NORMALIZE@F12STRINGTHEORYll
  441A68 UTF16TOUTF8CHAR@F12STRINGTHEORYsbRl
  441C9C DECODEHEXINLINE@F12STRINGTHEORYsblUl
  441E88 DECODEHEXINLINE@F12STRINGTHEORYUl
  441EDC TOUNICODE@F12STRINGTHEORYlUl
  442098 TOANSI@F12STRINGTHEORYlUll
  44228C TOANSI@F12STRINGTHEORYlUl
  4424E4 APIANSITOUTF8@F12STRINGTHEORYRsbRl
  442518 APIUTF8TOANSI@F12STRINGTHEORYRsbRl
  44254C ANSITOUTF8@F12STRINGTHEORYRsbRlUl
  442634 UTF8TOANSI@F12STRINGTHEORYRsbRlUl
  4426FC UTF16TO8@F12STRINGTHEORYRsbRll
  442874 UTF8TO16@F12STRINGTHEORYRsbRl
  4429AC UTF16TOANSI@F12STRINGTHEORYRsbRllUl
  442B28 ANSITOUTF16@F12STRINGTHEORYRsbRlUl
  442C74 FROMBLOB@F12STRINGTHEORYBb
  442D6C TOBLOB@F12STRINGTHEORYBb
  442E4C AFTER@F12STRINGTHEORYsblll
  442F10 FINDBETWEEN@F12STRINGTHEORYsbsbRlRlll
  4430E8 BETWEEN@F12STRINGTHEORYsbsbllll
  44316C BEFORE@F12STRINGTHEORYsblll
  4431F0 ADDBOM@F12STRINGTHEORYl
  443360 SETENCODINGFROMBOM@F12STRINGTHEORYl
  44349C SAVEFILEA@F12STRINGTHEORYsbsbl
  443500 SAVEFILE@F12STRINGTHEORYRsbsbll
  443754 SAVEFILE@F12STRINGTHEORYsbl
  443800 LOADFILE@F12STRINGTHEORYsblll
  443B54 URLPARAMETER@F12STRINGTHEORYsbOsb
  443E70 URLPARAMETERSONLY@F12STRINGTHEORYOsb
  443F90 URLFILEONLY@F12STRINGTHEORYOsb
  44416C URLPATHONLY@F12STRINGTHEORYOsbl
  444374 URLPORTONLY@F12STRINGTHEORYOsb
  444560 URLHOSTONLY@F12STRINGTHEORYOsbl
  444728 URLPROTOCOLONLY@F12STRINGTHEORYOsb
  444874 PATHONLY@F12STRINGTHEORYOsb
  4449B0 FILENAMEONLY@F12STRINGTHEORYOsbl
  444C74 LOWER@F12STRINGTHEORYOsbOsb
  444E44 UPPER@F12STRINGTHEORYOsbOsb
  445014 TRACE@F12STRINGTHEORYOsb
  445168 TRACE@F12STRINGTHEORYBq
  445268 TOCSTRING@F12STRINGTHEORY
  445328 SUB@F12STRINGTHEORYUlUl
  44549C FILTER@F12STRINGTHEORYsbsb
  4455FC SORT@F12STRINGTHEORYl
  44563C SORT@F12STRINGTHEORYlsbOsbOsbll
  445744 SPLITEVERY@F12STRINGTHEORYl
  445858 SPLIT@F12STRINGTHEORYsbOsbOsblllOsbl
  446318 SLICE@F12STRINGTHEORYUlUl
  4463F8 SETLENGTH@F12STRINGTHEORYll
  4465AC REPLACE@F12STRINGTHEORYsbsblllll
  44737C RECORDS@F12STRINGTHEORY
  447394 MAKEGUID@F12STRINGTHEORYll
  4473C4 RANDOM@F12STRINGTHEORYllOsb
  447924 PREPEND@F12STRINGTHEORYsblOsb
  447AD8 MD5@F12STRINGTHEORYl
  447B8C _MALLOC@F12STRINGTHEORYlll
  447D3C CHARS@F12STRINGTHEORYlOsb
  447EC8 LEN@F12STRINGTHEORY
  447ED0 LENGTHA@F12STRINGTHEORY
  447ED8 LENGTH@F12STRINGTHEORY
  447EE0 _JOINA@F12STRINGTHEORYsbOsbOsbl
  448504 JOIN@F12STRINGTHEORYsbOsbOsbl
  448C38 SERIALIZEGROUP@F12STRINGTHEORYRg12STRINGTHEORYOsbOsbll
  4490F8 SERIALIZEQUEUE@F12STRINGTHEORYBqOsb12STRINGTHEORYOsbOsbll
  449278 SERIALIZEGROUP@F12STRINGTHEORYRgOsbOsbOsbll
  44940C SERIALIZEQUEUE@F12STRINGTHEORYBqOsbOsbOsbOsbll
  4495B0 REMOVELINES@F12STRINGTHEORYOsb
  4496AC DELETELINE@F12STRINGTHEORYl
  449700 ADDLINE@F12STRINGTHEORYlsb
  4497E8 SETLINE@F12STRINGTHEORYlsb
  44991C INLINE@F12STRINGTHEORYsbllllll
  449B14 GETBUFFERLENGTH@F12STRINGTHEORY
  449B2C GETLINE@F12STRINGTHEORYl
  449BF0 GETVAL@F12STRINGTHEORY
  449C04 GETVALUE@F12STRINGTHEORYl
  449C60 GETVALUE@F12STRINGTHEORY
  449C9C FORMATMESSAGE@F12STRINGTHEORYl
  449CE8 EXTENSIONONLY@F12STRINGTHEORYOsb
  449E38 ERRORTRAP@F12STRINGTHEORYsbsb
  449F4C CAPITALIZE@F12STRINGTHEORYlllOsb
  44A174 COUNT@F12STRINGTHEORYsbllllll
  44A29C INSTRING@F12STRINGTHEORYsblllll
  44A61C CROP@F12STRINGTHEORYUlUl
  44A648 CLIPLENGTH@F12STRINGTHEORY
  44A67C CLIPLEN@F12STRINGTHEORY
  44A688 FREELINES@F12STRINGTHEORY
  44A6D8 FREE@F12STRINGTHEORYll
  44A768 XMLDECODE@F12STRINGTHEORY
  44A838 XMLENCODE@F12STRINGTHEORYl
  44A908 JSONDECODE@F12STRINGTHEORY
  44AFB8 JSONENCODE@F12STRINGTHEORYl
  44B4D4 ENCODEDWORDENCODE@F12STRINGTHEORYOsbl
  44B6A4 ENCODEDWORDDECODE@F12STRINGTHEORY
  44BB50 QUOTEDPRINTABLEDECODE@F12STRINGTHEORY
  44BBD0 QUOTEDPRINTABLEENCODE@F12STRINGTHEORY
  44BD90 BASE64DECODE@F12STRINGTHEORYRsbRl
  44BFB0 BASE64DECODE@F12STRINGTHEORY
  44C00C BASE64ENCODE@F12STRINGTHEORYRsbRl
  44C418 BASE64ENCODE@F12STRINGTHEORYl
  44C5B4 SETVALUE@F12STRINGTHEORYRsbl
  44C6FC GETVALUEPTR@F12STRINGTHEORY
  44C740 ABBREVIATE@F12STRINGTHEORYlll
  44C874 ASSIGN@F12STRINGTHEORYsb
  44C8A8 ASSIGN@F12STRINGTHEORYRsb
  44C8B8 _SETVALUEPOINTER@F12STRINGTHEORYllll
  44C968 _GETNEXTBUFFERSIZE@F12STRINGTHEORYl
  44CA14 EQUALS@F12STRINGTHEORYsbl
  44CAD8 EQUALS@F12STRINGTHEORY12STRINGTHEORYl
  44CD24 SETVALUE@F12STRINGTHEORYsbl
  44CD54 SETVALUE@F12STRINGTHEORY12STRINGTHEORY
  44CDEC CATADDR@F12STRINGTHEORYll
  44CE5C CAT@F12STRINGTHEORYRsbl
  44CED8 CAT@F12STRINGTHEORYsbl
  44CF64 APPEND@F12STRINGTHEORY12STRINGTHEORYOsb
  44CFEC APPEND@F12STRINGTHEORYRsblOsb
  44D138 APPEND@F12STRINGTHEORYsblOsb
  44D1E8 APPENDBINARY@F12STRINGTHEORYll
  44D20C APPENDA@F12STRINGTHEORYsblOsb
  44D2BC START@F12STRINGTHEORY
  44D344 CONSTRUCT@F12STRINGTHEORY
  44D368 DESTRUCT@F12STRINGTHEORY
  44D3B4 GENERATE@F12XMLGENERATORBfsb
  44D9A4 DESTRUCT@F12XMLGENERATOR
  44D9A8 CONSTRUCT@F12XMLGENERATOR
  44E000 $DEFAULTERRORS
  44F40C $OVERRIDECHARACTERS
  44F42C $SCROLL:NAME
  44F558 $SCROLL:ALPHA
  44F620 TYPE$BROWSECLASS
  44FA08 TYPE$BROWSEEIPMANAGER
  44FCDC VMT$BROWSEEIPMANAGER
  44FD84 VMT$BROWSECLASS
  44FF58 TYPE$STANDARDBEHAVIOR
  44FF94 VMT$STANDARDBEHAVIOR
  44FFE4 TYPE$STEPLOCATORCLASS
  450034 VMT$STEPLOCATORCLASS
  450070 TYPE$STEPSTRINGCLASS
  4500C0 VMT$STEPSTRINGCLASS
  4500E0 TYPE$STEPCLASS
  4500FC VMT$STEPCLASS
  450140 TYPE$COLORMAP
  45016C TCB$COLORMAP
  45017C TYPE$EDITENTRYCLASS
  4501C4 VMT$EDITENTRYCLASS
  450364 STDERRORFILE$TYPE$RECORD
  45037C $STDERRORFILE
  4503F8 TYPE$PNQ
  450418 TYPE$DEFAULTERRORS
  450698 TYPE$HISTHANDLERCLASS
  4506E0 VMT$HISTHANDLERCLASS
  450710 TYPE$MSGBOXCLASS
  450988 VMT$MSGBOXCLASS
  450A14 TYPE$ERRORCLASS
  450C70 VMT$ERRORCLASS
  450CBC TYPE$STANDARDERRORLOGCLASS
  450CF4 VMT$STANDARDERRORLOGCLASS
  450D0C TYPE$ERRORSTATUSCLASS
  450E00 VMT$ERRORSTATUSCLASS
  450EDC TYPE$UNTHREADEDFILEOPENERMAP
  450F00 TCB$UNTHREADEDFILEOPENERMAP
  450F10 TYPE$FILESMANAGER
  450F54 VMT$FILESMANAGER
  450F60 TYPE$FILEMAPPING_T
  450F8C TYPE$FILEMAPPING_R
  450FBC TYPE$STATUSQ_T
  451024 TYPE$UNTHREADEDFILEOPENSERVER
  451080 VMT$UNTHREADEDFILEOPENSERVER
  4510A4 TYPE$THREADEDFILEOPENSERVER
  4510E4 VMT$THREADEDFILEOPENSERVER
  4512F4 TYPE$FUZZYCLASS
  45139C VMT$FUZZYCLASS
  4513D8 TYPE$POPUPITEMQUEUE
  451448 TYPE$POPUPCLASS
  4514F4 VMT$POPUPCLASS
  4515C8 TYPE$FIELDQUEUE
  4517B0 TYPE$PAGEMANAGERCLASS
  451868 VMT$PAGEMANAGERCLASS
  451874 TYPE$ZOOMITEMQUEUE
  4518AC $ZOOMPRESETS
  4519A0 TYPE$PRINTPREVIEWCLASS
  452008 VMT$PRINTPREVIEWCLASS
  4520F4 TYPE$WINDOWRESIZECLASS
  452334 TYPE$REPORTATTRIBUTEMANAGER
  452350 VMT$REPORTATTRIBUTEMANAGER
  4523F8 TYPE$REPORTTARGETSELECTORCLASS
  452484 VMT$REPORTTARGETSELECTORCLASS
  452518 TYPE$TOOLBARTARGETQUEUE
  452534 TYPE$TOOLBARCLASS
  45254C VMT$TOOLBARCLASS
  4525F8 TYPE$CONSTDESCRIPTORLIST
  452620 TYPE$CONSTANTCLASS
  4526C0 VMT$CONSTANTCLASS
  4526CC TYPE$INICLASS
  452714 VMT$INICLASS
  4527A0 TYPE$BUFFEREDPAIRSCLASS
  4527C4 VMT$BUFFEREDPAIRSCLASS
  4527FC TYPE$FIELDPAIRSCLASS
  452814 VMT$FIELDPAIRSCLASS
  452848 TYPE$FILELIST
  45286C TYPE$HISTORYLIST
  4528A4 TYPE$BUTTONLIST
  4528C8 TYPE$COMPONENTLIST
  4529E0 WMFINFILE$TYPE$WMFF@:RECORD
  452A00 TYPE$QUEUEDC
  452A64 TYPE$QUEUEHOLES
  452A78 TYPE$QUEUEBRUSH
  452AA4 TYPE$QUEUEPENS
  452AD0 TYPE$QUEUEFONTS
  452B18 TYPE$QUEUEOBJECTS
  452B34 TYPE$WMFDOCUMENTPARSER
  452B98 VMT$WMFDOCUMENTPARSER
  452BA4 TYPE$WMFPARSER
  4536BC VMT$WMFPARSER
  4536C8 TYPE$POINTQUEUE
  4536E4 TYPE$SLICEFORMATQUEUE
  45378C TYPE$TEXTFORMATQUEUE
  453844 TYPE$CRITICALSECTION
  45385C VMT$CRITICALSECTION
  453868 TYPE$CRITICALPROCEDURE
  453880 VMT$CRITICALPROCEDURE
  4612A4 TYPE$HIDE:RELATE:LINKEMPLOYEEQUALIFICATION
  461348 VMT$HIDE:RELATE:LINKEMPLOYEEQUALIFICATION
  461384 TYPE$HIDE:ACCESS:LINKEMPLOYEEQUALIFICATION
  461594 VMT$HIDE:ACCESS:LINKEMPLOYEEQUALIFICATION
  461684 TYPE$HIDE:RELATE:LINKBENEFITSEMPLOYEE
  461728 VMT$HIDE:RELATE:LINKBENEFITSEMPLOYEE
  461764 TYPE$HIDE:ACCESS:LINKBENEFITSEMPLOYEE
  461974 VMT$HIDE:ACCESS:LINKBENEFITSEMPLOYEE
  461A64 TYPE$HIDE:RELATE:SCHOOLS
  461B08 VMT$HIDE:RELATE:SCHOOLS
  461B44 TYPE$HIDE:ACCESS:SCHOOLS
  461D54 VMT$HIDE:ACCESS:SCHOOLS
  461E44 TYPE$HIDE:RELATE:QUALIFICATION
  461EE8 VMT$HIDE:RELATE:QUALIFICATION
  461F24 TYPE$HIDE:ACCESS:QUALIFICATION
  462134 VMT$HIDE:ACCESS:QUALIFICATION
  462224 TYPE$HIDE:RELATE:BENEFITS
  4622C8 VMT$HIDE:RELATE:BENEFITS
  462304 TYPE$HIDE:ACCESS:BENEFITS
  462514 VMT$HIDE:ACCESS:BENEFITS
  462604 TYPE$HIDE:RELATE:SALARY
  4626A8 VMT$HIDE:RELATE:SALARY
  4626E4 TYPE$HIDE:ACCESS:SALARY
  4628F4 VMT$HIDE:ACCESS:SALARY
  4629E4 TYPE$HIDE:RELATE:PHONES
  462A88 VMT$HIDE:RELATE:PHONES
  462AC4 TYPE$HIDE:ACCESS:PHONES
  462CD4 VMT$HIDE:ACCESS:PHONES
  462DC4 TYPE$HIDE:RELATE:EMPLOYEES
  462E68 VMT$HIDE:RELATE:EMPLOYEES
  462EA4 TYPE$HIDE:ACCESS:EMPLOYEES
  4630B4 VMT$HIDE:ACCESS:EMPLOYEES
  46337C TYPE$DICTIONARY
  46338C VMT$DICTIONARY
  463398 LINKEMPLOYEEQUALIFICATION$TYPE$LIN2:RECORD
  4633F0 LINKBENEFITSEMPLOYEE$TYPE$LIN:RECORD
  463440 SCHOOLS$TYPE$SCH:RECORD
  463498 QUALIFICATION$TYPE$QUA:RECORD
  463500 BENEFITS$TYPE$BEN:RECORD
  463560 SALARY$TYPE$SAL:RECORD
  4635B8 PHONES$TYPE$PHO:RECORD
  463614 EMPLOYEES$TYPE$EMP:RECORD
  464B98 TYPE$STRINGTHEORY
  464CAC VMT$STRINGTHEORY
  465118 $STR
  465214 TYPE$XMLGENERATOR
  465224 VMT$XMLGENERATOR
  465544 VMTP$DICTIONARY
  46579C VMTP$HIDE:RELATE:LINKEMPLOYEEQUALIFICATION
  4657A4 VMTP$HIDE:ACCESS:LINKEMPLOYEEQUALIFICATION
  4657AC VMTP$HIDE:RELATE:LINKBENEFITSEMPLOYEE
  4657B4 VMTP$HIDE:ACCESS:LINKBENEFITSEMPLOYEE
  4657BC VMTP$HIDE:RELATE:SCHOOLS
  4657C4 VMTP$HIDE:ACCESS:SCHOOLS
  4657CC VMTP$HIDE:RELATE:QUALIFICATION
  4657D4 VMTP$HIDE:ACCESS:QUALIFICATION
  4657DC VMTP$HIDE:RELATE:BENEFITS
  4657E4 VMTP$HIDE:ACCESS:BENEFITS
  4657EC VMTP$HIDE:RELATE:SALARY
  4657F4 VMTP$HIDE:ACCESS:SALARY
  4657FC VMTP$HIDE:RELATE:PHONES
  465804 VMTP$HIDE:ACCESS:PHONES
  46580C VMTP$HIDE:RELATE:EMPLOYEES
  465814 VMTP$HIDE:ACCESS:EMPLOYEES
  46581C VMTP$FILESMANAGER
  465824 VMTP$UNTHREADEDFILEOPENSERVER
  46582C VMTP$THREADEDFILEOPENSERVER
  465834 VMTP$CONSTANTCLASS
  46583C VMTP$INICLASS
  465844 VMTP$BUFFEREDPAIRSCLASS
  46584C VMTP$FIELDPAIRSCLASS
  465854 VMTP$POPUPCLASS
  46585C VMTP$TOOLBARCLASS
  465864 VMTP$EDITENTRYCLASS
  46586C VMTP$BROWSEEIPMANAGER
  465874 VMTP$BROWSECLASS
  46587C VMTP$STANDARDBEHAVIOR
  465884 VMTP$STEPLOCATORCLASS
  46588C VMTP$STEPSTRINGCLASS
  465894 VMTP$STEPCLASS
  46589C VMTP$HISTHANDLERCLASS
  4658A4 VMTP$MSGBOXCLASS
  4658AC VMTP$ERRORCLASS
  4658B4 VMTP$STANDARDERRORLOGCLASS
  4658BC VMTP$ERRORSTATUSCLASS
  4658C4 VMTP$FUZZYCLASS
  4658CC VMTP$STRINGTHEORY
  4658D4 VMTP$CRITICALSECTION
  4658DC VMTP$CRITICALPROCEDURE
  4658E4 VMTP$XMLGENERATOR
  4658EC VMTP$WMFDOCUMENTPARSER
  4658F4 VMTP$WMFPARSER
  4658FC VMTP$REPORTATTRIBUTEMANAGER
  465904 VMTP$REPORTTARGETSELECTORCLASS
  46590C VMTP$PAGEMANAGERCLASS
  465914 VMTP$PRINTPREVIEWCLASS
  465920 $FUZZYMATCHER
  466F44 $COLORMAP
  466F7C $MULTIWINDOW
  466F80 $TXTWINDOW
  466F84 $WINDOW
  466F88 STDERRORFILE$RECORD
  467388 $UNTHREADEDFILEOPENERMAP
  467390 $CREATEOPENERCRIT
  4674A0 $GLO:XML
  4674A4 $GLO:CS
  4674AC $GLO:RECENTBROWSER
  4674E0 $GLOBALERRORS
  467514 $INIMGR
  46762C stNormalizeString
  467630 $HNORMALIZ
  467634 stInflateEnd
  467638 stInflate
  46763C stInflateInit2_
  467640 stDeflateEnd
  467644 stDeflate
  467648 stDeflateInit2_
  46764C $HZLIB
  467650 $SEEDED
  467654 $RECORDVALUE
  467658 $TABLERECORD
  468008 $GLO:STR
  468104 LINKEMPLOYEEQUALIFICATION$LIN2:GUIDKEY
  468128 LINKEMPLOYEEQUALIFICATION$LIN2:EMPLOYEEGUIDKEY
  46814C LINKEMPLOYEEQUALIFICATION$LIN2:QUALIFICATIONGUIDKEY
  468170 KEYS$LINKEMPLOYEEQUALIFICATION
  46817C $LINKEMPLOYEEQUALIFICATION
  4681D0 LINKBENEFITSEMPLOYEE$LIN:GUIDKEY
  4681F4 LINKBENEFITSEMPLOYEE$LIN:BENEFITSGUIDKEY
  468218 LINKBENEFITSEMPLOYEE$LIN:EMPLOYEEGUIDKEY
  46823C KEYS$LINKBENEFITSEMPLOYEE
  468248 $LINKBENEFITSEMPLOYEE
  46829C SCHOOLS$SCH:QUALIFICATIONGUIDKEY
  4682C0 SCHOOLS$SCH:GUIDKEY
  4682E4 KEYS$SCHOOLS
  4682EC $SCHOOLS
  468340 QUALIFICATION$QUA:EMPLOYEEGUIDKEY
  468364 QUALIFICATION$QUA:SCHOOLGUIDKEY
  468388 QUALIFICATION$QUA:GUIDKEY
  4683AC KEYS$QUALIFICATION
  4683B8 $QUALIFICATION
  46840C BENEFITS$BEN:EMPLOYEEGUIDKEY
  468430 BENEFITS$BEN:GUIDKEY
  468454 KEYS$BENEFITS
  46845C $BENEFITS
  4684B0 SALARY$SAL:EMPLOYEEGUIDKEY
  4684D4 SALARY$SAL:GUIDKEY
  4684F8 KEYS$SALARY
  468500 $SALARY
  468554 PHONES$PHO:EMPLOYEEGUIDKEY
  468578 PHONES$PHO:GUIDKEY
  46859C KEYS$PHONES
  4685A4 $PHONES
  4685F8 EMPLOYEES$EMP:PHONEGUIDKEY
  46861C EMPLOYEES$EMP:BENEFITSGUIDKEY
  468640 EMPLOYEES$EMP:SALARYGUIDKEY
  468664 EMPLOYEES$EMP:QUALIFICATIONGUIDKEY
  468688 EMPLOYEES$EMP:GUIDKEY
  4686AC KEYS$EMPLOYEES
  4686C0 $EMPLOYEES
  468AF4 $EPOC
  468B4C $WMFINFILE
  468C50 $GLOBALERRORSTATUS
  469F74 $GLOBALREQUEST
  469F78 $GLOBALRESPONSE
  469F7C $VCRREQUEST
  469F80 $DICTIONARY
  469F84 LINKEMPLOYEEQUALIFICATION$LIN2:RECORD
  469FB4 LINKBENEFITSEMPLOYEE$LIN:RECORD
  469FE4 SCHOOLS$SCH:RECORD
  46A168 QUALIFICATION$QUA:RECORD
  46A200 BENEFITS$BEN:RECORD
  46A334 SALARY$SAL:RECORD
  46A370 PHONES$PHO:RECORD
  46A3B8 EMPLOYEES$EMP:RECORD
  46A588 $RELATE:LINKEMPLOYEEQUALIFICATION
  46A58C $ACCESS:LINKEMPLOYEEQUALIFICATION
  46A590 $RELATE:LINKBENEFITSEMPLOYEE
  46A594 $ACCESS:LINKBENEFITSEMPLOYEE
  46A598 $RELATE:SCHOOLS
  46A59C $ACCESS:SCHOOLS
  46A5A0 $RELATE:QUALIFICATION
  46A5A4 $ACCESS:QUALIFICATION
  46A5A8 $RELATE:BENEFITS
  46A5AC $ACCESS:BENEFITS
  46A5B0 $RELATE:SALARY
  46A5B4 $ACCESS:SALARY
  46A5B8 $RELATE:PHONES
  46A5BC $ACCESS:PHONES
  46A5C0 $RELATE:EMPLOYEES
  46A5C4 $ACCESS:EMPLOYEES
  46ACAC EMPLOYEESAPP_BC0$_HIDE:RELATE:LINKEMPLOYEEQUALIFICATION
  46ACB0 EMPLOYEESAPP_BC0$_HIDE:ACCESS:LINKEMPLOYEEQUALIFICATION
  46ACB4 EMPLOYEESAPP_BC0$_HIDE:RELATE:LINKBENEFITSEMPLOYEE
  46ACB8 EMPLOYEESAPP_BC0$_HIDE:ACCESS:LINKBENEFITSEMPLOYEE
  46ACBC EMPLOYEESAPP_BC0$_HIDE:RELATE:SCHOOLS
  46ACC0 EMPLOYEESAPP_BC0$_HIDE:ACCESS:SCHOOLS
  46ACC4 EMPLOYEESAPP_BC0$_HIDE:RELATE:QUALIFICATION
  46ACC8 EMPLOYEESAPP_BC0$_HIDE:ACCESS:QUALIFICATION
  46ACCC EMPLOYEESAPP_BC0$_HIDE:RELATE:BENEFITS
  46ACD0 EMPLOYEESAPP_BC0$_HIDE:ACCESS:BENEFITS
  46ACD4 EMPLOYEESAPP_BC0$_HIDE:RELATE:SALARY
  46ACD8 EMPLOYEESAPP_BC0$_HIDE:ACCESS:SALARY
  46ACDC EMPLOYEESAPP_BC0$_HIDE:RELATE:PHONES
  46ACE0 EMPLOYEESAPP_BC0$_HIDE:ACCESS:PHONES
  46ACE4 EMPLOYEESAPP_BC0$_HIDE:RELATE:EMPLOYEES
  46ACE8 EMPLOYEESAPP_BC0$_HIDE:ACCESS:EMPLOYEES
  46ACEC $FILESMANAGER
  46AD04 $SZDBTEXTLOG
  46B5F8 WMFINFILE$WMFF@:RECORD
  47D000 __import_section_start
  47EFFC __import_section_end

Imports
ClaASC.dll:ASCII 47D094
ClaDOS.dll:DOS 47D0A4
ClaRUN.dll:Cla$ACCEPTED 47D4CC,401000
ClaRUN.dll:Cla$ADDqueue 47D4D0
ClaRUN.dll:Cla$ADDqueuekey 47D4D4,401008
ClaRUN.dll:Cla$ADDqueueptr 47D4D8
ClaRUN.dll:Cla$AddressUfo 47D4DC
ClaRUN.dll:Cla$AssignLong2RefUfo 47D4E0
ClaRUN.dll:Cla$AssignReal2RefUfo 47D4E4
ClaRUN.dll:Cla$AssignRefUfo 47D4E8
ClaRUN.dll:Cla$BEEP 47D4EC,401010
ClaRUN.dll:Cla$BindG 47D4F0
ClaRUN.dll:Cla$BLOB_GET_PROPERTY 47D4F4
ClaRUN.dll:Cla$BLOB_SET_PROPERTY 47D4F8
ClaRUN.dll:Cla$BLOB_TAKE 47D4FC
ClaRUN.dll:Cla$BLOB_YIELD 47D500
ClaRUN.dll:Cla$CHOICE 47D504,401018
ClaRUN.dll:Cla$CLEAR 47D508
ClaRUN.dll:Cla$CLEARqueue 47D50C
ClaRUN.dll:Cla$clearstr 47D510
ClaRUN.dll:Cla$ClearType 47D514
ClaRUN.dll:Cla$ClearUfo 47D518
ClaRUN.dll:Cla$CLOCK 47D51C,401020
ClaRUN.dll:Cla$CloneUfo 47D520
ClaRUN.dll:Cla$CLOSEwindow 47D524,401028
ClaRUN.dll:Cla$code 47D528
ClaRUN.dll:Cla$COMMIT 47D52C,401030
ClaRUN.dll:Cla$comparestr 47D530
ClaRUN.dll:Cla$CREATE 47D534
ClaRUN.dll:Cla$DecAdd 47D538
ClaRUN.dll:Cla$DecCompareN 47D53C
ClaRUN.dll:Cla$DecDistinct 47D540
ClaRUN.dll:Cla$DecDistinctR 47D544
ClaRUN.dll:Cla$DecDivide 47D548
ClaRUN.dll:Cla$DecMul 47D54C
ClaRUN.dll:Cla$DecSub 47D550
ClaRUN.dll:Cla$DecSubR 47D554
ClaRUN.dll:Cla$DELETEqueue 47D558,401038
ClaRUN.dll:Cla$DELETEREG 47D55C,401040
ClaRUN.dll:Cla$DESTROY 47D560,401048
ClaRUN.dll:Cla$DInt 47D564
ClaRUN.dll:Cla$DISABLE 47D568,401050
ClaRUN.dll:Cla$DISPLAY 47D56C,401058
ClaRUN.dll:Cla$DISPOSEqueue 47D570
ClaRUN.dll:Cla$DISPOSEref 47D574
ClaRUN.dll:Cla$DISPOSEvref 47D578
ClaRUN.dll:Cla$Dlongpower 47D57C
ClaRUN.dll:Cla$DPopDec 47D580
ClaRUN.dll:Cla$DPopLong 47D584
ClaRUN.dll:Cla$DPopReal 47D588
ClaRUN.dll:Cla$DPopUlong 47D58C
ClaRUN.dll:Cla$DPushConstant 47D590
ClaRUN.dll:Cla$DPushDec 47D594
ClaRUN.dll:Cla$DPushLong 47D598
ClaRUN.dll:Cla$DPushULong 47D59C
ClaRUN.dll:Cla$DRound 47D5A0
ClaRUN.dll:Cla$DStack2Stack 47D5A4
ClaRUN.dll:Cla$duplicate 47D5A8
ClaRUN.dll:Cla$ENABLE 47D5AC,401060
ClaRUN.dll:Cla$EndEventLoop 47D5B0
ClaRUN.dll:Cla$EndEventLoops 47D5B4
ClaRUN.dll:Cla$ENDPAGE 47D5B8,401068
ClaRUN.dll:Cla$ERRORCODE 47D5BC,401070
ClaRUN.dll:Cla$Evaluate 47D5C0,401078
ClaRUN.dll:Cla$EVENT 47D5C4,401080
ClaRUN.dll:Cla$FIELD 47D5C8,401088
ClaRUN.dll:Cla$FILEERRORCODE 47D5CC,401090
ClaRUN.dll:Cla$FILEERRORMSG 47D5D0,401098
ClaRUN.dll:Cla$FileExists 47D5D4,4010A0
ClaRUN.dll:Cla$FILE_ADDf 47D5D8
ClaRUN.dll:Cla$FILE_BUFFER 47D5DC,4010A8
ClaRUN.dll:Cla$FILE_BUILDf 47D5E0,4010B0
ClaRUN.dll:Cla$FILE_BYTES 47D5E4,4010B8
ClaRUN.dll:CLA$FILE_CALLBACK 47D5E8,4010C0
ClaRUN.dll:Cla$FILE_CLEAR 47D5EC
ClaRUN.dll:Cla$FILE_CLOSE 47D5F0,4010C8
ClaRUN.dll:Cla$FILE_CREATE 47D5F4
ClaRUN.dll:Cla$FILE_DELETE 47D5F8,4010D0
ClaRUN.dll:CLA$FILE_DESTROY 47D5FC
ClaRUN.dll:Cla$FILE_DUPLICATEk 47D600,4010D8
ClaRUN.dll:Cla$FILE_FLUSH 47D604,4010E0
ClaRUN.dll:CLA$FILE_FREESTATE 47D608,4010E8
ClaRUN.dll:Cla$FILE_GETfk 47D60C
ClaRUN.dll:Cla$FILE_GETfl 47D610
ClaRUN.dll:Cla$FILE_GETflu 47D614
ClaRUN.dll:Cla$FILE_GETNULLS 47D618,4010F0
ClaRUN.dll:CLA$FILE_GETSTATE 47D61C,4010F8
ClaRUN.dll:Cla$FILE_GET_PROPERTY 47D620
ClaRUN.dll:Cla$FILE_NAME 47D624,401100
ClaRUN.dll:Cla$FILE_NEXT 47D628,401108
ClaRUN.dll:Cla$FILE_NOMEMO 47D62C,401110
ClaRUN.dll:Cla$FILE_OPEN 47D630,401118
ClaRUN.dll:Cla$FILE_POSITIONf 47D634,401120
ClaRUN.dll:Cla$FILE_POSITIONk 47D638,401128
ClaRUN.dll:Cla$FILE_PREV 47D63C,401130
ClaRUN.dll:Cla$FILE_PUTf 47D640
ClaRUN.dll:Cla$FILE_RECORDSf 47D644,401138
ClaRUN.dll:Cla$FILE_REGETf 47D648,401140
ClaRUN.dll:Cla$FILE_REGETk 47D64C,401148
ClaRUN.dll:Cla$FILE_RESETf 47D650,401150
ClaRUN.dll:Cla$FILE_RESETk 47D654,401158
ClaRUN.dll:CLA$FILE_RESTORESTATE 47D658,401160
ClaRUN.dll:Cla$FILE_SEND 47D65C,401168
ClaRUN.dll:Cla$FILE_SETfl 47D660,401170
ClaRUN.dll:Cla$FILE_SETk 47D664,401178
ClaRUN.dll:Cla$FILE_SETkk 47D668,401180
ClaRUN.dll:Cla$FILE_SETNULLS 47D66C,401188
ClaRUN.dll:Cla$FILE_SET_PROPERTY 47D670
ClaRUN.dll:Cla$FILE_WATCH 47D674,401190
ClaRUN.dll:Cla$FOCUS 47D678,401198
ClaRUN.dll:Cla$FREEqueue 47D67C
ClaRUN.dll:Cla$FREEqueuea 47D680,4011A0
ClaRUN.dll:Cla$freestr 47D684
ClaRUN.dll:Cla$FreeUfo 47D688
ClaRUN.dll:Cla$freewindow 47D68C
ClaRUN.dll:Cla$GETGROUP 47D690,4011A8
ClaRUN.dll:Cla$GETINI 47D694,4011B0
ClaRUN.dll:Cla$GETPOSITION 47D698,4011B8
ClaRUN.dll:Cla$GETPOSITIONw 47D69C,4011C0
ClaRUN.dll:Cla$GetPropS 47D6A0
ClaRUN.dll:Cla$GETqueuekey 47D6A4,4011C8
ClaRUN.dll:Cla$GETqueueptr 47D6A8
ClaRUN.dll:Cla$GETREG 47D6AC,4011D0
ClaRUN.dll:Cla$Group2Ufo 47D6B0
ClaRUN.dll:Cla$HALT 47D6B4,4011D8
ClaRUN.dll:Cla$HIDE 47D6B8,4011E0
ClaRUN.dll:Cla$init 47D6BC
ClaRUN.dll:Cla$INSTANCE 47D6C0,4011E8
ClaRUN.dll:Cla$IsAlpha 47D6C4,4011F0
ClaRUN.dll:Cla$isftoupper 47D6C8,4011F8
ClaRUN.dll:Cla$ISGROUP 47D6CC,401200
ClaRUN.dll:Cla$IsUfoString 47D6D0,401208
ClaRUN.dll:Cla$IsUpper 47D6D4,401210
ClaRUN.dll:Cla$KEYCHAR 47D6D8,401218
ClaRUN.dll:Cla$KEYCODE 47D6DC,401220
ClaRUN.dll:Cla$KEY_GET_PROPERTY 47D6E0
ClaRUN.dll:Cla$LASTFIELD 47D6E4,401228
ClaRUN.dll:Cla$LOGOUT 47D6E8,401230
ClaRUN.dll:Cla$longtostr 47D6EC
ClaRUN.dll:Cla$Mem2Ufo 47D6F0
ClaRUN.dll:Cla$MessageBox 47D6F4,401238
ClaRUN.dll:Cla$modulus 47D6F8
ClaRUN.dll:Cla$MOUSEX 47D6FC,401240
ClaRUN.dll:Cla$MOUSEY 47D700,401248
ClaRUN.dll:Cla$NewMemB 47D704
ClaRUN.dll:Cla$NewMemT 47D708
ClaRUN.dll:Cla$NewMemZ 47D70C
ClaRUN.dll:Cla$NEWqueue 47D710
ClaRUN.dll:Cla$NOTIFICATION 47D714,401250
ClaRUN.dll:Cla$OPENowned 47D718,401258
ClaRUN.dll:Cla$OPENwindow 47D71C,401260
ClaRUN.dll:Cla$paopen 47D720,401268
ClaRUN.dll:Cla$PEEK 47D724
ClaRUN.dll:Cla$pmopen 47D728,401270
ClaRUN.dll:Cla$POINTERqueue 47D72C,401278
ClaRUN.dll:Cla$PopAString 47D730
ClaRUN.dll:Cla$PopBind 47D734,401280
ClaRUN.dll:Cla$PopCString 47D738
ClaRUN.dll:Cla$PopPString 47D73C
ClaRUN.dll:Cla$PopReal 47D740
ClaRUN.dll:Cla$PopString 47D744
ClaRUN.dll:Cla$PopTemp 47D748
ClaRUN.dll:Cla$POPUP 47D74C,401288
ClaRUN.dll:Cla$POST 47D750,401290
ClaRUN.dll:Cla$PRINTreport 47D754
ClaRUN.dll:Cla$propen 47D758,401298
ClaRUN.dll:Cla$PushAString 47D75C
ClaRUN.dll:Cla$PushBind 47D760,4012A0
ClaRUN.dll:Cla$PushCString 47D764
ClaRUN.dll:Cla$PushLong 47D768
ClaRUN.dll:Cla$PushPictDec 47D76C
ClaRUN.dll:Cla$PushPictLong 47D770
ClaRUN.dll:Cla$PushReal 47D774
ClaRUN.dll:Cla$PushString 47D778
ClaRUN.dll:Cla$PushTemp 47D77C
ClaRUN.dll:Cla$PushUfo 47D780
ClaRUN.dll:Cla$PUTINI 47D784,4012A8
ClaRUN.dll:Cla$PUTqueue 47D788
ClaRUN.dll:Cla$PUTqueuekey 47D78C,4012B0
ClaRUN.dll:Cla$PUTREG 47D790,4012B8
ClaRUN.dll:Cla$pwopen 47D794,4012C0
ClaRUN.dll:Cla$RANDOM 47D798,4012C8
ClaRUN.dll:Cla$realdistinct 47D79C
ClaRUN.dll:Cla$RECORDSqueue 47D7A0,4012D0
ClaRUN.dll:Cla$RefAssignAny 47D7A4
ClaRUN.dll:Cla$REGISTEREVENT 47D7A8,4012D8
ClaRUN.dll:Cla$REGULAR 47D7AC,4012E0
ClaRUN.dll:Cla$RemoveFile 47D7B0,4012E8
ClaRUN.dll:Cla$ROLLBACK 47D7B4,4012F0
ClaRUN.dll:Cla$rterr 47D7B8,4012F8
ClaRUN.dll:Cla$RUN 47D7BC,401300
ClaRUN.dll:Cla$SELECT 47D7C0,401308
ClaRUN.dll:Cla$SETCURSOR 47D7C4,401310
ClaRUN.dll:Cla$SETKEYCODE 47D7C8,401318
ClaRUN.dll:Cla$SETLAYOUT 47D7CC,401320
ClaRUN.dll:Cla$SETPOSITION 47D7D0,401328
ClaRUN.dll:Cla$SETPOSITIONw 47D7D4,401330
ClaRUN.dll:Cla$SetPropF 47D7D8
ClaRUN.dll:Cla$SetPropQ 47D7DC
ClaRUN.dll:Cla$SetPropS 47D7E0
ClaRUN.dll:Cla$SetPropV 47D7E4
ClaRUN.dll:Cla$SETTARGET 47D7E8,401338
ClaRUN.dll:Cla$SORTqueuefkey 47D7EC
ClaRUN.dll:Cla$SORTqueuekey 47D7F0,401340
ClaRUN.dll:Cla$Stack2DStack 47D7F4
ClaRUN.dll:Cla$Stack2Ufo 47D7F8
ClaRUN.dll:Cla$StackALL 47D7FC,401348
ClaRUN.dll:Cla$StackCLIP 47D800,401350
ClaRUN.dll:Cla$StackCompare 47D804
ClaRUN.dll:Cla$StackCompareN 47D808
ClaRUN.dll:Cla$StackCompareNEQ 47D80C
ClaRUN.dll:Cla$StackCompareR 47D810
ClaRUN.dll:Cla$StackConcat 47D814
ClaRUN.dll:Cla$StackConcatR 47D818
ClaRUN.dll:Cla$StackDEFORMAT2 47D81C
ClaRUN.dll:Cla$StackErrstr 47D820,401358
ClaRUN.dll:Cla$StackFORMAT2 47D824
ClaRUN.dll:Cla$StackHeap 47D828
ClaRUN.dll:Cla$StackINSTRING 47D82C,401360
ClaRUN.dll:Cla$StackLEFT 47D830,401368
ClaRUN.dll:Cla$StackLen 47D834,401370
ClaRUN.dll:Cla$StackLOWER 47D838,401378
ClaRUN.dll:Cla$StackNUMERIC 47D83C,401380
ClaRUN.dll:Cla$STACKpop 47D840
ClaRUN.dll:Cla$StackRIGHT 47D844,401388
ClaRUN.dll:Cla$StackRotate 47D848
ClaRUN.dll:Cla$StackSUB 47D84C,401390
ClaRUN.dll:Cla$StackUPPER 47D850,401398
ClaRUN.dll:Cla$StackVAL 47D854
ClaRUN.dll:Cla$START 47D858,4013A0
ClaRUN.dll:Cla$START2 47D85C,4013A8
ClaRUN.dll:Cla$StartEventLoop 47D860
ClaRUN.dll:Cla$STATUSfile 47D864,4013B0
ClaRUN.dll:Cla$storecstr 47D868
ClaRUN.dll:Cla$storestr 47D86C
ClaRUN.dll:Cla$String2Ref 47D870
ClaRUN.dll:Cla$THREAD 47D874,4013B8
ClaRUN.dll:Cla$THREAD_FILE 47D878
ClaRUN.dll:Cla$TODAY 47D87C,4013C0
ClaRUN.dll:Cla$Ufo2Real 47D880
ClaRUN.dll:Cla$UfoCompareN 47D884
ClaRUN.dll:Cla$Ufodistinct 47D888
ClaRUN.dll:Cla$UNHIDE 47D88C,4013C8
ClaRUN.dll:Cla$UNREGISTEREVENT 47D890,4013D0
ClaRUN.dll:Cla$UPDATE 47D894,4013D8
ClaRUN.dll:Cla$VIEW_RESETvf 47D898,4013E0
ClaRUN.dll:Cla$VIEW_SETvl 47D89C,4013E8
ClaRUN.dll:Cla$WHAT 47D8A0,4013F0
ClaRUN.dll:Cla$WHATqueue 47D8A4,4013F8
ClaRUN.dll:Cla$WHO 47D8A8,401400
ClaRUN.dll:Cla$WHOqueue 47D8AC,401408
ClaRUN.dll:Cla$YIELD 47D8B0,401410
ClaRUN.dll:NewCriticalSection 47D8B4,401418
ClaRUN.dll:THR$GetInstance 47D8B8,401420
ClaRUN.dll:VIEWDRIVER 47D8BC
ClaRUN.dll:_exit 47D8C0,401428
ClaRUN.dll:_fnsplit 47D8C4,401430
ClaRUN.dll:_free 47D8C8
ClaRUN.dll:_malloc 47D8CC
ClaRUN.dll:_memchr 47D8D0,401438
ClaRUN.dll:_memcmp 47D8D4,401440
ClaRUN.dll:_memcpy 47D8D8,401448
ClaRUN.dll:_srand 47D8DC,401450
ClaRUN.dll:__sysinit 47D8E0,401458
ClaRUN.dll:__sysstart 47D8E4,401460
ClaTPS.dll:TOPSPEED 47D8F4
KERNEL32.dll:CloseHandle 47D93C,401468
KERNEL32.dll:CreateFileA 47D940,401470
KERNEL32.dll:FormatMessageA 47D944,401478
KERNEL32.dll:GetCurrentProcessId 47D948,401480
KERNEL32.dll:GetFileSize 47D94C,401488
KERNEL32.dll:GetLastError 47D950,401490
KERNEL32.dll:GetProcAddress 47D954,401498
KERNEL32.dll:LoadLibraryA 47D958,4014A0
KERNEL32.dll:MulDiv 47D95C,4014A8
KERNEL32.dll:MultiByteToWideChar 47D960,4014B0
KERNEL32.dll:OutputDebugStringA 47D964,4014B8
KERNEL32.dll:ReadFile 47D968,4014C0
KERNEL32.dll:SetFilePointer 47D96C,4014C8
KERNEL32.dll:WideCharToMultiByte 47D970,4014D0
KERNEL32.dll:WriteFile 47D974,4014D8
USER32.dll:GetSysColor 47D988,4014E0
USER32.dll:GetSystemMetrics 47D98C,4014E8



Entry Point:   435708